BL51 BANKED LINKER/LOCATER V6.22                                                        01/20/2020  19:14:49  PAGE 1


BL51 BANKED LINKER/LOCATER V6.22, INVOKED BY:
C:\KEIL\C51\BIN\BL51.EXE spin_userstart.obj, spin_exinterupt.obj, spin_gpio.obj, spin_interupt.obj, spin_pwrmgr.obj, spi
>> n_timer.obj, spin_uart.obj, spin_watchdog.obj, xprintf.obj, clock.obj, rtimer-arch.obj, etimer.obj, process.obj, time
>> r.obj, stimer.obj, ctimer.obj, rtimer.obj, list.obj, contiki-main.obj, spin_1602.obj TO stc89c52 RAMSIZE (256) CODE (
>> 0X0000-0XF3FF) XDATA (0X0000-0X03FF)




PROGRAM RECURSIONS REMOVED FROM CALL TREE
=========================================
+--> ?PR?_EXIT_PROCESS?PROCESS
<--+ ?PR?_CALL_PROCESS?PROCESS



MEMORY MODEL: LARGE


INPUT MODULES INCLUDED:
  spin_userstart.obj (SPIN_USERSTART)
  spin_exinterupt.obj (SPIN_EXINTERUPT)
  spin_gpio.obj (SPIN_GPIO)
  spin_interupt.obj (SPIN_INTERUPT)
  spin_pwrmgr.obj (SPIN_PWRMGR)
  spin_timer.obj (SPIN_TIMER)
  spin_uart.obj (SPIN_UART)
  spin_watchdog.obj (SPIN_WATCHDOG)
  xprintf.obj (XPRINTF)
  clock.obj (CLOCK)
  rtimer-arch.obj (RTIMER_ARCH)
  etimer.obj (ETIMER)
  process.obj (PROCESS)
  timer.obj (TIMER)
  stimer.obj (STIMER)
  ctimer.obj (CTIMER)
  rtimer.obj (RTIMER)
  list.obj (LIST)
  contiki-main.obj (CONTIKI_MAIN)
  spin_1602.obj (SPIN_1602)
  C:\KEIL\C51\LIB\C51L.LIB (?C_STARTUP)
  C:\KEIL\C51\LIB\C51L.LIB (?C?CLDPTR)
  C:\KEIL\C51\LIB\C51L.LIB (?C?CLDOPTR)
  C:\KEIL\C51\LIB\C51L.LIB (?C?CSTPTR)
  C:\KEIL\C51\LIB\C51L.LIB (?C?CSTOPTR)
  C:\KEIL\C51\LIB\C51L.LIB (?C?IMUL)
  C:\KEIL\C51\LIB\C51L.LIB (?C?UIDIV)
  C:\KEIL\C51\LIB\C51L.LIB (?C?ILDIX)
  C:\KEIL\C51\LIB\C51L.LIB (?C?ILDPTR)
  C:\KEIL\C51\LIB\C51L.LIB (?C?IILDOPTR)
  C:\KEIL\C51\LIB\C51L.LIB (?C?ISTPTR)
  C:\KEIL\C51\LIB\C51L.LIB (?C?ISTOPTR)
  C:\KEIL\C51\LIB\C51L.LIB (?C?LMUL)
  C:\KEIL\C51\LIB\C51L.LIB (?C?LNEG)
  C:\KEIL\C51\LIB\C51L.LIB (?C?ULCMP)
  C:\KEIL\C51\LIB\C51L.LIB (?C?LLDPTR)
  C:\KEIL\C51\LIB\C51L.LIB (?C?LLDOPTR)
  C:\KEIL\C51\LIB\C51L.LIB (?C?LSTPTR)
BL51 BANKED LINKER/LOCATER V6.22                                                      01/20/2020  19:14:49  PAGE 2


  C:\KEIL\C51\LIB\C51L.LIB (?C?LSTOPTR)
  C:\KEIL\C51\LIB\C51L.LIB (?C?LLDPTR0)
  C:\KEIL\C51\LIB\C51L.LIB (?C?LLDOPTR0)
  C:\KEIL\C51\LIB\C51L.LIB (?C?LSTXDATA)
  C:\KEIL\C51\LIB\C51L.LIB (?C?LSTKXDATA)
  C:\KEIL\C51\LIB\C51L.LIB (?C?LSTKPTR)
  C:\KEIL\C51\LIB\C51L.LIB (?C?PLDPTR)
  C:\KEIL\C51\LIB\C51L.LIB (?C?PILDPTR)
  C:\KEIL\C51\LIB\C51L.LIB (?C?PSTPTR)
  C:\KEIL\C51\LIB\C51L.LIB (?C?PLDOPTR)
  C:\KEIL\C51\LIB\C51L.LIB (?C?PSTOPTR)
  C:\KEIL\C51\LIB\C51L.LIB (?C?ICALL)
  C:\KEIL\C51\LIB\C51L.LIB (?C?ADDXBP)
  C:\KEIL\C51\LIB\C51L.LIB (?C_INIT)
  C:\KEIL\C51\LIB\C51L.LIB (?C?IILDX)
  C:\KEIL\C51\LIB\C51L.LIB (?C?LLDIDATA)
  C:\KEIL\C51\LIB\C51L.LIB (?C?LLDXDATA)
  C:\KEIL\C51\LIB\C51L.LIB (?C?LLDPDATA)
  C:\KEIL\C51\LIB\C51L.LIB (?C?LLDCODE)
  C:\KEIL\C51\LIB\C51L.LIB (?C?LLDIDATA0)
  C:\KEIL\C51\LIB\C51L.LIB (?C?LLDXDATA0)
  C:\KEIL\C51\LIB\C51L.LIB (?C?LLDPDATA0)
  C:\KEIL\C51\LIB\C51L.LIB (?C?LLDCODE0)
  C:\KEIL\C51\LIB\C51L.LIB (?C?LSTIDATA)
  C:\KEIL\C51\LIB\C51L.LIB (?C?LSTPDATA)
  C:\KEIL\C51\LIB\C51L.LIB (?C?LSTKIDATA)
  C:\KEIL\C51\LIB\C51L.LIB (?C?LSTKPDATA)
  C:\KEIL\C51\LIB\C51L.LIB (?C?PLDIDATA)
  C:\KEIL\C51\LIB\C51L.LIB (?C?PILDIDATA)
  C:\KEIL\C51\LIB\C51L.LIB (?C?PSTIDATA)
  C:\KEIL\C51\LIB\C51L.LIB (?C?PLDXDATA)
  C:\KEIL\C51\LIB\C51L.LIB (?C?PILDXDATA)
  C:\KEIL\C51\LIB\C51L.LIB (?C?PSTXDATA)
  C:\KEIL\C51\LIB\C51L.LIB (?C?PLDPDATA)
  C:\KEIL\C51\LIB\C51L.LIB (?C?PILDPDATA)
  C:\KEIL\C51\LIB\C51L.LIB (?C?PSTPDATA)
  C:\KEIL\C51\LIB\C51L.LIB (?C?PLDCODE)
  C:\KEIL\C51\LIB\C51L.LIB (?C_XBP)


LINK MAP OF MODULE:  stc89c52 (SPIN_USERSTART)


            TYPE    BASE      LENGTH    RELOCATION   SEGMENT NAME
            -----------------------------------------------------

            * * * * * * *   D A T A   M E M O R Y   * * * * * * *
            REG     0000H     0008H     ABSOLUTE     "REG BANK 0"
            DATA    0008H     0002H     UNIT         ?C?LIB_DATA
            IDATA   000AH     0010H     UNIT         ?ID?SPIN_UART
            IDATA   001AH     0003H     UNIT         _IDATA_GROUP_
                    001DH     0003H                  *** GAP ***
            BIT     0020H.0   0001H.0   UNIT         ?BI?SPIN_INTERUPT
            IDATA   0021H     0001H     UNIT         ?STACK

            * * * * * * *  X D A T A   M E M O R Y  * * * * * * *
            XDATA   0000H     00EAH     UNIT         ?XD?PROCESS
BL51 BANKED LINKER/LOCATER V6.22                                                      01/20/2020  19:14:49  PAGE 3


            XDATA   00EAH     0030H     UNIT         ?XD?CONTIKI_MAIN
            XDATA   011AH     002BH     UNIT         ?XD?SPIN_1602
            XDATA   0145H     0029H     UNIT         _XDATA_GROUP_
            XDATA   016EH     0013H     UNIT         ?XD?_CTIMER_SET_WITH_PROCESS?CTIMER
            XDATA   0181H     0011H     UNIT         ?XD?ETIMER
            XDATA   0192H     0011H     UNIT         ?XD?CTIMER
            XDATA   01A3H     0010H     UNIT         ?XD?SPIN_INTERUPT
            XDATA   01B3H     000DH     UNIT         ?XD?_XATOI?XPRINTF
            XDATA   01C0H     000DH     UNIT         ?XD?_CTIMER_SET?CTIMER
            XDATA   01CDH     000DH     UNIT         ?XD?_RTIMER_SET?RTIMER
            XDATA   01DAH     000CH     UNIT         ?XD?_EXIT_PROCESS?PROCESS
            XDATA   01E6H     000AH     UNIT         ?XD?CLOCK
            XDATA   01F0H     0009H     UNIT         ?XD?_XGETS?XPRINTF
            XDATA   01F9H     0009H     UNIT         ?XD?_LIST_ADD?LIST
            XDATA   0202H     0009H     UNIT         ?XD?_LIST_CHOP?LIST
            XDATA   020BH     0009H     UNIT         ?XD?_LIST_INSERT?LIST
            XDATA   0214H     0008H     UNIT         ?XD?_CLOCK_WAIT?CLOCK
            XDATA   021CH     0007H     UNIT         ?XD?XPRINTF
            XDATA   0223H     0007H     UNIT         ?XD?_ETIMER_RESET_WITH_NEW_INTERVAL?ETIMER
            XDATA   022AH     0006H     UNIT         ?XD?_ETIMER_STOP?ETIMER
            XDATA   0230H     0006H     UNIT         ?XD?_CTIMER_RESET?CTIMER
            XDATA   0236H     0006H     UNIT         ?XD?_CTIMER_RESTART?CTIMER
            XDATA   023CH     0006H     UNIT         ?XD?_CTIMER_EXPIRED?CTIMER
            XDATA   0242H     0006H     UNIT         ?XD?_LIST_COPY?LIST
            XDATA   0248H     0006H     UNIT         ?XD?_LIST_TAIL?LIST
            XDATA   024EH     0006H     UNIT         ?XD?_LIST_PUSH?LIST
            XDATA   0254H     0006H     UNIT         ?XD?_LIST_POP?LIST
            XDATA   025AH     0004H     UNIT         ?XD?_PUT_LINE2?SPIN_1602
            XDATA   025EH     0003H     UNIT         ?XD?_XPUTS?XPRINTF
            XDATA   0261H     0003H     UNIT         ?XD?_ETIMER_RESET?ETIMER
            XDATA   0264H     0003H     UNIT         ?XD?_TIMER_RESET?TIMER
            XDATA   0267H     0003H     UNIT         ?XD?_TIMER_REMAINING?TIMER
            XDATA   026AH     0003H     UNIT         ?XD?_STIMER_SET?STIMER
            XDATA   026DH     0003H     UNIT         ?XD?_STIMER_RESET?STIMER
            XDATA   0270H     0003H     UNIT         ?XD?_STIMER_RESTART?STIMER
            XDATA   0273H     0003H     UNIT         ?XD?_STIMER_EXPIRED?STIMER
            XDATA   0276H     0003H     UNIT         ?XD?_STIMER_REMAINING?STIMER
            XDATA   0279H     0003H     UNIT         ?XD?_STIMER_ELAPSED?STIMER
            XDATA   027CH     0003H     UNIT         ?XD?_CTIMER_STOP?CTIMER
            XDATA   027FH     0003H     UNIT         ?XD?RTIMER
            XDATA   0282H     0003H     UNIT         ?XD?_LIST_ITEM_NEXT?LIST
            XDATA   0285H     0001H     UNIT         ?XD?_XPUTC?XPRINTF

            * * * * * * *   C O D E   M E M O R Y   * * * * * * *
            CODE    0000H     0003H     ABSOLUTE     
            CODE    0003H     0008H     UNIT         ?PR?_PRIMARY_VALUE?SPIN_TIMER
            CODE    000BH     0003H     ABSOLUTE     
            CODE    000EH     0005H     UNIT         ?PR?SPIN_EXINT0_STOP?SPIN_EXINTERUPT
            CODE    0013H     0003H     ABSOLUTE     
            CODE    0016H     0005H     UNIT         ?PR?SPIN_EXINT1_STOP?SPIN_EXINTERUPT
            CODE    001BH     0003H     ABSOLUTE     
            CODE    001EH     0005H     UNIT         ?PR?RTIMER_ARCH_INIT?RTIMER_ARCH
            CODE    0023H     0003H     ABSOLUTE     
            CODE    0026H     0004H     UNIT         ?PR?SPIN_GET_CY?SPIN_USERSTART
            CODE    002AH     0001H     UNIT         ?PR?DELAY2US?SPIN_TIMER
            CODE    002BH     0003H     ABSOLUTE     
            CODE    002EH     0004H     UNIT         ?PR?IDLE_MODE?SPIN_PWRMGR
BL51 BANKED LINKER/LOCATER V6.22                                                      01/20/2020  19:14:49  PAGE 4


                    0032H     0001H                  *** GAP ***
            CODE    0033H     0003H     ABSOLUTE     
            CODE    0036H     0004H     UNIT         ?PR?POWER_DOWN?SPIN_PWRMGR
                    003AH     0001H                  *** GAP ***
            CODE    003BH     0003H     ABSOLUTE     
            CODE    003EH     05E5H     UNIT         ?C?LIB_CODE
            CODE    0623H     0205H     UNIT         ?PR?_PROCESS_THREAD_ETIMER_PROCESS?ETIMER
            CODE    0828H     01E8H     UNIT         ?PR?_EXIT_PROCESS?PROCESS
            CODE    0A10H     0164H     UNIT         ?PR?_PROCESS_THREAD_CTIMER_PROCESS?CTIMER
            CODE    0B74H     015EH     UNIT         ?PR?_XATOI?XPRINTF
            CODE    0CD2H     00ECH     UNIT         ?PR?_XGETS?XPRINTF
            CODE    0DBEH     00E0H     UNIT         ?PR?INTERSVR1?CLOCK
            CODE    0E9EH     00CBH     UNIT         ?PR?_ETIMER_STOP?ETIMER
            CODE    0F69H     00C8H     UNIT         ?PR?_PROCESS_START?PROCESS
            CODE    1031H     00B7H     UNIT         ?PR?_LIST_REMOVE?LIST
            CODE    10E8H     00B6H     UNIT         ?PR?_CALL_PROCESS?PROCESS
            CODE    119EH     00B5H     UNIT         ?PR?_ADD_TIMER?ETIMER
            CODE    1253H     00AEH     UNIT         ?PR?DO_EVENT?PROCESS
            CODE    1301H     00A6H     UNIT         ?C_INITSEG
            CODE    13A7H     009FH     UNIT         ?PR?_PROCESS_THREAD_LED?CONTIKI_MAIN
            CODE    1446H     0096H     UNIT         ?PR?_CTIMER_SET_WITH_PROCESS?CTIMER
            CODE    14DCH     0093H     UNIT         ?PR?PROCESS
            CODE    156FH     008CH     UNIT         ?C_C51STARTUP
            CODE    15FBH     0089H     UNIT         ?PR?_LIST_CHOP?LIST
            CODE    1684H     0087H     UNIT         ?PR?UPDATE_TIME?ETIMER
            CODE    170BH     0085H     UNIT         ?PR?_SPIN_WATCHDOG_OVERTIME?SPIN_WATCHDOG
            CODE    1790H     0085H     UNIT         ?PR?ETIMER
            CODE    1815H     0077H     UNIT         ?PR?_PROCESS_THREAD_DOG?CONTIKI_MAIN
            CODE    188CH     0076H     UNIT         ?PR?_RTIMER_SET?RTIMER
            CODE    1902H     0072H     UNIT         ?PR?_PROCESS_THREAD_LCD?SPIN_1602
            CODE    1974H     0066H     UNIT         ?PR?_CTIMER_EXPIRED?CTIMER
            CODE    19DAH     0065H     UNIT         ?PR?CTIMER
            CODE    1A3FH     0063H     UNIT         ?PR?RTIMER_RUN_NEXT?RTIMER
            CODE    1AA2H     0063H     UNIT         ?PR?_LIST_ADD?LIST
            CODE    1B05H     005BH     UNIT         ?PR?INTERSVR4?SPIN_UART
            CODE    1B60H     0057H     UNIT         ?PR?_CTIMER_STOP?CTIMER
            CODE    1BB7H     0053H     UNIT         ?PR?DO_POLL?PROCESS
            CODE    1C0AH     004EH     UNIT         ?PR?_SPIN_TIMER_SET?SPIN_TIMER
            CODE    1C58H     004EH     UNIT         ?PR?RTIMER_ISR?RTIMER_ARCH
            CODE    1CA6H     004DH     UNIT         ?PR?_LIST_INSERT?LIST
            CODE    1CF3H     004BH     UNIT         ?PR?_TIMER_EXPIRED?TIMER
            CODE    1D3EH     0048H     UNIT         ?PR?_SPIN_SET_GPIO_BIT_VALUE?SPIN_GPIO
            CODE    1D86H     0047H     UNIT         ?PR?_PROCESS_POST?PROCESS
            CODE    1DCDH     0047H     UNIT         ?PR?MAIN?CONTIKI_MAIN
            CODE    1E14H     0046H     UNIT         ?PR?_XPUTC?XPRINTF
            CODE    1E5AH     0045H     UNIT         ?PR?_STIMER_EXPIRED?STIMER
            CODE    1E9FH     0043H     UNIT         ?PR?_SPIN_COUNTER_SET?SPIN_TIMER
            CODE    1EE2H     003EH     UNIT         ?PR?_SPIN_GET_GPIO_BIT_VALUE?SPIN_GPIO
            CODE    1F20H     003EH     UNIT         ?PR?_LIST_PUSH?LIST
            CODE    1F5EH     003CH     UNIT         ?PR?XPRINTF
            CODE    1F9AH     0038H     UNIT         ?PR?_TIMER_REMAINING?TIMER
            CODE    1FD2H     0038H     UNIT         ?PR?_LIST_TAIL?LIST
            CODE    200AH     0037H     UNIT         ?PR?HARDWARE_INIT?CONTIKI_MAIN
            CODE    2041H     0036H     UNIT         ?PR?_TIMER_RESET?TIMER
            CODE    2077H     0036H     UNIT         ?PR?_STIMER_RESET?STIMER
            CODE    20ADH     0035H     UNIT         ?PR?_LIST_POP?LIST
            CODE    20E2H     0034H     UNIT         ?PR?_SPIN_INTERUPT_OPEN?SPIN_INTERUPT
BL51 BANKED LINKER/LOCATER V6.22                                                      01/20/2020  19:14:49  PAGE 5


            CODE    2116H     0033H     UNIT         ?PR?_PROCESS_POLL?PROCESS
            CODE    2149H     0033H     UNIT         ?PR?_CTIMER_SET?CTIMER
            CODE    217CH     0032H     UNIT         ?PR?_CLOCK_WAIT?CLOCK
            CODE    21AEH     0032H     UNIT         ?PR?_CTIMER_RESET?CTIMER
            CODE    21E0H     0032H     UNIT         ?PR?_CTIMER_RESTART?CTIMER
            CODE    2212H     0032H     UNIT         ?PR?LIST
            CODE    2244H     0030H     UNIT         ?PR?_PROCESS_POST_SYNCH?PROCESS
            CODE    2274H     0030H     UNIT         ?PR?_STIMER_REMAINING?STIMER
            CODE    22A4H     002FH     UNIT         ?PR?_PUT_LINE1?SPIN_1602
            CODE    22D3H     002FH     UNIT         ?PR?_PUT_LINE2?SPIN_1602
            CODE    2302H     002EH     UNIT         ?PR?CONTIKI_MAIN
            CODE    2330H     002CH     UNIT         ?PR?STIMER
            CODE    235CH     0029H     UNIT         ?PR?CLOCK
            CODE    2385H     0029H     UNIT         ?PR?_ETIMER_RESET_WITH_NEW_INTERVAL?ETIMER
            CODE    23AEH     0027H     UNIT         ?PR?INTERSVR2?SPIN_INTERUPT
            CODE    23D5H     0027H     UNIT         ?PR?INTERSVR5?SPIN_INTERUPT
            CODE    23FCH     0027H     UNIT         ?PR?INTERSVR6?SPIN_INTERUPT
            CODE    2423H     0027H     UNIT         ?PR?INTERSVR7?SPIN_INTERUPT
            CODE    244AH     0024H     UNIT         ?PR?_XPUTS?XPRINTF
            CODE    246EH     0024H     UNIT         ?PR?PROCESS_INIT?PROCESS
            CODE    2492H     0024H     UNIT         ?PR?SPIN_1602
            CODE    24B6H     0023H     UNIT         ?PR?_SPIN_TIMER_START?SPIN_TIMER
            CODE    24D9H     0023H     UNIT         ?PR?_U_PUTC?SPIN_UART
            CODE    24FCH     0023H     UNIT         ?PR?TIMER
            CODE    251FH     0022H     UNIT         ?PR?_ETIMER_ADJUST?ETIMER
            CODE    2541H     0021H     UNIT         ?PR?_SPIN_GET_GPIO_VALUE?SPIN_GPIO
            CODE    2562H     0020H     UNIT         ?PR?_SPIN_COUNTER_TIME?SPIN_TIMER
            CODE    2582H     001FH     UNIT         ?PR?SPIN_UART_INIT?SPIN_UART
            CODE    25A1H     001EH     UNIT         ?PR?CTIMER_INIT?CTIMER
            CODE    25BFH     001DH     UNIT         ?PR?_SPIN_INTERUPT_CLOSE?SPIN_INTERUPT
            CODE    25DCH     001DH     UNIT         ?PR?U_GETC?SPIN_UART
            CODE    25F9H     001DH     UNIT         ?PR?_LIST_COPY?LIST
            CODE    2616H     001DH     UNIT         ?PR?_LIST_ITEM_NEXT?LIST
            CODE    2633H     001CH     UNIT         ?PR?_SPIN_SET_GPIO_VALUE?SPIN_GPIO
            CODE    264FH     0019H     UNIT         ?PR?_ETIMER_SET?ETIMER
            CODE    2668H     0019H     UNIT         ?PR?_ETIMER_RESET?ETIMER
            CODE    2681H     0019H     UNIT         ?PR?_ETIMER_RESTART?ETIMER
            CODE    269AH     0019H     UNIT         ?PR?_LIST_INIT?LIST
            CODE    26B3H     0018H     UNIT         ?PR?_TIMER_SET?TIMER
            CODE    26CBH     0018H     UNIT         ?PR?_STIMER_SET?STIMER
            CODE    26E3H     0017H     UNIT         ?PR?_PROCESS_EXIT?PROCESS
            CODE    26FAH     0016H     UNIT         ?PR?_STIMER_ELAPSED?STIMER
            CODE    2710H     0015H     UNIT         ?PR?XGETC?XPRINTF
            CODE    2725H     0015H     UNIT         ?PR?ETIMER_NEXT_EXPIRATION_TIME?ETIMER
            CODE    273AH     0015H     UNIT         ?PR?RTIMER
            CODE    274FH     0014H     UNIT         ?PR?_SPIN_SET_WORK_REGISTER_GROUP?SPIN_USERSTART
            CODE    2763H     0014H     UNIT         ?PR?_LIST_LENGTH?LIST
            CODE    2777H     0014H     UNIT         ?PR?_WCODE?SPIN_1602
            CODE    278BH     0014H     UNIT         ?PR?_WDATA?SPIN_1602
            CODE    279FH     0014H     UNIT         ?PR?INITLCD?SPIN_1602
            CODE    27B3H     0013H     UNIT         ?PR?_ETIMER_EXPIRED?ETIMER
            CODE    27C6H     0012H     UNIT         ?PR?_SPIN_EXINT0_START?SPIN_EXINTERUPT
            CODE    27D8H     0012H     UNIT         ?PR?_SPIN_EXINT1_START?SPIN_EXINTERUPT
            CODE    27EAH     0012H     UNIT         ?PR?_TIMER_RESTART?TIMER
            CODE    27FCH     0012H     UNIT         ?PR?_STIMER_RESTART?STIMER
            CODE    280EH     0011H     UNIT         ?PR?SPIN_INTERUPT_INIT?SPIN_INTERUPT
            CODE    281FH     0011H     UNIT         ?PR?SPIN_SYSTICK?SPIN_TIMER
BL51 BANKED LINKER/LOCATER V6.22                                                      01/20/2020  19:14:49  PAGE 6


            CODE    2830H     0011H     UNIT         ?PR?ETIMER_PENDING?ETIMER
            CODE    2841H     0011H     UNIT         ?PR?CHECKBUSY?SPIN_1602
            CODE    2852H     0010H     UNIT         ?PR?_SPIN_SET_F0?SPIN_USERSTART
            CODE    2862H     0010H     UNIT         ?PR?_SPIN_SET_RS1?SPIN_USERSTART
            CODE    2872H     0010H     UNIT         ?PR?_SPIN_SET_RS0?SPIN_USERSTART
            CODE    2882H     0010H     UNIT         ?PR?PROCESS_RUN?PROCESS
            CODE    2892H     000FH     UNIT         ?PR?_SPIN_TIMER_STOP?SPIN_TIMER
            CODE    28A1H     000FH     UNIT         ?PR?_UART_BOAUD?SPIN_TIMER
            CODE    28B0H     000FH     UNIT         ?PR?_CLOCK_DELAY_USEC?CLOCK
            CODE    28BFH     000EH     UNIT         ?PR?DELAY1S?SPIN_TIMER
            CODE    28CDH     000EH     UNIT         ?PR?_PROCESS_IS_RUNNING?PROCESS
            CODE    28DBH     000DH     UNIT         ?PR?_ETIMER_EXPIRATION_TIME?ETIMER
            CODE    28E8H     000CH     UNIT         ?PR?CLOCK_TIME?CLOCK
            CODE    28F4H     000BH     UNIT         ?PR?_SPIN_SYSTICK_SET?SPIN_TIMER
            CODE    28FFH     000AH     UNIT         ?PR?_RTIMER_ARCH_SCHEDULE?RTIMER_ARCH
            CODE    2909H     0009H     UNIT         ?PR?DELAY1MS?SPIN_TIMER
            CODE    2912H     0009H     UNIT         ?PR?SPIN_UART
            CODE    291BH     0009H     UNIT         ?PR?CLOCK_SECONDS?CLOCK
            CODE    2924H     0009H     UNIT         ?PR?ETIMER_REQUEST_POLL?ETIMER
            CODE    292DH     0008H     UNIT         ?PR?PROCESS_ALLOC_EVENT?PROCESS
            CODE    2935H     0006H     UNIT         ?PR?SPIN_GET_F0?SPIN_USERSTART
            CODE    293BH     0006H     UNIT         ?PR?SPIN_GET_RS1?SPIN_USERSTART
            CODE    2941H     0006H     UNIT         ?PR?SPIN_GET_RS0?SPIN_USERSTART
            CODE    2947H     0006H     UNIT         ?PR?SPIN_GET_OV?SPIN_USERSTART
            CODE    294DH     0004H     UNIT         ?PR?SPIN_WATCHDOG_ENABLE?SPIN_WATCHDOG
            CODE    2951H     0004H     UNIT         ?PR?SPIN_WATCHDOG_DISABLE?SPIN_WATCHDOG
            CODE    2955H     0004H     UNIT         ?PR?SPIN_WATCHDOG_IDLEWORK?SPIN_WATCHDOG
            CODE    2959H     0004H     UNIT         ?PR?SPIN_WATCHDOG_CLEAR?SPIN_WATCHDOG
            CODE    295DH     0004H     UNIT         ?PR?_ETIMER_START_TIME?ETIMER
            CODE    2961H     0004H     UNIT         ?PR?PROCESS_NEVENTS?PROCESS
            CODE    2965H     0004H     UNIT         ?PR?_LIST_HEAD?LIST
            CODE    2969H     0003H     UNIT         ?PR?_SPIN_SET_SP?SPIN_USERSTART
            CODE    296CH     0003H     UNIT         ?PR?SPIN_GET_SP?SPIN_USERSTART
            CODE    296FH     0003H     UNIT         ?PR?SPIN_INTERUPT_ENABLE?SPIN_INTERUPT
            CODE    2972H     0003H     UNIT         ?PR?SPIN_INTERUPT_DISABLE?SPIN_INTERUPT
            CODE    2975H     0003H     UNIT         ?PR?CLOCK_INIT?CLOCK
            CODE    2978H     0003H     UNIT         ?PR?RTIMER_INIT?RTIMER
            CODE    297BH     0002H     UNIT         ?PR?DELAY3US?SPIN_TIMER



OVERLAY MAP OF MODULE:   stc89c52 (SPIN_USERSTART)


SEGMENT                                            IDATA_GROUP         XDATA_GROUP
  +--> CALLED SEGMENT                            START    LENGTH     START    LENGTH
------------------------------------------------------------------------------------
?PR?INTERSVR4?SPIN_UART                          -----    -----      -----    -----
  +--> ?PR?SPIN_UART

*** NEW ROOT ***************************************************

?PR?INTERSVR1?CLOCK                              -----    -----      -----    -----
  +--> ?PR?CLOCK
  +--> ?PR?ETIMER_PENDING?ETIMER
  +--> ?PR?ETIMER_NEXT_EXPIRATION_TIME?ETIMER
  +--> ?PR?ETIMER_REQUEST_POLL?ETIMER
BL51 BANKED LINKER/LOCATER V6.22                                                      01/20/2020  19:14:49  PAGE 7



?PR?ETIMER_PENDING?ETIMER                        -----    -----      -----    -----
  +--> ?PR?ETIMER

?PR?ETIMER_NEXT_EXPIRATION_TIME?ETIMER           -----    -----      -----    -----
  +--> ?PR?ETIMER_PENDING?ETIMER
  +--> ?PR?ETIMER

?PR?ETIMER_REQUEST_POLL?ETIMER                   -----    -----      -----    -----
  +--> ?PR?_PROCESS_POLL?PROCESS

?PR?_PROCESS_POLL?PROCESS                        -----    -----      0163H    0003H
  +--> ?PR?PROCESS

*** NEW ROOT ***************************************************

?PR?RTIMER_ISR?RTIMER_ARCH                       -----    -----      -----    -----
  +--> ?PR?_SPIN_TIMER_STOP?SPIN_TIMER
  +--> ?PR?RTIMER_RUN_NEXT?RTIMER

?PR?_SPIN_TIMER_STOP?SPIN_TIMER                  -----    -----      -----    -----
  +--> ?PR?_SPIN_INTERUPT_CLOSE?SPIN_INTERUPT

?PR?RTIMER_RUN_NEXT?RTIMER                       -----    -----      0148H    0003H
  +--> ?PR?RTIMER
  +--> ?PR?_RTIMER_ARCH_SCHEDULE?RTIMER_ARCH

?PR?_RTIMER_ARCH_SCHEDULE?RTIMER_ARCH            -----    -----      -----    -----
  +--> ?PR?_SPIN_TIMER_START?SPIN_TIMER

?PR?_SPIN_TIMER_START?SPIN_TIMER                 -----    -----      014CH    0001H
  +--> ?PR?SPIN_INTERUPT_ENABLE?SPIN_INTERUPT
  +--> ?PR?_SPIN_INTERUPT_OPEN?SPIN_INTERUPT

*** NEW ROOT ***************************************************

?C_C51STARTUP                                    -----    -----      -----    -----
  +--> ?PR?MAIN?CONTIKI_MAIN
  +--> ?C_INITSEG

?PR?MAIN?CONTIKI_MAIN                            -----    -----      -----    -----
  +--> ?PR?HARDWARE_INIT?CONTIKI_MAIN
  +--> ?PR?CLOCK_INIT?CLOCK
  +--> ?PR?RTIMER_INIT?RTIMER
  +--> ?PR?CTIMER_INIT?CTIMER
  +--> ?PR?PROCESS_INIT?PROCESS
  +--> ?PR?CONTIKI_MAIN
  +--> ?PR?_PROCESS_START?PROCESS
  +--> ?PR?PROCESS_RUN?PROCESS

?PR?HARDWARE_INIT?CONTIKI_MAIN                   -----    -----      -----    -----
  +--> ?PR?_SPIN_SET_WORK_REGISTER_GROUP?SPI...
  +--> ?PR?SPIN_INTERUPT_INIT?SPIN_INTERUPT
  +--> ?PR?SPIN_INTERUPT_ENABLE?SPIN_INTERUPT
  +--> ?PR?SPIN_UART_INIT?SPIN_UART
  +--> ?PR?SPIN_WATCHDOG_ENABLE?SPIN_WATCHDOG
  +--> ?PR?_SPIN_WATCHDOG_OVERTIME?SPIN_WATC...
BL51 BANKED LINKER/LOCATER V6.22                                                      01/20/2020  19:14:49  PAGE 8


  +--> ?PR?_SPIN_EXINT0_START?SPIN_EXINTERUPT
  +--> ?PR?_SPIN_EXINT1_START?SPIN_EXINTERUPT
  +--> ?PR?U_GETC?SPIN_UART
  +--> ?PR?_U_PUTC?SPIN_UART

?PR?_SPIN_SET_WORK_REGISTER_GROUP?SPI...         -----    -----      -----    -----
  +--> ?PR?_SPIN_SET_RS0?SPIN_USERSTART
  +--> ?PR?_SPIN_SET_RS1?SPIN_USERSTART

?PR?SPIN_UART_INIT?SPIN_UART                     -----    -----      -----    -----
  +--> ?PR?_UART_BOAUD?SPIN_TIMER
  +--> ?PR?_SPIN_INTERUPT_OPEN?SPIN_INTERUPT

?PR?_UART_BOAUD?SPIN_TIMER                       -----    -----      -----    -----
  +--> ?PR?_SPIN_TIMER_SET?SPIN_TIMER

?PR?_SPIN_WATCHDOG_OVERTIME?SPIN_WATC...         001AH    0003H      014CH    0002H

?PR?_SPIN_EXINT0_START?SPIN_EXINTERUPT           -----    -----      -----    -----
  +--> ?PR?SPIN_INTERUPT_INIT?SPIN_INTERUPT
  +--> ?PR?SPIN_INTERUPT_ENABLE?SPIN_INTERUPT
  +--> ?PR?_SPIN_INTERUPT_OPEN?SPIN_INTERUPT

?PR?_SPIN_EXINT1_START?SPIN_EXINTERUPT           -----    -----      -----    -----
  +--> ?PR?SPIN_INTERUPT_INIT?SPIN_INTERUPT
  +--> ?PR?SPIN_INTERUPT_ENABLE?SPIN_INTERUPT
  +--> ?PR?_SPIN_INTERUPT_OPEN?SPIN_INTERUPT

?PR?CLOCK_INIT?CLOCK                             -----    -----      -----    -----
  +--> ?PR?SPIN_SYSTICK?SPIN_TIMER

?PR?SPIN_SYSTICK?SPIN_TIMER                      -----    -----      -----    -----
  +--> ?PR?_SPIN_SYSTICK_SET?SPIN_TIMER
  +--> ?PR?_SPIN_TIMER_START?SPIN_TIMER

?PR?_SPIN_SYSTICK_SET?SPIN_TIMER                 -----    -----      -----    -----
  +--> ?PR?_SPIN_TIMER_SET?SPIN_TIMER

?PR?RTIMER_INIT?RTIMER                           -----    -----      -----    -----
  +--> ?PR?RTIMER_ARCH_INIT?RTIMER_ARCH

?PR?RTIMER_ARCH_INIT?RTIMER_ARCH                 -----    -----      -----    -----
  +--> ?PR?_SPIN_TIMER_START?SPIN_TIMER

?PR?CTIMER_INIT?CTIMER                           -----    -----      -----    -----
  +--> ?PR?CTIMER
  +--> ?PR?_LIST_INIT?LIST
  +--> ?PR?_PROCESS_START?PROCESS

?PR?_LIST_INIT?LIST                              -----    -----      014CH    0003H
  +--> ?PR?LIST

?PR?_PROCESS_START?PROCESS                       -----    -----      014CH    0009H
  +--> ?PR?PROCESS
  +--> ?PR?_PROCESS_POST_SYNCH?PROCESS

?PR?_PROCESS_POST_SYNCH?PROCESS                  -----    -----      0155H    000AH
BL51 BANKED LINKER/LOCATER V6.22                                                      01/20/2020  19:14:49  PAGE 9


  +--> ?PR?PROCESS
  +--> ?PR?_CALL_PROCESS?PROCESS

?PR?_CALL_PROCESS?PROCESS                        -----    -----      015FH    0007H
  +--> ?PR?PROCESS

?PR?PROCESS_RUN?PROCESS                          -----    -----      -----    -----
  +--> ?PR?DO_POLL?PROCESS
  +--> ?PR?DO_EVENT?PROCESS
  +--> ?PR?PROCESS

?PR?DO_POLL?PROCESS                              -----    -----      0156H    0003H
  +--> ?PR?PROCESS
  +--> ?PR?_CALL_PROCESS?PROCESS

?PR?DO_EVENT?PROCESS                             -----    -----      014CH    000AH
  +--> ?PR?PROCESS
  +--> ?PR?DO_POLL?PROCESS
  +--> ?PR?_CALL_PROCESS?PROCESS

?C_INITSEG                                       -----    -----      -----    -----
  +--> ?PR?_PROCESS_THREAD_ETIMER_PROCESS?ET...
  +--> ?PR?_PROCESS_THREAD_CTIMER_PROCESS?CT...
  +--> ?PR?_PROCESS_THREAD_LED?CONTIKI_MAIN
  +--> ?PR?_PROCESS_THREAD_DOG?CONTIKI_MAIN
  +--> ?PR?_PROCESS_THREAD_LCD?SPIN_1602

?PR?_PROCESS_THREAD_ETIMER_PROCESS?ET...         -----    -----      014CH    0011H
  +--> ?PR?ETIMER
  +--> ?PR?_TIMER_EXPIRED?TIMER
  +--> ?PR?_PROCESS_POST?PROCESS
  +--> ?PR?UPDATE_TIME?ETIMER
  +--> ?PR?ETIMER_REQUEST_POLL?ETIMER

?PR?_TIMER_EXPIRED?TIMER                         -----    -----      015DH    0007H
  +--> ?PR?TIMER
  +--> ?PR?CLOCK_TIME?CLOCK

?PR?CLOCK_TIME?CLOCK                             -----    -----      -----    -----
  +--> ?PR?CLOCK

?PR?_PROCESS_POST?PROCESS                        -----    -----      015DH    0007H
  +--> ?PR?PROCESS

?PR?UPDATE_TIME?ETIMER                           -----    -----      0163H    000BH
  +--> ?PR?ETIMER
  +--> ?PR?CLOCK_TIME?CLOCK

?PR?_PROCESS_THREAD_CTIMER_PROCESS?CT...         -----    -----      014CH    000EH
  +--> ?PR?CTIMER
  +--> ?PR?_LIST_HEAD?LIST
  +--> ?PR?_ETIMER_SET?ETIMER
  +--> ?PR?_LIST_REMOVE?LIST

?PR?_ETIMER_SET?ETIMER                           -----    -----      015AH    0003H
  +--> ?PR?ETIMER
  +--> ?PR?_TIMER_SET?TIMER
BL51 BANKED LINKER/LOCATER V6.22                                                      01/20/2020  19:14:49  PAGE 10


  +--> ?PR?_ADD_TIMER?ETIMER

?PR?_TIMER_SET?TIMER                             -----    -----      015DH    0003H
  +--> ?PR?TIMER
  +--> ?PR?CLOCK_TIME?CLOCK

?PR?_ADD_TIMER?ETIMER                            -----    -----      015DH    0006H
  +--> ?PR?ETIMER
  +--> ?PR?ETIMER_REQUEST_POLL?ETIMER
  +--> ?PR?UPDATE_TIME?ETIMER

?PR?_LIST_REMOVE?LIST                            -----    -----      015AH    000CH
  +--> ?PR?LIST

?PR?_PROCESS_THREAD_LED?CONTIKI_MAIN             -----    -----      014CH    0008H
  +--> ?PR?CONTIKI_MAIN
  +--> ?PR?_ETIMER_SET?ETIMER
  +--> ?PR?_ETIMER_RESTART?ETIMER
  +--> ?PR?_SPIN_SET_GPIO_BIT_VALUE?SPIN_GPIO
  +--> ?PR?_ETIMER_EXPIRED?ETIMER

?PR?_ETIMER_RESTART?ETIMER                       -----    -----      0154H    0003H
  +--> ?PR?ETIMER
  +--> ?PR?_TIMER_RESTART?TIMER
  +--> ?PR?_ADD_TIMER?ETIMER

?PR?_TIMER_RESTART?TIMER                         -----    -----      0157H    0003H
  +--> ?PR?TIMER
  +--> ?PR?CLOCK_TIME?CLOCK

?PR?_SPIN_SET_GPIO_BIT_VALUE?SPIN_GPIO           -----    -----      -----    -----
  +--> ?PR?_SPIN_GET_GPIO_VALUE?SPIN_GPIO

?PR?_ETIMER_EXPIRED?ETIMER                       -----    -----      -----    -----
  +--> ?PR?ETIMER

?PR?_PROCESS_THREAD_DOG?CONTIKI_MAIN             -----    -----      014CH    0008H
  +--> ?PR?CONTIKI_MAIN
  +--> ?PR?_ETIMER_SET?ETIMER
  +--> ?PR?_ETIMER_EXPIRED?ETIMER
  +--> ?PR?SPIN_WATCHDOG_CLEAR?SPIN_WATCHDOG
  +--> ?PR?_ETIMER_RESTART?ETIMER

?PR?_PROCESS_THREAD_LCD?SPIN_1602                -----    -----      014CH    0008H
  +--> ?PR?SPIN_1602
  +--> ?PR?PROCESS_ALLOC_EVENT?PROCESS
  +--> ?PR?INITLCD?SPIN_1602
  +--> ?PR?_PROCESS_POST?PROCESS
  +--> ?PR?_PUT_LINE1?SPIN_1602

?PR?INITLCD?SPIN_1602                            -----    -----      -----    -----
  +--> ?PR?_WCODE?SPIN_1602

?PR?_WCODE?SPIN_1602                             -----    -----      -----    -----
  +--> ?PR?CHECKBUSY?SPIN_1602
  +--> ?PR?DELAY1MS?SPIN_TIMER

BL51 BANKED LINKER/LOCATER V6.22                                                      01/20/2020  19:14:49  PAGE 11


?PR?_PUT_LINE1?SPIN_1602                         -----    -----      0154H    0004H
  +--> ?PR?SPIN_1602
  +--> ?PR?_WCODE?SPIN_1602
  +--> ?PR?_WDATA?SPIN_1602

?PR?_WDATA?SPIN_1602                             -----    -----      -----    -----
  +--> ?PR?CHECKBUSY?SPIN_1602
  +--> ?PR?DELAY1MS?SPIN_TIMER



SYMBOL TABLE OF MODULE:  stc89c52 (SPIN_USERSTART)

  VALUE           TYPE          NAME
  ----------------------------------

  -------         MODULE        SPIN_USERSTART
  C:0000H         SYMBOL        _ICE_DUMMY_
  D:0090H         PUBLIC        P1
  D:00C0H         PUBLIC        XICON
  D:00B0H         PUBLIC        P3
  D:00A8H         PUBLIC        IE
  C:2941H         PUBLIC        spin_get_RS0
  C:293BH         PUBLIC        spin_get_RS1
  D:00B8H         PUBLIC        IP
  B:00D0H.7       PUBLIC        CY
  C:2872H         PUBLIC        _spin_set_RS0
  C:2862H         PUBLIC        _spin_set_RS1
  C:296CH         PUBLIC        spin_get_sp
  D:0081H         PUBLIC        SP
  B:00D0H.2       PUBLIC        OV
  C:2969H         PUBLIC        _spin_set_sp
  D:0098H         PUBLIC        SCON
  C:2935H         PUBLIC        spin_get_F0
  D:0088H         PUBLIC        TCON
  C:2852H         PUBLIC        _spin_set_F0
  B:00D0H.3       PUBLIC        RS0
  B:00D0H.4       PUBLIC        RS1
  C:0026H         PUBLIC        spin_get_CY
  C:2947H         PUBLIC        spin_get_OV
  D:00C8H         PUBLIC        T2CON
  C:274FH         PUBLIC        _spin_set_work_register_group
  B:00D0H.5       PUBLIC        F0
  D:00D0H         PUBLIC        PSW
  -------         PROC          _SPIN_SET_F0
  D:0007H         SYMBOL        value
  C:2852H         LINE#         4
  C:2852H         LINE#         5
  C:2861H         LINE#         6
  -------         ENDPROC       _SPIN_SET_F0
  -------         PROC          _SPIN_SET_RS1
  D:0007H         SYMBOL        value
  C:2862H         LINE#         8
  C:2862H         LINE#         9
  C:2871H         LINE#         10
  -------         ENDPROC       _SPIN_SET_RS1
  -------         PROC          _SPIN_SET_RS0
BL51 BANKED LINKER/LOCATER V6.22                                                      01/20/2020  19:14:49  PAGE 12


  D:0007H         SYMBOL        value
  C:2872H         LINE#         11
  C:2872H         LINE#         12
  C:2881H         LINE#         13
  -------         ENDPROC       _SPIN_SET_RS0
  -------         PROC          _SPIN_SET_WORK_REGISTER_GROUP
  D:0006H         SYMBOL        index
  C:274FH         LINE#         15
  C:2751H         LINE#         16
  C:2758H         LINE#         17
  -------         ENDPROC       _SPIN_SET_WORK_REGISTER_GROUP
  -------         PROC          SPIN_GET_CY
  C:0026H         LINE#         20
  C:0026H         LINE#         21
  C:0029H         LINE#         22
  -------         ENDPROC       SPIN_GET_CY
  -------         PROC          SPIN_GET_F0
  C:2935H         LINE#         23
  C:2935H         LINE#         24
  C:293AH         LINE#         25
  -------         ENDPROC       SPIN_GET_F0
  -------         PROC          SPIN_GET_RS1
  C:293BH         LINE#         26
  C:293BH         LINE#         27
  C:2940H         LINE#         28
  -------         ENDPROC       SPIN_GET_RS1
  -------         PROC          SPIN_GET_RS0
  C:2941H         LINE#         29
  C:2941H         LINE#         30
  C:2946H         LINE#         31
  -------         ENDPROC       SPIN_GET_RS0
  -------         PROC          SPIN_GET_OV
  C:2947H         LINE#         33
  C:2947H         LINE#         34
  C:294CH         LINE#         35
  -------         ENDPROC       SPIN_GET_OV
  -------         PROC          _SPIN_SET_SP
  D:0007H         SYMBOL        addr
  C:2969H         LINE#         36
  C:2969H         LINE#         37
  C:296BH         LINE#         38
  -------         ENDPROC       _SPIN_SET_SP
  -------         PROC          SPIN_GET_SP
  C:296CH         LINE#         39
  C:296CH         LINE#         40
  C:296EH         LINE#         41
  -------         ENDPROC       SPIN_GET_SP
  -------         ENDMOD        SPIN_USERSTART

  -------         MODULE        SPIN_EXINTERUPT
  C:0000H         SYMBOL        _ICE_DUMMY_
  D:0090H         PUBLIC        P1
  D:00C0H         PUBLIC        XICON
  D:00B0H         PUBLIC        P3
  C:27C6H         PUBLIC        _spin_exint0_start
  C:27D8H         PUBLIC        _spin_exint1_start
  D:00A8H         PUBLIC        IE
BL51 BANKED LINKER/LOCATER V6.22                                                      01/20/2020  19:14:49  PAGE 13


  D:00B8H         PUBLIC        IP
  C:000EH         PUBLIC        spin_exint0_stop
  C:0016H         PUBLIC        spin_exint1_stop
  D:0098H         PUBLIC        SCON
  D:0088H         PUBLIC        TCON
  B:0088H.0       PUBLIC        IT0
  B:0088H.2       PUBLIC        IT1
  D:00C8H         PUBLIC        T2CON
  D:00D0H         PUBLIC        PSW
  -------         PROC          _SPIN_EXINT0_START
  D:0007H         SYMBOL        type
  C:27C6H         LINE#         3
  C:27C6H         LINE#         4
  C:27CBH         LINE#         5
  C:27CEH         LINE#         6
  C:27D1H         LINE#         7
  -------         ENDPROC       _SPIN_EXINT0_START
  -------         PROC          _SPIN_EXINT1_START
  D:0007H         SYMBOL        type
  C:27D8H         LINE#         9
  C:27D8H         LINE#         10
  C:27DDH         LINE#         11
  C:27E0H         LINE#         12
  C:27E3H         LINE#         13
  -------         ENDPROC       _SPIN_EXINT1_START
  -------         PROC          SPIN_EXINT0_STOP
  C:000EH         LINE#         16
  C:000EH         LINE#         17
  -------         ENDPROC       SPIN_EXINT0_STOP
  -------         PROC          SPIN_EXINT1_STOP
  C:0016H         LINE#         20
  C:0016H         LINE#         21
  -------         ENDPROC       SPIN_EXINT1_STOP
  -------         ENDMOD        SPIN_EXINTERUPT

  -------         MODULE        SPIN_GPIO
  C:0000H         SYMBOL        _ICE_DUMMY_
  D:0080H         PUBLIC        P0
  D:0090H         PUBLIC        P1
  D:00A0H         PUBLIC        P2
  D:00C0H         PUBLIC        XICON
  D:00B0H         PUBLIC        P3
  D:00A8H         PUBLIC        IE
  C:1EE2H         PUBLIC        _spin_get_gpio_bit_value
  D:00B8H         PUBLIC        IP
  C:1D3EH         PUBLIC        _spin_set_gpio_bit_value
  D:0098H         PUBLIC        SCON
  D:0088H         PUBLIC        TCON
  D:00C8H         PUBLIC        T2CON
  C:2541H         PUBLIC        _spin_get_gpio_value
  D:00D0H         PUBLIC        PSW
  C:2633H         PUBLIC        _spin_set_gpio_value
  -------         PROC          _SPIN_SET_GPIO_VALUE
  D:0007H         SYMBOL        gpio
  D:0005H         SYMBOL        value
  C:2633H         LINE#         6
  C:2633H         LINE#         7
BL51 BANKED LINKER/LOCATER V6.22                                                      01/20/2020  19:14:49  PAGE 14


  C:2641H         LINE#         8
  C:2644H         LINE#         9
  C:2647H         LINE#         10
  C:264AH         LINE#         11
  C:264EH         LINE#         12
  C:264EH         LINE#         13
  C:264EH         LINE#         14
  -------         ENDPROC       _SPIN_SET_GPIO_VALUE
  -------         PROC          _SPIN_GET_GPIO_VALUE
  D:0007H         SYMBOL        gpio
  -------         DO            
  D:0006H         SYMBOL        temp
  -------         ENDDO         
  C:2541H         LINE#         15
  C:2541H         LINE#         16
  C:2543H         LINE#         17
  C:2551H         LINE#         18
  C:2555H         LINE#         19
  C:2559H         LINE#         20
  C:255DH         LINE#         21
  C:255FH         LINE#         22
  C:255FH         LINE#         23
  C:255FH         LINE#         24
  C:2561H         LINE#         25
  -------         ENDPROC       _SPIN_GET_GPIO_VALUE
  -------         PROC          _SPIN_SET_GPIO_BIT_VALUE
  D:0004H         SYMBOL        gpio
  D:0005H         SYMBOL        index
  D:0003H         SYMBOL        value
  -------         DO            
  D:0007H         SYMBOL        temp
  -------         ENDDO         
  C:1D3EH         LINE#         27
  C:1D40H         LINE#         28
  C:1D40H         LINE#         29
  C:1D43H         LINE#         30
  C:1D57H         LINE#         32
  C:1D6CH         LINE#         33
  C:1D7AH         LINE#         34
  C:1D7DH         LINE#         35
  C:1D80H         LINE#         36
  C:1D83H         LINE#         37
  C:1D85H         LINE#         38
  C:1D85H         LINE#         39
  C:1D85H         LINE#         40
  -------         ENDPROC       _SPIN_SET_GPIO_BIT_VALUE
  -------         PROC          _SPIN_GET_GPIO_BIT_VALUE
  D:0007H         SYMBOL        gpio
  D:0005H         SYMBOL        index
  -------         DO            
  D:0004H         SYMBOL        temp
  -------         ENDDO         
  C:1EE2H         LINE#         41
  C:1EE2H         LINE#         42
  C:1EE4H         LINE#         43
  C:1EF2H         LINE#         44
  C:1EF6H         LINE#         45
BL51 BANKED LINKER/LOCATER V6.22                                                      01/20/2020  19:14:49  PAGE 15


  C:1EFAH         LINE#         46
  C:1EFEH         LINE#         47
  C:1F00H         LINE#         48
  C:1F00H         LINE#         49
  C:1F00H         LINE#         50
  C:1F1FH         LINE#         51
  -------         ENDPROC       _SPIN_GET_GPIO_BIT_VALUE
  -------         ENDMOD        SPIN_GPIO

  -------         MODULE        SPIN_INTERUPT
  C:0000H         SYMBOL        _ICE_DUMMY_
  D:0090H         PUBLIC        P1
  D:00C0H         PUBLIC        XICON
  D:00B0H         PUBLIC        P3
  B:00A8H.7       PUBLIC        EA
  B:0020H.0       PUBLIC        it0
  D:00A8H         PUBLIC        IE
  B:0020H.1       PUBLIC        it1
  B:0020H.2       PUBLIC        it2
  B:0020H.3       PUBLIC        it3
  B:0020H.4       PUBLIC        it4
  B:0020H.5       PUBLIC        it5
  B:0020H.6       PUBLIC        it6
  B:0020H.7       PUBLIC        it7
  C:25BFH         PUBLIC        _spin_interupt_close
  D:00B8H         PUBLIC        IP
  C:20E2H         PUBLIC        _spin_interupt_open
  D:0098H         PUBLIC        SCON
  C:23AEH         PUBLIC        intersvr2
  C:280EH         PUBLIC        spin_interupt_init
  D:0088H         PUBLIC        TCON
  C:23D5H         PUBLIC        intersvr5
  C:23FCH         PUBLIC        intersvr6
  C:2423H         PUBLIC        intersvr7
  B:00C0H.2       PUBLIC        EX2
  B:00C0H.6       PUBLIC        EX3
  C:2972H         PUBLIC        spin_interupt_disable
  B:00C0H.3       PUBLIC        PX2
  B:00C0H.7       PUBLIC        PX3
  D:00C8H         PUBLIC        T2CON
  C:296FH         PUBLIC        spin_interupt_enable
  X:01A3H         PUBLIC        inter_vector_function
  D:00D0H         PUBLIC        PSW
  -------         PROC          SPIN_INTERUPT_INIT
  C:280EH         LINE#         8
  C:280EH         LINE#         9
  C:281EH         LINE#         10
  -------         ENDPROC       SPIN_INTERUPT_INIT
  -------         PROC          SPIN_INTERUPT_ENABLE
  C:296FH         LINE#         11
  C:296FH         LINE#         12
  C:2971H         LINE#         13
  -------         ENDPROC       SPIN_INTERUPT_ENABLE
  -------         PROC          SPIN_INTERUPT_DISABLE
  C:2972H         LINE#         14
  C:2972H         LINE#         15
  C:2974H         LINE#         16
BL51 BANKED LINKER/LOCATER V6.22                                                      01/20/2020  19:14:49  PAGE 16


  -------         ENDPROC       SPIN_INTERUPT_DISABLE
  -------         PROC          _SPIN_INTERUPT_OPEN
  D:0007H         SYMBOL        num
  D:0005H         SYMBOL        prority
  C:20E2H         LINE#         17
  C:20E2H         LINE#         18
  C:20E6H         LINE#         19
  C:20E8H         LINE#         20
  C:20EDH         LINE#         21
  C:20EEH         LINE#         22
  C:20F2H         LINE#         23
  C:20F4H         LINE#         24
  C:20F9H         LINE#         25
  C:20FAH         LINE#         26
  C:20FAH         LINE#         27
  C:2107H         LINE#         28
  C:2115H         LINE#         29
  C:2115H         LINE#         30
  -------         ENDPROC       _SPIN_INTERUPT_OPEN
  -------         PROC          _SPIN_INTERUPT_CLOSE
  D:0007H         SYMBOL        num
  C:25BFH         LINE#         31
  C:25BFH         LINE#         32
  C:25C3H         LINE#         33
  C:25C6H         LINE#         34
  C:25CAH         LINE#         35
  C:25CDH         LINE#         37
  C:25DBH         LINE#         38
  -------         ENDPROC       _SPIN_INTERUPT_CLOSE
  -------         PROC          INTERSVR2
  C:23AEH         LINE#         57
  C:23BBH         LINE#         59
  C:23C5H         LINE#         60
  C:23C7H         LINE#         61
  -------         ENDPROC       INTERSVR2
  -------         PROC          INTERSVR5
  C:23D5H         LINE#         68
  C:23E2H         LINE#         70
  C:23ECH         LINE#         71
  C:23EEH         LINE#         72
  -------         ENDPROC       INTERSVR5
  -------         PROC          INTERSVR6
  C:23FCH         LINE#         74
  C:2409H         LINE#         76
  C:2413H         LINE#         77
  C:2415H         LINE#         78
  -------         ENDPROC       INTERSVR6
  -------         PROC          INTERSVR7
  C:2423H         LINE#         80
  C:2430H         LINE#         82
  C:243AH         LINE#         83
  C:243CH         LINE#         84
  -------         ENDPROC       INTERSVR7
  -------         ENDMOD        SPIN_INTERUPT

  -------         MODULE        SPIN_PWRMGR
  C:0000H         SYMBOL        _ICE_DUMMY_
BL51 BANKED LINKER/LOCATER V6.22                                                      01/20/2020  19:14:49  PAGE 17


  D:0090H         PUBLIC        P1
  D:00C0H         PUBLIC        XICON
  D:00B0H         PUBLIC        P3
  D:00A8H         PUBLIC        IE
  D:00B8H         PUBLIC        IP
  C:002EH         PUBLIC        idle_mode
  D:0087H         PUBLIC        PCON
  D:0098H         PUBLIC        SCON
  D:0088H         PUBLIC        TCON
  C:0036H         PUBLIC        power_down
  D:00C8H         PUBLIC        T2CON
  D:00D0H         PUBLIC        PSW
  -------         PROC          IDLE_MODE
  C:002EH         LINE#         3
  C:002EH         LINE#         4
  C:0031H         LINE#         5
  -------         ENDPROC       IDLE_MODE
  -------         PROC          POWER_DOWN
  C:0036H         LINE#         6
  C:0036H         LINE#         7
  C:0039H         LINE#         8
  -------         ENDPROC       POWER_DOWN
  -------         ENDMOD        SPIN_PWRMGR

  -------         MODULE        SPIN_TIMER
  C:0000H         SYMBOL        _ICE_DUMMY_
  D:0090H         PUBLIC        P1
  D:00C0H         PUBLIC        XICON
  D:00B0H         PUBLIC        P3
  C:0003H         PUBLIC        _primary_value
  C:281FH         PUBLIC        spin_sysTick
  D:00A8H         PUBLIC        IE
  D:00B8H         PUBLIC        IP
  C:2909H         PUBLIC        delay1ms
  C:28A1H         PUBLIC        _uart_boaud
  C:002AH         PUBLIC        delay2us
  C:297BH         PUBLIC        delay3us
  C:2562H         PUBLIC        _spin_counter_time
  D:0098H         PUBLIC        SCON
  D:0089H         PUBLIC        TMOD
  D:0088H         PUBLIC        TCON
  C:28BFH         PUBLIC        delay1s
  D:008CH         PUBLIC        TH0
  D:008DH         PUBLIC        TH1
  C:1E9FH         SYMBOL        _spin_counter_set
  D:008AH         PUBLIC        TL0
  D:008BH         PUBLIC        TL1
  C:24B6H         PUBLIC        _spin_timer_start
  B:0088H.4       PUBLIC        TR0
  B:0088H.6       PUBLIC        TR1
  C:28F4H         SYMBOL        _spin_systick_set
  D:00C8H         PUBLIC        T2CON
  C:2892H         PUBLIC        _spin_timer_stop
  C:1C0AH         PUBLIC        _spin_timer_set
  D:00D0H         PUBLIC        PSW
  -------         PROC          _SPIN_COUNTER_SET
  D:0007H         SYMBOL        dev
BL51 BANKED LINKER/LOCATER V6.22                                                      01/20/2020  19:14:49  PAGE 18


  D:0005H         SYMBOL        mode
  D:0002H         SYMBOL        time
  C:1E9FH         LINE#         11
  C:1E9FH         LINE#         12
  C:1EA4H         LINE#         13
  C:1EA7H         LINE#         14
  C:1EAAH         LINE#         15
  C:1EADH         LINE#         16
  C:1EB1H         LINE#         17
  C:1EB8H         LINE#         19
  C:1EB8H         LINE#         20
  C:1EBBH         LINE#         21
  C:1EBEH         LINE#         22
  C:1EBFH         LINE#         23
  C:1EC4H         LINE#         24
  C:1EC7H         LINE#         25
  C:1ECAH         LINE#         26
  C:1ED0H         LINE#         27
  C:1ED4H         LINE#         28
  C:1EDBH         LINE#         30
  C:1EDBH         LINE#         31
  C:1EDEH         LINE#         32
  C:1EE1H         LINE#         33
  C:1EE1H         LINE#         34
  -------         ENDPROC       _SPIN_COUNTER_SET
  -------         PROC          _SPIN_TIMER_START
  X:014CH         SYMBOL        dev
  C:24B6H         LINE#         37
  C:24BBH         LINE#         38
  C:24BEH         LINE#         39
  C:24C8H         LINE#         40
  C:24D2H         LINE#         41
  C:24D8H         LINE#         42
  -------         ENDPROC       _SPIN_TIMER_START
  -------         PROC          _SPIN_TIMER_STOP
  D:0007H         SYMBOL        dev
  C:2892H         LINE#         44
  C:2892H         LINE#         45
  C:2898H         LINE#         46
  C:289EH         LINE#         47
  -------         ENDPROC       _SPIN_TIMER_STOP
  -------         PROC          _PRIMARY_VALUE
  D:0006H         SYMBOL        overflow_time_us
  C:0003H         LINE#         50
  C:0003H         LINE#         51
  C:000AH         LINE#         52
  -------         ENDPROC       _PRIMARY_VALUE
  -------         PROC          _SPIN_TIMER_SET
  D:0007H         SYMBOL        dev
  D:0005H         SYMBOL        mode
  D:0002H         SYMBOL        time
  C:1C0AH         LINE#         57
  C:1C0AH         LINE#         58
  C:1C0FH         LINE#         59
  C:1C12H         LINE#         60
  C:1C15H         LINE#         61
  C:1C23H         LINE#         62
BL51 BANKED LINKER/LOCATER V6.22                                                      01/20/2020  19:14:49  PAGE 19


  C:1C23H         LINE#         63
  C:1C2AH         LINE#         64
  C:1C2AH         LINE#         65
  C:1C31H         LINE#         66
  C:1C31H         LINE#         67
  C:1C31H         LINE#         68
  C:1C31H         LINE#         69
  C:1C36H         LINE#         70
  C:1C39H         LINE#         71
  C:1C3FH         LINE#         72
  C:1C4AH         LINE#         73
  C:1C4AH         LINE#         74
  C:1C51H         LINE#         75
  C:1C57H         LINE#         76
  C:1C57H         LINE#         77
  C:1C57H         LINE#         78
  C:1C57H         LINE#         79
  C:1C57H         LINE#         80
  -------         ENDPROC       _SPIN_TIMER_SET
  -------         PROC          _SPIN_COUNTER_TIME
  D:0001H         SYMBOL        dev
  D:0004H         SYMBOL        time
  -------         DO            
  D:0004H         SYMBOL        primary_values
  -------         ENDDO         
  C:2562H         LINE#         82
  C:2564H         LINE#         85
  C:256FH         LINE#         86
  C:257AH         LINE#         88
  C:257FH         LINE#         89
  C:2581H         LINE#         90
  -------         ENDPROC       _SPIN_COUNTER_TIME
  -------         PROC          _SPIN_SYSTICK_SET
  D:0006H         SYMBOL        time
  C:28F4H         LINE#         91
  C:28F4H         LINE#         92
  -------         ENDPROC       _SPIN_SYSTICK_SET
  -------         PROC          _UART_BOAUD
  D:0006H         SYMBOL        overtime
  C:28A1H         LINE#         94
  C:28A1H         LINE#         95
  -------         ENDPROC       _UART_BOAUD
  -------         PROC          SPIN_SYSTICK
  C:281FH         LINE#         98
  C:281FH         LINE#         99
  C:2826H         LINE#         101
  C:282BH         LINE#         102
  -------         ENDPROC       SPIN_SYSTICK
  -------         PROC          DELAY2US
  C:002AH         LINE#         105
  C:002AH         LINE#         106
  C:002AH         LINE#         107
  -------         ENDPROC       DELAY2US
  -------         PROC          DELAY3US
  C:297BH         LINE#         108
  C:297BH         LINE#         109
  C:297BH         LINE#         110
BL51 BANKED LINKER/LOCATER V6.22                                                      01/20/2020  19:14:49  PAGE 20


  C:297CH         LINE#         111
  -------         ENDPROC       DELAY3US
  -------         PROC          DELAY1MS
  -------         DO            
  D:0006H         SYMBOL        a
  D:0007H         SYMBOL        b
  -------         ENDDO         
  C:2909H         LINE#         113
  C:2909H         LINE#         114
  C:2909H         LINE#         116
  C:290BH         LINE#         117
  C:2911H         LINE#         118
  -------         ENDPROC       DELAY1MS
  -------         PROC          DELAY1S
  -------         DO            
  D:0005H         SYMBOL        a
  D:0006H         SYMBOL        b
  D:0007H         SYMBOL        c
  -------         ENDDO         
  C:28BFH         LINE#         120
  C:28BFH         LINE#         121
  C:28BFH         LINE#         123
  C:28C1H         LINE#         124
  C:28C3H         LINE#         125
  C:28CBH         LINE#         126
  C:28CCH         LINE#         127
  -------         ENDPROC       DELAY1S
  -------         ENDMOD        SPIN_TIMER

  -------         MODULE        SPIN_UART
  C:0000H         SYMBOL        _ICE_DUMMY_
  D:0090H         PUBLIC        P1
  D:00C0H         PUBLIC        XICON
  D:00B0H         PUBLIC        P3
  D:00A8H         PUBLIC        IE
  C:24D9H         PUBLIC        _u_putc
  D:00B8H         PUBLIC        IP
  B:0098H.0       PUBLIC        RI
  B:0098H.1       PUBLIC        TI
  I:000AH         PUBLIC        fifo
  D:0099H         PUBLIC        SBUF
  D:0087H         PUBLIC        PCON
  D:0098H         PUBLIC        SCON
  D:0088H         PUBLIC        TCON
  C:1B05H         PUBLIC        intersvr4
  D:008EH         PUBLIC        AUXR
  D:00C8H         PUBLIC        T2CON
  C:2582H         PUBLIC        spin_uart_init
  D:00D0H         PUBLIC        PSW
  C:25DCH         PUBLIC        u_getc
  C:2912H         SYMBOL        Com000E
  C:2912H         SYMBOL        L?0015
  -------         PROC          COM000E
  -------         ENDPROC       COM000E
  -------         PROC          SPIN_UART_INIT
  C:2582H         LINE#         10
  C:2582H         LINE#         13
BL51 BANKED LINKER/LOCATER V6.22                                                      01/20/2020  19:14:49  PAGE 21


  C:2585H         LINE#         14
  C:2588H         LINE#         15
  C:258BH         LINE#         16
  C:258EH         LINE#         17
  C:2595H         LINE#         18
  C:259CH         LINE#         19
  C:25A0H         LINE#         20
  -------         ENDPROC       SPIN_UART_INIT
  -------         PROC          U_GETC
  -------         DO            
  D:0006H         SYMBOL        d
  D:0007H         SYMBOL        i
  -------         ENDDO         
  C:25DCH         LINE#         29
  C:25DCH         LINE#         34
  C:25E1H         LINE#         36
  C:25E5H         LINE#         37
  C:25EAH         LINE#         38
  C:25F4H         LINE#         39
  C:25F6H         LINE#         40
  C:25F8H         LINE#         41
  -------         ENDPROC       U_GETC
  -------         PROC          _U_PUTC
  D:0007H         SYMBOL        c
  -------         DO            
  D:0006H         SYMBOL        i
  -------         ENDDO         
  C:24D9H         LINE#         43
  C:24D9H         LINE#         46
  C:24E1H         LINE#         48
  C:24E5H         LINE#         49
  C:24EAH         LINE#         50
  C:24F6H         LINE#         51
  C:24F9H         LINE#         52
  C:24FBH         LINE#         53
  -------         ENDPROC       _U_PUTC
  -------         PROC          INTERSVR4
  -------         DO            
  D:0007H         SYMBOL        i
  D:0006H         SYMBOL        d
  -------         ENDDO         
  C:1B05H         LINE#         55
  C:1B14H         LINE#         58
  C:1B17H         LINE#         59
  C:1B19H         LINE#         60
  C:1B1BH         LINE#         61
  C:1B1FH         LINE#         62
  C:1B24H         LINE#         63
  C:1B27H         LINE#         64
  C:1B2BH         LINE#         65
  C:1B30H         LINE#         66
  C:1B35H         LINE#         67
  C:1B35H         LINE#         68
  C:1B35H         LINE#         69
  C:1B38H         LINE#         70
  C:1B3CH         LINE#         71
  C:1B3FH         LINE#         72
BL51 BANKED LINKER/LOCATER V6.22                                                      01/20/2020  19:14:49  PAGE 22


  C:1B41H         LINE#         73
  C:1B44H         LINE#         74
  C:1B4AH         LINE#         75
  C:1B4FH         LINE#         76
  C:1B51H         LINE#         77
  C:1B53H         LINE#         78
  C:1B53H         LINE#         79
  C:1B53H         LINE#         80
  -------         ENDPROC       INTERSVR4
  -------         ENDMOD        SPIN_UART

  -------         MODULE        SPIN_WATCHDOG
  C:0000H         SYMBOL        _ICE_DUMMY_
  D:0090H         PUBLIC        P1
  D:00C0H         PUBLIC        XICON
  D:00B0H         PUBLIC        P3
  D:00A8H         PUBLIC        IE
  D:00B8H         PUBLIC        IP
  C:2951H         PUBLIC        spin_watchdog_disable
  D:0098H         PUBLIC        SCON
  D:0088H         PUBLIC        TCON
  C:2955H         PUBLIC        spin_watchdog_idlework
  C:294DH         PUBLIC        spin_watchdog_enable
  C:170BH         PUBLIC        _spin_watchdog_overtime
  D:00E1H         PUBLIC        WDT_CONTR
  C:2959H         PUBLIC        spin_watchdog_clear
  D:00C8H         PUBLIC        T2CON
  D:00D0H         PUBLIC        PSW
  -------         PROC          SPIN_WATCHDOG_ENABLE
  C:294DH         LINE#         3
  C:294DH         LINE#         4
  C:2950H         LINE#         5
  -------         ENDPROC       SPIN_WATCHDOG_ENABLE
  -------         PROC          SPIN_WATCHDOG_DISABLE
  C:2951H         LINE#         6
  C:2951H         LINE#         7
  C:2954H         LINE#         8
  -------         ENDPROC       SPIN_WATCHDOG_DISABLE
  -------         PROC          SPIN_WATCHDOG_IDLEWORK
  C:2955H         LINE#         9
  C:2955H         LINE#         10
  C:2958H         LINE#         11
  -------         ENDPROC       SPIN_WATCHDOG_IDLEWORK
  -------         PROC          SPIN_WATCHDOG_CLEAR
  C:2959H         LINE#         13
  C:2959H         LINE#         14
  C:295CH         LINE#         15
  -------         ENDPROC       SPIN_WATCHDOG_CLEAR
  -------         PROC          _SPIN_WATCHDOG_OVERTIME
  X:014CH         SYMBOL        pre_scale
  X:014DH         SYMBOL        mhz
  -------         DO            
  I:001AH         SYMBOL        pre_scale_value
  I:001BH         SYMBOL        overtime
  -------         ENDDO         
  C:170BH         LINE#         18
  C:1713H         LINE#         19
BL51 BANKED LINKER/LOCATER V6.22                                                      01/20/2020  19:14:49  PAGE 23


  C:1717H         LINE#         20
  C:171BH         LINE#         21
  C:171EH         LINE#         22
  C:1740H         LINE#         23
  C:1746H         LINE#         24
  C:174CH         LINE#         25
  C:1752H         LINE#         26
  C:1758H         LINE#         27
  C:175EH         LINE#         28
  C:1764H         LINE#         29
  C:176AH         LINE#         30
  C:176EH         LINE#         31
  C:176EH         LINE#         32
  C:176EH         LINE#         33
  C:1773H         LINE#         34
  C:178FH         LINE#         35
  C:178FH         LINE#         36
  -------         ENDPROC       _SPIN_WATCHDOG_OVERTIME
  -------         ENDMOD        SPIN_WATCHDOG

  -------         MODULE        XPRINTF
  C:0000H         SYMBOL        _ICE_DUMMY_
  C:2710H         PUBLIC        xgetc
  C:0B74H         PUBLIC        _xatoi
  C:0CD2H         PUBLIC        _xgets
  X:021CH         SYMBOL        outptr
  C:1E14H         PUBLIC        _xputc
  C:244AH         PUBLIC        _xputs
  X:021FH         PUBLIC        xfunc_in
  X:0221H         PUBLIC        xfunc_out
  C:1F5EH         SYMBOL        Com0031
  C:1F5EH         SYMBOL        L?0050
  C:1F5FH         SYMBOL        L?0051
  C:1F62H         SYMBOL        L?0052
  C:1F6BH         SYMBOL        L?0053
  C:1F6BH         SYMBOL        L?0054
  C:1F7AH         SYMBOL        L?0055
  C:1F89H         SYMBOL        L?0056
  C:1F89H         SYMBOL        L?0057
  C:1F92H         SYMBOL        L?0058
  C:1F93H         SYMBOL        L?0059
  -------         PROC          COM0031
  -------         ENDPROC       COM0031
  -------         PROC          _XPUTC
  X:0285H         SYMBOL        c
  C:1E14H         LINE#         26
  C:1E19H         LINE#         27
  C:1E19H         LINE#         28
  C:1E21H         LINE#         30
  C:1E2CH         LINE#         31
  C:1E3EH         LINE#         33
  C:1E3EH         LINE#         35
  C:1E59H         LINE#         36
  -------         ENDPROC       _XPUTC
  -------         PROC          _XPUTS
  X:025EH         SYMBOL        str
  C:244AH         LINE#         44
BL51 BANKED LINKER/LOCATER V6.22                                                      01/20/2020  19:14:49  PAGE 24


  C:2450H         LINE#         47
  C:2450H         LINE#         48
  C:245BH         LINE#         49
  C:246DH         LINE#         50
  -------         ENDPROC       _XPUTS
  -------         PROC          XGETC
  C:2710H         LINE#         64
  C:2710H         LINE#         65
  C:271DH         LINE#         66
  C:2724H         LINE#         67
  -------         ENDPROC       XGETC
  -------         PROC          _XGETS
  X:01F0H         SYMBOL        buff
  X:01F3H         SYMBOL        len
  -------         DO            
  X:01F5H         SYMBOL        c
  X:01F7H         SYMBOL        i
  -------         ENDDO         
  C:0CD2H         LINE#         72
  C:0CDEH         LINE#         76
  C:0CDEH         LINE#         80
  C:0CEBH         LINE#         82
  C:0CF2H         LINE#         83
  C:0CF2H         LINE#         84
  C:0D09H         LINE#         85
  C:0D0DH         LINE#         86
  C:0D1DH         LINE#         87
  C:0D33H         LINE#         88
  C:0D41H         LINE#         90
  C:0D47H         LINE#         92
  C:0D49H         LINE#         93
  C:0D49H         LINE#         94
  C:0D7FH         LINE#         95
  C:0D94H         LINE#         97
  C:0D97H         LINE#         99
  C:0D97H         LINE#         100
  C:0D9AH         LINE#         101
  C:0DAFH         LINE#         104
  C:0DB4H         LINE#         106
  C:0DB9H         LINE#         108
  C:0DBDH         LINE#         109
  -------         ENDPROC       _XGETS
  -------         PROC          _XATOI
  X:01B3H         SYMBOL        str
  X:01B6H         SYMBOL        res
  -------         DO            
  X:01B9H         SYMBOL        val
  X:01BDH         SYMBOL        c
  X:01BEH         SYMBOL        r
  X:01BFH         SYMBOL        s
  -------         ENDDO         
  C:0B74H         LINE#         124
  C:0B7AH         LINE#         128
  C:0B7AH         LINE#         130
  C:0B7FH         LINE#         133
  C:0B8CH         LINE#         135
  C:0BACH         LINE#         137
BL51 BANKED LINKER/LOCATER V6.22                                                      01/20/2020  19:14:49  PAGE 25


  C:0BB3H         LINE#         138
  C:0BB8H         LINE#         139
  C:0BBEH         LINE#         140
  C:0BBEH         LINE#         142
  C:0BC7H         LINE#         143
  C:0BCDH         LINE#         144
  C:0BD7H         LINE#         145
  C:0BD7H         LINE#         146
  C:0BDCH         LINE#         147
  C:0BDEH         LINE#         148
  C:0BDEH         LINE#         149
  C:0BE9H         LINE#         150
  C:0BEBH         LINE#         151
  C:0BEBH         LINE#         152
  C:0BF4H         LINE#         153
  C:0C06H         LINE#         154
  C:0C0CH         LINE#         155
  C:0C0CH         LINE#         156
  C:0C0EH         LINE#         157
  C:0C1FH         LINE#         158
  C:0C25H         LINE#         159
  C:0C25H         LINE#         161
  C:0C2FH         LINE#         162
  C:0C39H         LINE#         163
  C:0C42H         LINE#         164
  C:0C49H         LINE#         165
  C:0C4FH         LINE#         166
  C:0C53H         LINE#         167
  C:0C5BH         LINE#         168
  C:0C5BH         LINE#         169
  C:0C6CH         LINE#         170
  C:0CA6H         LINE#         171
  C:0CACH         LINE#         172
  C:0CAFH         LINE#         173
  C:0CC1H         LINE#         175
  C:0CCDH         LINE#         176
  C:0CD1H         LINE#         177
  -------         ENDPROC       _XATOI
  -------         ENDMOD        XPRINTF

  -------         MODULE        CLOCK
  C:0000H         SYMBOL        _ICE_DUMMY_
  D:0090H         PUBLIC        P1
  D:00C0H         PUBLIC        XICON
  D:00B0H         PUBLIC        P3
  X:01E6H         SYMBOL        counter
  B:00A8H.7       PUBLIC        EA
  D:00A8H         PUBLIC        IE
  C:28B0H         PUBLIC        _clock_delay_usec
  D:00B8H         PUBLIC        IP
  C:28E8H         PUBLIC        clock_time
  C:2975H         PUBLIC        clock_init
  C:217CH         PUBLIC        _clock_wait
  X:01E8H         SYMBOL        count
  C:0DBEH         PUBLIC        intersvr1
  D:0098H         PUBLIC        SCON
  D:0088H         PUBLIC        TCON
BL51 BANKED LINKER/LOCATER V6.22                                                      01/20/2020  19:14:49  PAGE 26


  C:291BH         PUBLIC        clock_seconds
  D:00C8H         PUBLIC        T2CON
  X:01ECH         SYMBOL        seconds
  D:00D0H         PUBLIC        PSW
  C:235CH         SYMBOL        Com0028
  C:235CH         SYMBOL        L?0041
  C:235FH         SYMBOL        L?0042
  C:236AH         SYMBOL        L?0043
  C:2379H         SYMBOL        L?0044
  -------         PROC          COM0028
  -------         ENDPROC       COM0028
  -------         PROC          _CLOCK_DELAY_USEC
  D:0006H         SYMBOL        len
  C:28B0H         LINE#         54
  C:28B0H         LINE#         55
  C:28B0H         LINE#         56
  C:28B2H         LINE#         57
  C:28BCH         LINE#         59
  C:28BCH         LINE#         60
  C:28BEH         LINE#         61
  -------         ENDPROC       _CLOCK_DELAY_USEC
  -------         PROC          _CLOCK_WAIT
  X:0214H         SYMBOL        i
  -------         DO            
  X:0218H         SYMBOL        start
  -------         ENDDO         
  C:217CH         LINE#         67
  C:2182H         LINE#         68
  C:2182H         LINE#         71
  C:218BH         LINE#         72
  C:21ADH         LINE#         73
  -------         ENDPROC       _CLOCK_WAIT
  -------         PROC          CLOCK_TIME
  -------         DO            
  D:0004H         SYMBOL        c
  -------         ENDDO         
  C:28E8H         LINE#         76
  C:28E8H         LINE#         77
  C:28E8H         LINE#         79
  C:28EAH         LINE#         80
  C:28F1H         LINE#         81
  C:28F3H         LINE#         82
  C:28F3H         LINE#         83
  -------         ENDPROC       CLOCK_TIME
  -------         PROC          CLOCK_SECONDS
  -------         DO            
  D:0004H         SYMBOL        s
  -------         ENDDO         
  C:291BH         LINE#         86
  C:291BH         LINE#         87
  C:291BH         LINE#         89
  C:291DH         LINE#         90
  C:2921H         LINE#         91
  C:2923H         LINE#         92
  C:2923H         LINE#         93
  -------         ENDPROC       CLOCK_SECONDS
  -------         PROC          CLOCK_INIT
BL51 BANKED LINKER/LOCATER V6.22                                                      01/20/2020  19:14:49  PAGE 27


  C:2975H         LINE#         96
  C:2975H         LINE#         97
  C:2975H         LINE#         98
  -------         ENDPROC       CLOCK_INIT
  -------         PROC          INTERSVR1
  C:0DBEH         LINE#         101
  C:0DE2H         LINE#         103
  C:0DF0H         LINE#         104
  C:0E01H         LINE#         105
  C:0E08H         LINE#         106
  C:0E0AH         LINE#         107
  C:0E14H         LINE#         108
  C:0E2CH         LINE#         109
  C:0E35H         LINE#         110
  C:0E35H         LINE#         113
  C:0E77H         LINE#         114
  C:0E7AH         LINE#         115
  C:0E7AH         LINE#         116
  C:0E7CH         LINE#         117
  -------         ENDPROC       INTERSVR1
  -------         ENDMOD        CLOCK

  -------         MODULE        RTIMER_ARCH
  C:0000H         SYMBOL        _ICE_DUMMY_
  D:0090H         PUBLIC        P1
  D:00C0H         PUBLIC        XICON
  D:00B0H         PUBLIC        P3
  D:00A8H         PUBLIC        IE
  D:00B8H         PUBLIC        IP
  C:001EH         PUBLIC        rtimer_arch_init
  D:0098H         PUBLIC        SCON
  D:0088H         PUBLIC        TCON
  C:1C58H         PUBLIC        rtimer_isr
  C:28FFH         PUBLIC        _rtimer_arch_schedule
  D:008CH         PUBLIC        TH0
  D:00C8H         PUBLIC        T2CON
  D:00D0H         PUBLIC        PSW
  -------         PROC          RTIMER_ARCH_INIT
  C:001EH         LINE#         56
  C:001EH         LINE#         57
  C:001EH         LINE#         58
  -------         ENDPROC       RTIMER_ARCH_INIT
  -------         PROC          _RTIMER_ARCH_SCHEDULE
  D:0007H         SYMBOL        t
  C:28FFH         LINE#         62
  C:28FFH         LINE#         63
  C:28FFH         LINE#         65
  C:2904H         LINE#         66
  -------         ENDPROC       _RTIMER_ARCH_SCHEDULE
  -------         PROC          RTIMER_ISR
  C:1C58H         LINE#         68
  C:1C7CH         LINE#         70
  C:1C81H         LINE#         71
  C:1C84H         LINE#         72
  -------         ENDPROC       RTIMER_ISR
  -------         ENDMOD        RTIMER_ARCH

BL51 BANKED LINKER/LOCATER V6.22                                                      01/20/2020  19:14:49  PAGE 28


  -------         MODULE        ETIMER
  C:0000H         SYMBOL        _ICE_DUMMY_
  D:0090H         PUBLIC        P1
  D:00C0H         PUBLIC        XICON
  D:00B0H         PUBLIC        P3
  D:00A8H         PUBLIC        IE
  C:2668H         PUBLIC        _etimer_reset
  C:2924H         PUBLIC        etimer_request_poll
  C:1684H         SYMBOL        update_time
  D:00B8H         PUBLIC        IP
  C:2385H         PUBLIC        _etimer_reset_with_new_interval
  C:295DH         PUBLIC        _etimer_start_time
  C:119EH         SYMBOL        _add_timer
  C:0623H         SYMBOL        _process_thread_etimer_process
  C:0E9EH         PUBLIC        _etimer_stop
  D:0098H         PUBLIC        SCON
  D:0088H         PUBLIC        TCON
  C:264FH         PUBLIC        _etimer_set
  C:28DBH         PUBLIC        _etimer_expiration_time
  C:2830H         PUBLIC        etimer_pending
  C:27B3H         PUBLIC        _etimer_expired
  X:0181H         SYMBOL        timerlist
  D:00C8H         PUBLIC        T2CON
  C:2725H         PUBLIC        etimer_next_expiration_time
  X:0184H         SYMBOL        next_expiration
  X:0188H         PUBLIC        etimer_process
  C:2681H         PUBLIC        _etimer_restart
  C:251FH         PUBLIC        _etimer_adjust
  D:00D0H         PUBLIC        PSW
  C:1790H         SYMBOL        Com0051
  C:1790H         SYMBOL        L?0082
  C:1790H         SYMBOL        L?0083
  C:1793H         SYMBOL        L?0084
  C:179CH         SYMBOL        L?0085
  C:179CH         SYMBOL        L?0086
  C:17B3H         SYMBOL        L?0087
  C:17B4H         SYMBOL        L?0088
  C:17B6H         SYMBOL        L?0089
  C:17B7H         SYMBOL        L?0090
  C:17BFH         SYMBOL        L?0091
  C:17C6H         SYMBOL        L?0092
  C:17C9H         SYMBOL        L?0093
  C:17D1H         SYMBOL        L?0094
  C:17D1H         SYMBOL        L?0095
  C:17D7H         SYMBOL        L?0096
  C:17D7H         SYMBOL        L?0097
  C:17E5H         SYMBOL        L?0098
  C:17E6H         SYMBOL        L?0099
  C:17F2H         SYMBOL        L?0100
  C:17F2H         SYMBOL        L?0101
  C:17FEH         SYMBOL        L?0102
  C:1801H         SYMBOL        L?0103
  C:1808H         SYMBOL        L?0104
  C:1808H         SYMBOL        L?0105
  C:180EH         SYMBOL        L?0106
  C:180EH         SYMBOL        L?0107
  -------         PROC          COM0051
BL51 BANKED LINKER/LOCATER V6.22                                                      01/20/2020  19:14:49  PAGE 29


  -------         ENDPROC       COM0051
  -------         PROC          UPDATE_TIME
  -------         DO            
  X:0163H         SYMBOL        tdist
  X:0167H         SYMBOL        now
  X:016BH         SYMBOL        t
  -------         ENDDO         
  C:1684H         LINE#         58
  C:1684H         LINE#         59
  C:1684H         LINE#         64
  C:1689H         LINE#         65
  C:1691H         LINE#         66
  C:1692H         LINE#         67
  C:169BH         LINE#         68
  C:16A5H         LINE#         70
  C:16B2H         LINE#         71
  C:16BEH         LINE#         72
  C:16D1H         LINE#         73
  C:16E4H         LINE#         74
  C:16E4H         LINE#         75
  C:16F7H         LINE#         76
  C:170AH         LINE#         77
  C:170AH         LINE#         78
  -------         ENDPROC       UPDATE_TIME
  -------         PROC          _PROCESS_THREAD_ETIMER_PROCESS
  X:014CH         SYMBOL        process_pt
  X:014FH         SYMBOL        ev
  X:0150H         SYMBOL        dataa
  -------         DO            
  X:0153H         SYMBOL        t
  X:0156H         SYMBOL        u
  C:0742H         SYMBOL        again
  -------         DO            
  X:0159H         SYMBOL        PT_YIELD_FLAG
  -------         DO            
  X:015AH         SYMBOL        p
  -------         ENDDO         
  -------         ENDDO         
  -------         ENDDO         
  C:0623H         LINE#         80
  C:062DH         LINE#         81
  C:062DH         LINE#         82
  C:062DH         LINE#         84
  C:0652H         LINE#         86
  C:065BH         LINE#         88
  C:065BH         LINE#         89
  C:0676H         LINE#         91
  C:0681H         LINE#         92
  C:068AH         LINE#         94
  C:06B5H         LINE#         95
  C:06C2H         LINE#         96
  C:06C4H         LINE#         98
  C:06C8H         LINE#         99
  C:06D5H         LINE#         100
  C:06E5H         LINE#         101
  C:070AH         LINE#         102
  C:0725H         LINE#         103
BL51 BANKED LINKER/LOCATER V6.22                                                      01/20/2020  19:14:49  PAGE 30


  C:0727H         LINE#         104
  C:0734H         LINE#         105
  C:0737H         LINE#         106
  C:0737H         LINE#         107
  C:0737H         LINE#         108
  C:0742H         LINE#         109
  C:0742H         LINE#         110
  C:0742H         LINE#         112
  C:0742H         LINE#         114
  C:074BH         LINE#         116
  C:0764H         LINE#         117
  C:076EH         LINE#         118
  C:0795H         LINE#         123
  C:07AAH         LINE#         124
  C:07B5H         LINE#         125
  C:07CDH         LINE#         126
  C:07CFH         LINE#         127
  C:07D5H         LINE#         128
  C:07D5H         LINE#         129
  C:07EAH         LINE#         130
  C:07EDH         LINE#         131
  C:07F0H         LINE#         132
  C:07F0H         LINE#         133
  C:07F3H         LINE#         134
  C:07F3H         LINE#         135
  C:07F3H         LINE#         136
  C:07FEH         LINE#         137
  C:0814H         LINE#         139
  C:0814H         LINE#         141
  C:0827H         LINE#         142
  -------         ENDPROC       _PROCESS_THREAD_ETIMER_PROCESS
  -------         PROC          ETIMER_REQUEST_POLL
  C:2924H         LINE#         145
  C:2924H         LINE#         146
  C:2924H         LINE#         147
  -------         ENDPROC       ETIMER_REQUEST_POLL
  -------         PROC          _ADD_TIMER
  X:015DH         SYMBOL        timer
  -------         DO            
  X:0160H         SYMBOL        t
  -------         ENDDO         
  C:119EH         LINE#         151
  C:11A5H         LINE#         152
  C:11A5H         LINE#         155
  C:11A8H         LINE#         157
  C:11B5H         LINE#         158
  C:11C9H         LINE#         159
  C:11ECH         LINE#         161
  C:1204H         LINE#         162
  C:1206H         LINE#         164
  C:1206H         LINE#         165
  C:1218H         LINE#         166
  C:1218H         LINE#         169
  C:1230H         LINE#         170
  C:1245H         LINE#         171
  C:124FH         LINE#         173
  C:1252H         LINE#         174
BL51 BANKED LINKER/LOCATER V6.22                                                      01/20/2020  19:14:49  PAGE 31


  -------         ENDPROC       _ADD_TIMER
  -------         PROC          _ETIMER_SET
  X:015AH         SYMBOL        et
  D:0004H         SYMBOL        interval
  C:264FH         LINE#         177
  C:2656H         LINE#         178
  C:2656H         LINE#         179
  C:265FH         LINE#         180
  -------         ENDPROC       _ETIMER_SET
  -------         PROC          _ETIMER_RESET_WITH_NEW_INTERVAL
  X:0223H         SYMBOL        et
  X:0226H         SYMBOL        interval
  C:2385H         LINE#         184
  C:2390H         LINE#         185
  C:2390H         LINE#         186
  C:2399H         LINE#         187
  C:23ABH         LINE#         188
  -------         ENDPROC       _ETIMER_RESET_WITH_NEW_INTERVAL
  -------         PROC          _ETIMER_RESET
  X:0261H         SYMBOL        et
  C:2668H         LINE#         192
  C:266FH         LINE#         193
  C:266FH         LINE#         194
  C:2678H         LINE#         195
  -------         ENDPROC       _ETIMER_RESET
  -------         PROC          _ETIMER_RESTART
  X:0154H         SYMBOL        et
  C:2681H         LINE#         199
  C:2688H         LINE#         200
  C:2688H         LINE#         201
  C:2691H         LINE#         202
  -------         ENDPROC       _ETIMER_RESTART
  -------         PROC          _ETIMER_ADJUST
  D:0001H         SYMBOL        et
  D:0004H         SYMBOL        timediff
  C:251FH         LINE#         206
  C:251FH         LINE#         207
  C:251FH         LINE#         208
  C:253EH         LINE#         209
  -------         ENDPROC       _ETIMER_ADJUST
  -------         PROC          _ETIMER_EXPIRED
  D:0001H         SYMBOL        et
  C:27B3H         LINE#         213
  C:27B3H         LINE#         214
  C:27B3H         LINE#         215
  C:27C5H         LINE#         216
  -------         ENDPROC       _ETIMER_EXPIRED
  -------         PROC          _ETIMER_EXPIRATION_TIME
  D:0001H         SYMBOL        et
  C:28DBH         LINE#         219
  C:28DBH         LINE#         220
  C:28DBH         LINE#         221
  C:28E7H         LINE#         222
  -------         ENDPROC       _ETIMER_EXPIRATION_TIME
  -------         PROC          _ETIMER_START_TIME
  D:0001H         SYMBOL        et
  C:295DH         LINE#         225
BL51 BANKED LINKER/LOCATER V6.22                                                      01/20/2020  19:14:49  PAGE 32


  C:295DH         LINE#         226
  C:295DH         LINE#         227
  C:2960H         LINE#         228
  -------         ENDPROC       _ETIMER_START_TIME
  -------         PROC          ETIMER_PENDING
  C:2830H         LINE#         231
  C:2830H         LINE#         232
  C:2830H         LINE#         233
  C:2840H         LINE#         234
  -------         ENDPROC       ETIMER_PENDING
  -------         PROC          ETIMER_NEXT_EXPIRATION_TIME
  C:2725H         LINE#         237
  C:2725H         LINE#         238
  C:2725H         LINE#         239
  C:2739H         LINE#         240
  -------         ENDPROC       ETIMER_NEXT_EXPIRATION_TIME
  -------         PROC          _ETIMER_STOP
  X:022AH         SYMBOL        et
  -------         DO            
  X:022DH         SYMBOL        t
  -------         ENDDO         
  C:0E9EH         LINE#         243
  C:0EA5H         LINE#         244
  C:0EA5H         LINE#         248
  C:0EC7H         LINE#         249
  C:0ECDH         LINE#         250
  C:0ECDH         LINE#         251
  C:0ED0H         LINE#         254
  C:0F1CH         LINE#         256
  C:0F20H         LINE#         260
  C:0F3BH         LINE#         262
  C:0F3EH         LINE#         263
  C:0F3EH         LINE#         264
  C:0F3EH         LINE#         267
  C:0F53H         LINE#         269
  C:0F68H         LINE#         270
  -------         ENDPROC       _ETIMER_STOP
[...]
  -------         ENDPROC       _PROCESS_THREAD_DOG
  C:1E03H         SYMBOL        L?0040
  -------         PROC          MAIN
  C:1DCDH         LINE#         70
  C:1DCDH         LINE#         71
  C:1DCDH         LINE#         72
  C:1DD0H         LINE#         73
  C:1DD3H         LINE#         74
  C:1DD6H         LINE#         75
  C:1DD9H         LINE#         76
  C:1DDCH         LINE#         78
  C:1DE3H         LINE#         79
  C:1DEDH         LINE#         80
  C:1DF4H         LINE#         81
  C:1DFEH         LINE#         82
  C:1E03H         LINE#         83
  C:1E03H         LINE#         84
  -------         ENDPROC       MAIN
  -------         ENDMOD        CONTIKI_MAIN

  -------         MODULE        SPIN_1602
  C:0000H         SYMBOL        _ICE_DUMMY_
  D:0080H         PUBLIC        P0
  D:0090H         PUBLIC        P1
  D:00A0H         PUBLIC        P2
  D:00C0H         PUBLIC        XICON
  D:00B0H         PUBLIC        P3
  D:00A8H         PUBLIC        IE
  C:278BH         PUBLIC        _wdata
  C:2777H         PUBLIC        _wcode
  C:22A4H         PUBLIC        _put_line1
BL51 BANKED LINKER/LOCATER V6.22                                                      01/20/2020  19:14:49  PAGE 50


  C:22D3H         PUBLIC        _put_line2
  D:00B8H         PUBLIC        IP
  X:011AH         PUBLIC        lcd_update
  B:0080H.7       PUBLIC        BusyFlag
  X:011BH         PUBLIC        lcd
  D:0098H         PUBLIC        SCON
  D:0088H         PUBLIC        TCON
  C:2841H         PUBLIC        checkbusy
  B:00A0H.7       PUBLIC        e
  B:00A0H.6       PUBLIC        rs
  D:00C8H         PUBLIC        T2CON
  B:00A0H.5       PUBLIC        rw
  C:279FH         PUBLIC        InitLCD
  X:0125H         PUBLIC        dis1
  X:0135H         PUBLIC        dis2
  C:1902H         SYMBOL        _process_thread_lcd
  D:00D0H         PUBLIC        PSW
  C:2492H         SYMBOL        Com001E
  C:2492H         SYMBOL        L?0031
  C:2497H         SYMBOL        L?0032
  C:249AH         SYMBOL        L?0033
  C:24A3H         SYMBOL        L?0034
  C:24A3H         SYMBOL        L?0035
  C:24ACH         SYMBOL        L?0036
  -------         PROC          COM001E
  -------         ENDPROC       COM001E
  -------         PROC          CHECKBUSY
  C:2841H         LINE#         25
  C:2841H         LINE#         26
  C:2841H         LINE#         27
  C:2844H         LINE#         28
  C:2846H         LINE#         29
  C:2848H         LINE#         30
  C:284AH         LINE#         31
  C:284CH         LINE#         32
  C:284FH         LINE#         33
  C:2851H         LINE#         34
  -------         ENDPROC       CHECKBUSY
  -------         PROC          _WCODE
  D:0007H         SYMBOL        t
  C:2777H         LINE#         38
  C:2777H         LINE#         39
  C:2777H         LINE#         40
  C:277AH         LINE#         41
  C:277CH         LINE#         42
  C:277EH         LINE#         43
  C:2780H         LINE#         44
  C:2782H         LINE#         45
  C:2785H         LINE#         46
  C:2788H         LINE#         47
  C:278AH         LINE#         48
  -------         ENDPROC       _WCODE
  -------         PROC          _WDATA
  D:0007H         SYMBOL        t
  C:278BH         LINE#         52
  C:278BH         LINE#         53
  C:278BH         LINE#         54
BL51 BANKED LINKER/LOCATER V6.22                                                      01/20/2020  19:14:49  PAGE 51


  C:278EH         LINE#         55
  C:2790H         LINE#         56
  C:2792H         LINE#         57
  C:2794H         LINE#         58
  C:2796H         LINE#         59
  C:2799H         LINE#         60
  C:279CH         LINE#         61
  C:279EH         LINE#         62
  -------         ENDPROC       _WDATA
  -------         PROC          _PUT_LINE1
  X:0154H         SYMBOL        line1
  -------         DO            
  X:0157H         SYMBOL        i
  -------         ENDDO         
  C:22A4H         LINE#         66
  C:22AAH         LINE#         67
  C:22AAH         LINE#         69
  C:22AFH         LINE#         70
  C:22BEH         LINE#         71
  C:22BEH         LINE#         72
  C:22CAH         LINE#         73
  C:22D2H         LINE#         74
  -------         ENDPROC       _PUT_LINE1
  -------         PROC          _PUT_LINE2
  X:025AH         SYMBOL        line2
  -------         DO            
  X:025DH         SYMBOL        i
  -------         ENDDO         
  C:22D3H         LINE#         78
  C:22D9H         LINE#         79
  C:22D9H         LINE#         81
  C:22DEH         LINE#         82
  C:22EDH         LINE#         83
  C:22EDH         LINE#         84
  C:22F9H         LINE#         85
  C:2301H         LINE#         86
  -------         ENDPROC       _PUT_LINE2
  -------         PROC          INITLCD
  C:279FH         LINE#         90
  C:279FH         LINE#         91
  C:27A4H         LINE#         92
  C:27A9H         LINE#         93
  C:27AEH         LINE#         94
  -------         ENDPROC       INITLCD
  -------         PROC          _PROCESS_THREAD_LCD
  X:014CH         SYMBOL        process_pt
  X:014FH         SYMBOL        ev
  X:0150H         SYMBOL        dataa
  -------         DO            
  X:0153H         SYMBOL        PT_YIELD_FLAG
  -------         ENDDO         
  C:1902H         LINE#         98
  C:190BH         LINE#         99
  C:190BH         LINE#         100
  C:1927H         LINE#         101
  C:192FH         LINE#         103
  C:1932H         LINE#         104
BL51 BANKED LINKER/LOCATER V6.22                                                      01/20/2020  19:14:49  PAGE 52


  C:1932H         LINE#         105
  C:1932H         LINE#         107
  C:1958H         LINE#         108
  C:1961H         LINE#         110
  C:1966H         LINE#         111
  C:1968H         LINE#         112
  C:1973H         LINE#         113
  -------         ENDPROC       _PROCESS_THREAD_LCD
  -------         ENDMOD        SPIN_1602

  -------         MODULE        ?C?CLDPTR
  C:003EH         PUBLIC        ?C?CLDPTR
  -------         ENDMOD        ?C?CLDPTR

  -------         MODULE        ?C?CLDOPTR
  C:0057H         PUBLIC        ?C?CLDOPTR
  -------         ENDMOD        ?C?CLDOPTR

  -------         MODULE        ?C?CSTPTR
  C:0084H         PUBLIC        ?C?CSTPTR
  -------         ENDMOD        ?C?CSTPTR

  -------         MODULE        ?C?CSTOPTR
  C:0096H         PUBLIC        ?C?CSTOPTR
  -------         ENDMOD        ?C?CSTOPTR

  -------         MODULE        ?C?IMUL
  C:00B8H         PUBLIC        ?C?IMUL
  -------         ENDMOD        ?C?IMUL

  -------         MODULE        ?C?UIDIV
  C:00CAH         PUBLIC        ?C?UIDIV
  -------         ENDMOD        ?C?UIDIV

  -------         MODULE        ?C?ILDIX
  C:011FH         PUBLIC        ?C?ILDIX
  -------         ENDMOD        ?C?ILDIX

  -------         MODULE        ?C?ILDPTR
  C:0135H         PUBLIC        ?C?ILDPTR
  -------         ENDMOD        ?C?ILDPTR

  -------         MODULE        ?C?IILDOPTR
  C:0160H         PUBLIC        ?C?IILDOPTR
  -------         ENDMOD        ?C?IILDOPTR

  -------         MODULE        ?C?ISTPTR
  C:01ADH         PUBLIC        ?C?ISTPTR
  -------         ENDMOD        ?C?ISTPTR

  -------         MODULE        ?C?ISTOPTR
  C:01CCH         PUBLIC        ?C?ISTOPTR
  -------         ENDMOD        ?C?ISTOPTR

  -------         MODULE        ?C?LMUL
  C:01F9H         PUBLIC        ?C?LMUL
  -------         ENDMOD        ?C?LMUL
BL51 BANKED LINKER/LOCATER V6.22                                                      01/20/2020  19:14:49  PAGE 53



  -------         MODULE        ?C?LNEG
  C:0248H         PUBLIC        ?C?LNEG
  -------         ENDMOD        ?C?LNEG

  -------         MODULE        ?C?ULCMP
  C:0256H         PUBLIC        ?C?ULCMP
  -------         ENDMOD        ?C?ULCMP

  -------         MODULE        ?C?LLDPTR
  C:0267H         PUBLIC        ?C?LLDPTR
  -------         ENDMOD        ?C?LLDPTR

  -------         MODULE        ?C?LLDOPTR
  C:0287H         PUBLIC        ?C?LLDOPTR
  -------         ENDMOD        ?C?LLDOPTR

  -------         MODULE        ?C?LSTPTR
  C:02B7H         PUBLIC        ?C?LSTPTR
  -------         ENDMOD        ?C?LSTPTR

  -------         MODULE        ?C?LSTOPTR
  C:02D1H         PUBLIC        ?C?LSTOPTR
  -------         ENDMOD        ?C?LSTOPTR

  -------         MODULE        ?C?LLDPTR0
  C:02F5H         PUBLIC        ?C?LLDPTR0
  -------         ENDMOD        ?C?LLDPTR0

  -------         MODULE        ?C?LLDOPTR0
  C:0315H         PUBLIC        ?C?LLDOPTR0
  -------         ENDMOD        ?C?LLDOPTR0

  -------         MODULE        ?C?LSTXDATA
  C:0345H         PUBLIC        ?C?LSTXDATA
  -------         ENDMOD        ?C?LSTXDATA

  -------         MODULE        ?C?LSTKXDATA
  C:0351H         PUBLIC        ?C?LSTKXDATA
  -------         ENDMOD        ?C?LSTKXDATA

  -------         MODULE        ?C?LSTKPTR
  C:0382H         PUBLIC        ?C?LSTKPTR
  -------         ENDMOD        ?C?LSTKPTR

  -------         MODULE        ?C?PLDPTR
  C:039CH         PUBLIC        ?C?PLDPTR
  -------         ENDMOD        ?C?PLDPTR

  -------         MODULE        ?C?PILDPTR
  C:03BCH         PUBLIC        ?C?PILDPTR
  -------         ENDMOD        ?C?PILDPTR

  -------         MODULE        ?C?PSTPTR
  C:03DEH         PUBLIC        ?C?PSTPTR
  -------         ENDMOD        ?C?PSTPTR

BL51 BANKED LINKER/LOCATER V6.22                                                      01/20/2020  19:14:49  PAGE 54


  -------         MODULE        ?C?PLDOPTR
  C:042DH         PUBLIC        ?C?PLDOPTR
  -------         ENDMOD        ?C?PLDOPTR

  -------         MODULE        ?C?PSTOPTR
  C:045DH         PUBLIC        ?C?PSTOPTR
  -------         ENDMOD        ?C?PSTOPTR

  -------         MODULE        ?C?ICALL
  C:04B6H         PUBLIC        ?C?ICALL
  C:04BAH         PUBLIC        ?C?ICALL2
  -------         ENDMOD        ?C?ICALL

  -------         MODULE        ?C?ADDXBP
  C:04BCH         PUBLIC        ?C?ADDXBP
  -------         ENDMOD        ?C?ADDXBP

  -------         MODULE        ?C?IILDX
  C:04E0H         PUBLIC        ?C?IILDX
  -------         ENDMOD        ?C?IILDX

  -------         MODULE        ?C?LLDIDATA
  C:04F6H         PUBLIC        ?C?LLDIDATA
  -------         ENDMOD        ?C?LLDIDATA

  -------         MODULE        ?C?LLDXDATA
  C:0502H         PUBLIC        ?C?LLDXDATA
  -------         ENDMOD        ?C?LLDXDATA

  -------         MODULE        ?C?LLDPDATA
  C:050EH         PUBLIC        ?C?LLDPDATA
  -------         ENDMOD        ?C?LLDPDATA

  -------         MODULE        ?C?LLDCODE
  C:051AH         PUBLIC        ?C?LLDCODE
  -------         ENDMOD        ?C?LLDCODE

  -------         MODULE        ?C?LLDIDATA0
  C:052AH         PUBLIC        ?C?LLDIDATA0
  -------         ENDMOD        ?C?LLDIDATA0

  -------         MODULE        ?C?LLDXDATA0
  C:0537H         PUBLIC        ?C?LLDXDATA0
  -------         ENDMOD        ?C?LLDXDATA0

  -------         MODULE        ?C?LLDPDATA0
  C:0543H         PUBLIC        ?C?LLDPDATA0
  -------         ENDMOD        ?C?LLDPDATA0

  -------         MODULE        ?C?LLDCODE0
  C:0550H         PUBLIC        ?C?LLDCODE0
  -------         ENDMOD        ?C?LLDCODE0

  -------         MODULE        ?C?LSTIDATA
  C:0560H         PUBLIC        ?C?LSTIDATA
  -------         ENDMOD        ?C?LSTIDATA

BL51 BANKED LINKER/LOCATER V6.22                                                      01/20/2020  19:14:49  PAGE 55


  -------         MODULE        ?C?LSTPDATA
  C:056CH         PUBLIC        ?C?LSTPDATA
  -------         ENDMOD        ?C?LSTPDATA

  -------         MODULE        ?C?LSTKIDATA
  C:0578H         PUBLIC        ?C?LSTKIDATA
  -------         ENDMOD        ?C?LSTKIDATA

  -------         MODULE        ?C?LSTKPDATA
  C:0591H         PUBLIC        ?C?LSTKPDATA
  -------         ENDMOD        ?C?LSTKPDATA

  -------         MODULE        ?C?PLDIDATA
  C:05AAH         PUBLIC        ?C?PLDIDATA
  -------         ENDMOD        ?C?PLDIDATA

  -------         MODULE        ?C?PILDIDATA
  C:05B3H         PUBLIC        ?C?PILDIDATA
  -------         ENDMOD        ?C?PILDIDATA

  -------         MODULE        ?C?PSTIDATA
  C:05C3H         PUBLIC        ?C?PSTIDATA
  -------         ENDMOD        ?C?PSTIDATA

  -------         MODULE        ?C?PLDXDATA
  C:05CCH         PUBLIC        ?C?PLDXDATA
  -------         ENDMOD        ?C?PLDXDATA

  -------         MODULE        ?C?PILDXDATA
  C:05D5H         PUBLIC        ?C?PILDXDATA
  -------         ENDMOD        ?C?PILDXDATA

  -------         MODULE        ?C?PSTXDATA
  C:05ECH         PUBLIC        ?C?PSTXDATA
  -------         ENDMOD        ?C?PSTXDATA

  -------         MODULE        ?C?PLDPDATA
  C:05F5H         PUBLIC        ?C?PLDPDATA
  -------         ENDMOD        ?C?PLDPDATA

  -------         MODULE        ?C?PILDPDATA
  C:05FEH         PUBLIC        ?C?PILDPDATA
  -------         ENDMOD        ?C?PILDPDATA

  -------         MODULE        ?C?PSTPDATA
  C:060EH         PUBLIC        ?C?PSTPDATA
  -------         ENDMOD        ?C?PSTPDATA

  -------         MODULE        ?C?PLDCODE
  C:0617H         PUBLIC        ?C?PLDCODE
  -------         ENDMOD        ?C?PLDCODE

  -------         MODULE        ?C_XBP
  D:0008H         PUBLIC        ?C_XBP
  -------         ENDMOD        ?C_XBP

*** WARNING L13: RECURSIVE CALL TO SEGMENT
BL51 BANKED LINKER/LOCATER V6.22                                                      01/20/2020  19:14:49  PAGE 56


    SEGMENT: ?PR?_EXIT_PROCESS?PROCESS
    CALLER:  ?PR?_CALL_PROCESS?PROCESS

*** WARNING L16: UNCALLED SEGMENT, IGNORED FOR OVERLAY PROCESS
    SEGMENT: ?PR?_SPIN_SET_F0?SPIN_USERSTART

*** WARNING L16: UNCALLED SEGMENT, IGNORED FOR OVERLAY PROCESS
    SEGMENT: ?PR?SPIN_GET_CY?SPIN_USERSTART

*** WARNING L16: UNCALLED SEGMENT, IGNORED FOR OVERLAY PROCESS
    SEGMENT: ?PR?SPIN_GET_F0?SPIN_USERSTART

*** WARNING L16: UNCALLED SEGMENT, IGNORED FOR OVERLAY PROCESS
    SEGMENT: ?PR?SPIN_GET_RS1?SPIN_USERSTART

*** WARNING L16: UNCALLED SEGMENT, IGNORED FOR OVERLAY PROCESS
    SEGMENT: ?PR?SPIN_GET_RS0?SPIN_USERSTART

*** WARNING L16: UNCALLED SEGMENT, IGNORED FOR OVERLAY PROCESS
    SEGMENT: ?PR?SPIN_GET_OV?SPIN_USERSTART

*** WARNING L16: UNCALLED SEGMENT, IGNORED FOR OVERLAY PROCESS
    SEGMENT: ?PR?_SPIN_SET_SP?SPIN_USERSTART

*** WARNING L16: UNCALLED SEGMENT, IGNORED FOR OVERLAY PROCESS
    SEGMENT: ?PR?SPIN_GET_SP?SPIN_USERSTART

*** WARNING L16: UNCALLED SEGMENT, IGNORED FOR OVERLAY PROCESS
    SEGMENT: ?PR?SPIN_EXINT0_STOP?SPIN_EXINTERUPT

*** WARNING L16: UNCALLED SEGMENT, IGNORED FOR OVERLAY PROCESS
    SEGMENT: ?PR?SPIN_EXINT1_STOP?SPIN_EXINTERUPT

*** WARNING L16: UNCALLED SEGMENT, IGNORED FOR OVERLAY PROCESS
    SEGMENT: ?PR?_SPIN_SET_GPIO_VALUE?SPIN_GPIO

*** WARNING L16: UNCALLED SEGMENT, IGNORED FOR OVERLAY PROCESS
    SEGMENT: ?PR?_SPIN_GET_GPIO_BIT_VALUE?SPIN_GPIO

*** WARNING L16: UNCALLED SEGMENT, IGNORED FOR OVERLAY PROCESS
    SEGMENT: ?PR?SPIN_INTERUPT_DISABLE?SPIN_INTERUPT

*** WARNING L16: UNCALLED SEGMENT, IGNORED FOR OVERLAY PROCESS
    SEGMENT: ?PR?IDLE_MODE?SPIN_PWRMGR

*** WARNING L16: UNCALLED SEGMENT, IGNORED FOR OVERLAY PROCESS
    SEGMENT: ?PR?POWER_DOWN?SPIN_PWRMGR

*** WARNING L16: UNCALLED SEGMENT, IGNORED FOR OVERLAY PROCESS
    SEGMENT: ?PR?_SPIN_COUNTER_TIME?SPIN_TIMER

*** WARNING L16: UNCALLED SEGMENT, IGNORED FOR OVERLAY PROCESS
    SEGMENT: ?PR?DELAY2US?SPIN_TIMER

*** WARNING L16: UNCALLED SEGMENT, IGNORED FOR OVERLAY PROCESS
    SEGMENT: ?PR?DELAY3US?SPIN_TIMER

BL51 BANKED LINKER/LOCATER V6.22                                                      01/20/2020  19:14:49  PAGE 57


*** WARNING L16: UNCALLED SEGMENT, IGNORED FOR OVERLAY PROCESS
    SEGMENT: ?PR?DELAY1S?SPIN_TIMER

*** WARNING L16: UNCALLED SEGMENT, IGNORED FOR OVERLAY PROCESS
    SEGMENT: ?PR?SPIN_WATCHDOG_DISABLE?SPIN_WATCHDOG

*** WARNING L16: UNCALLED SEGMENT, IGNORED FOR OVERLAY PROCESS
    SEGMENT: ?PR?SPIN_WATCHDOG_IDLEWORK?SPIN_WATCHDOG

*** WARNING L16: UNCALLED SEGMENT, IGNORED FOR OVERLAY PROCESS
    SEGMENT: ?PR?_XPUTS?XPRINTF

*** WARNING L16: UNCALLED SEGMENT, IGNORED FOR OVERLAY PROCESS
    SEGMENT: ?PR?XGETC?XPRINTF

*** WARNING L16: UNCALLED SEGMENT, IGNORED FOR OVERLAY PROCESS
    SEGMENT: ?PR?_XGETS?XPRINTF

*** WARNING L16: UNCALLED SEGMENT, IGNORED FOR OVERLAY PROCESS
    SEGMENT: ?PR?_XATOI?XPRINTF

*** WARNING L16: UNCALLED SEGMENT, IGNORED FOR OVERLAY PROCESS
    SEGMENT: ?PR?_CLOCK_DELAY_USEC?CLOCK

*** WARNING L16: UNCALLED SEGMENT, IGNORED FOR OVERLAY PROCESS
    SEGMENT: ?PR?_CLOCK_WAIT?CLOCK

*** WARNING L16: UNCALLED SEGMENT, IGNORED FOR OVERLAY PROCESS
    SEGMENT: ?PR?_ETIMER_RESET_WITH_NEW_INTERVAL?ETIMER

*** WARNING L16: UNCALLED SEGMENT, IGNORED FOR OVERLAY PROCESS
    SEGMENT: ?PR?_ETIMER_ADJUST?ETIMER

*** WARNING L16: UNCALLED SEGMENT, IGNORED FOR OVERLAY PROCESS
    SEGMENT: ?PR?_ETIMER_EXPIRATION_TIME?ETIMER

*** WARNING L16: UNCALLED SEGMENT, IGNORED FOR OVERLAY PROCESS
    SEGMENT: ?PR?_ETIMER_START_TIME?ETIMER

*** WARNING L16: UNCALLED SEGMENT, IGNORED FOR OVERLAY PROCESS
    SEGMENT: ?PR?_PROCESS_EXIT?PROCESS

*** WARNING L16: UNCALLED SEGMENT, IGNORED FOR OVERLAY PROCESS
    SEGMENT: ?PR?PROCESS_NEVENTS?PROCESS

*** WARNING L16: UNCALLED SEGMENT, IGNORED FOR OVERLAY PROCESS
    SEGMENT: ?PR?_TIMER_REMAINING?TIMER

*** WARNING L16: UNCALLED SEGMENT, IGNORED FOR OVERLAY PROCESS
    SEGMENT: ?PR?_STIMER_SET?STIMER

*** WARNING L16: UNCALLED SEGMENT, IGNORED FOR OVERLAY PROCESS
    SEGMENT: ?PR?_STIMER_RESET?STIMER

*** WARNING L16: UNCALLED SEGMENT, IGNORED FOR OVERLAY PROCESS
    SEGMENT: ?PR?_STIMER_RESTART?STIMER

BL51 BANKED LINKER/LOCATER V6.22                                                      01/20/2020  19:14:49  PAGE 58


*** WARNING L16: UNCALLED SEGMENT, IGNORED FOR OVERLAY PROCESS
    SEGMENT: ?PR?_STIMER_EXPIRED?STIMER

*** WARNING L16: UNCALLED SEGMENT, IGNORED FOR OVERLAY PROCESS
    SEGMENT: ?PR?_STIMER_REMAINING?STIMER

*** WARNING L16: UNCALLED SEGMENT, IGNORED FOR OVERLAY PROCESS
    SEGMENT: ?PR?_STIMER_ELAPSED?STIMER

*** WARNING L16: UNCALLED SEGMENT, IGNORED FOR OVERLAY PROCESS
    SEGMENT: ?PR?_CTIMER_SET?CTIMER

*** WARNING L16: UNCALLED SEGMENT, IGNORED FOR OVERLAY PROCESS
    SEGMENT: ?PR?_CTIMER_RESET?CTIMER

*** WARNING L16: UNCALLED SEGMENT, IGNORED FOR OVERLAY PROCESS
    SEGMENT: ?PR?_CTIMER_RESTART?CTIMER

*** WARNING L16: UNCALLED SEGMENT, IGNORED FOR OVERLAY PROCESS
    SEGMENT: ?PR?_CTIMER_STOP?CTIMER

*** WARNING L16: UNCALLED SEGMENT, IGNORED FOR OVERLAY PROCESS
    SEGMENT: ?PR?_CTIMER_EXPIRED?CTIMER

*** WARNING L16: UNCALLED SEGMENT, IGNORED FOR OVERLAY PROCESS
    SEGMENT: ?PR?_RTIMER_SET?RTIMER

*** WARNING L16: UNCALLED SEGMENT, IGNORED FOR OVERLAY PROCESS
    SEGMENT: ?PR?_LIST_COPY?LIST

*** WARNING L16: UNCALLED SEGMENT, IGNORED FOR OVERLAY PROCESS
    SEGMENT: ?PR?_LIST_CHOP?LIST

*** WARNING L16: UNCALLED SEGMENT, IGNORED FOR OVERLAY PROCESS
    SEGMENT: ?PR?_LIST_POP?LIST

*** WARNING L16: UNCALLED SEGMENT, IGNORED FOR OVERLAY PROCESS
    SEGMENT: ?PR?_LIST_LENGTH?LIST

*** WARNING L16: UNCALLED SEGMENT, IGNORED FOR OVERLAY PROCESS
    SEGMENT: ?PR?_LIST_INSERT?LIST

*** WARNING L16: UNCALLED SEGMENT, IGNORED FOR OVERLAY PROCESS
    SEGMENT: ?PR?_LIST_ITEM_NEXT?LIST

*** WARNING L16: UNCALLED SEGMENT, IGNORED FOR OVERLAY PROCESS
    SEGMENT: ?PR?_PUT_LINE2?SPIN_1602

*** WARNING L15: MULTIPLE CALL TO SEGMENT
    SEGMENT: ?PR?_SPIN_TIMER_START?SPIN_TIMER
    CALLER1: ?PR?RTIMER_ISR?RTIMER_ARCH
    CALLER2: ?C_C51STARTUP

*** WARNING L15: MULTIPLE CALL TO SEGMENT
    SEGMENT: ?PR?_PROCESS_POLL?PROCESS
    CALLER1: ?PR?INTERSVR1?CLOCK
    CALLER2: ?C_C51STARTUP
BL51 BANKED LINKER/LOCATER V6.22                                                      01/20/2020  19:14:49  PAGE 59



Program Size: data=31.0 xdata=646 code=10619
LINK/LOCATE RUN COMPLETE.  56 WARNING(S),  0 ERROR(S)
