BL51 BANKED LINKER/LOCATER V6.22                                                        01/20/2020  02:47:05  PAGE 1


BL51 BANKED LINKER/LOCATER V6.22, INVOKED BY:
C:\KEIL\C51\BIN\BL51.EXE spin_userstart.obj, spin_exinterupt.obj, spin_gpio.obj, spin_interupt.obj, spin_pwrmgr.obj, spi
>> n_timer.obj, spin_uart.obj, spin_watchdog.obj, xprintf.obj, clock.obj, rtimer-arch.obj, etimer.obj, process.obj, time
>> r.obj, rtimer.obj, stimer.obj, ctimer.obj, contiki-main.obj TO stc89c52 RAMSIZE (256) CODE (0X0000-0XF3FF) XDATA (0X0
>> 000-0X03FF)




PROGRAM RECURSIONS REMOVED FROM CALL TREE
=========================================
+--> ?PR?_EXIT_PROCESS?PROCESS
<--+ ?PR?_CALL_PROCESS?PROCESS



MEMORY MODEL: LARGE


INPUT MODULES INCLUDED:
  spin_userstart.obj (SPIN_USERSTART)
  spin_exinterupt.obj (SPIN_EXINTERUPT)
  spin_gpio.obj (SPIN_GPIO)
  spin_interupt.obj (SPIN_INTERUPT)
  spin_pwrmgr.obj (SPIN_PWRMGR)
  spin_timer.obj (SPIN_TIMER)
  spin_uart.obj (SPIN_UART)
  spin_watchdog.obj (SPIN_WATCHDOG)
  xprintf.obj (XPRINTF)
  clock.obj (CLOCK)
  rtimer-arch.obj (RTIMER_ARCH)
  etimer.obj (ETIMER)
  process.obj (PROCESS)
  timer.obj (TIMER)
  rtimer.obj (RTIMER)
  stimer.obj (STIMER)
  ctimer.obj (CTIMER)
  contiki-main.obj (CONTIKI_MAIN)
  C:\KEIL\C51\LIB\C51L.LIB (?C_STARTUP)
  C:\KEIL\C51\LIB\C51L.LIB (?C?CLDPTR)
  C:\KEIL\C51\LIB\C51L.LIB (?C?CLDOPTR)
  C:\KEIL\C51\LIB\C51L.LIB (?C?CSTPTR)
  C:\KEIL\C51\LIB\C51L.LIB (?C?CSTOPTR)
  C:\KEIL\C51\LIB\C51L.LIB (?C?IMUL)
  C:\KEIL\C51\LIB\C51L.LIB (?C?UIDIV)
  C:\KEIL\C51\LIB\C51L.LIB (?C?IILDX)
  C:\KEIL\C51\LIB\C51L.LIB (?C?ILDIX)
  C:\KEIL\C51\LIB\C51L.LIB (?C?ILDPTR)
  C:\KEIL\C51\LIB\C51L.LIB (?C?IILDOPTR)
  C:\KEIL\C51\LIB\C51L.LIB (?C?ISTPTR)
  C:\KEIL\C51\LIB\C51L.LIB (?C?ISTOPTR)
  C:\KEIL\C51\LIB\C51L.LIB (?C?LADD)
  C:\KEIL\C51\LIB\C51L.LIB (?C?LSUB)
  C:\KEIL\C51\LIB\C51L.LIB (?C?LMUL)
  C:\KEIL\C51\LIB\C51L.LIB (?C?LNEG)
  C:\KEIL\C51\LIB\C51L.LIB (?C?ULCMP)
  C:\KEIL\C51\LIB\C51L.LIB (?C?LLDPTR)
  C:\KEIL\C51\LIB\C51L.LIB (?C?LLDOPTR)
BL51 BANKED LINKER/LOCATER V6.22                                                      01/20/2020  02:47:05  PAGE 2


  C:\KEIL\C51\LIB\C51L.LIB (?C?LSTPTR)
  C:\KEIL\C51\LIB\C51L.LIB (?C?LSTOPTR)
  C:\KEIL\C51\LIB\C51L.LIB (?C?LLDXDATA)
  C:\KEIL\C51\LIB\C51L.LIB (?C?LLDXDATA0)
  C:\KEIL\C51\LIB\C51L.LIB (?C?LLDPTR0)
  C:\KEIL\C51\LIB\C51L.LIB (?C?LLDOPTR0)
  C:\KEIL\C51\LIB\C51L.LIB (?C?LSTXDATA)
  C:\KEIL\C51\LIB\C51L.LIB (?C?LSTKXDATA)
  C:\KEIL\C51\LIB\C51L.LIB (?C?LSTKPTR)
  C:\KEIL\C51\LIB\C51L.LIB (?C?PLDXDATA)
  C:\KEIL\C51\LIB\C51L.LIB (?C?PLDIXDATA)
  C:\KEIL\C51\LIB\C51L.LIB (?C?PSTXDATA)
  C:\KEIL\C51\LIB\C51L.LIB (?C?PLDPTR)
  C:\KEIL\C51\LIB\C51L.LIB (?C?PILDPTR)
  C:\KEIL\C51\LIB\C51L.LIB (?C?PSTPTR)
  C:\KEIL\C51\LIB\C51L.LIB (?C?PLDOPTR)
  C:\KEIL\C51\LIB\C51L.LIB (?C?PSTOPTR)
  C:\KEIL\C51\LIB\C51L.LIB (?C?CCASE)
  C:\KEIL\C51\LIB\C51L.LIB (?C?ICALL)
  C:\KEIL\C51\LIB\C51L.LIB (?C?ADDXBP)
  C:\KEIL\C51\LIB\C51L.LIB (?C_INIT)
  C:\KEIL\C51\LIB\C51L.LIB (?C?LLDIDATA)
  C:\KEIL\C51\LIB\C51L.LIB (?C?LLDPDATA)
  C:\KEIL\C51\LIB\C51L.LIB (?C?LLDCODE)
  C:\KEIL\C51\LIB\C51L.LIB (?C?LLDIDATA0)
  C:\KEIL\C51\LIB\C51L.LIB (?C?LLDPDATA0)
  C:\KEIL\C51\LIB\C51L.LIB (?C?LLDCODE0)
  C:\KEIL\C51\LIB\C51L.LIB (?C?LSTIDATA)
  C:\KEIL\C51\LIB\C51L.LIB (?C?LSTPDATA)
  C:\KEIL\C51\LIB\C51L.LIB (?C?LSTKIDATA)
  C:\KEIL\C51\LIB\C51L.LIB (?C?LSTKPDATA)
  C:\KEIL\C51\LIB\C51L.LIB (?C?PLDIDATA)
  C:\KEIL\C51\LIB\C51L.LIB (?C?PILDIDATA)
  C:\KEIL\C51\LIB\C51L.LIB (?C?PSTIDATA)
  C:\KEIL\C51\LIB\C51L.LIB (?C?PILDXDATA)
  C:\KEIL\C51\LIB\C51L.LIB (?C?PLDPDATA)
  C:\KEIL\C51\LIB\C51L.LIB (?C?PILDPDATA)
  C:\KEIL\C51\LIB\C51L.LIB (?C?PSTPDATA)
  C:\KEIL\C51\LIB\C51L.LIB (?C?PLDCODE)
  C:\KEIL\C51\LIB\C51L.LIB (?C_XBP)


LINK MAP OF MODULE:  stc89c52 (SPIN_USERSTART)


            TYPE    BASE      LENGTH    RELOCATION   SEGMENT NAME
            -----------------------------------------------------

            * * * * * * *   D A T A   M E M O R Y   * * * * * * *
            REG     0000H     0008H     ABSOLUTE     "REG BANK 0"
            DATA    0008H     0002H     UNIT         ?C?LIB_DATA
            IDATA   000AH     0010H     UNIT         ?ID?SPIN_UART
            IDATA   001AH     0003H     UNIT         _IDATA_GROUP_
                    001DH     0003H                  *** GAP ***
            BIT     0020H.0   0001H.0   UNIT         ?BI?SPIN_INTERUPT
            IDATA   0021H     0001H     UNIT         ?STACK

BL51 BANKED LINKER/LOCATER V6.22                                                      01/20/2020  02:47:05  PAGE 3


            * * * * * * *  X D A T A   M E M O R Y  * * * * * * *
            XDATA   0000H     00EAH     UNIT         ?XD?PROCESS
            XDATA   00EAH     0090H     UNIT         ?XD?CONTIKI_MAIN
            XDATA   017AH     0029H     UNIT         _XDATA_GROUP_
            XDATA   01A3H     0013H     UNIT         ?XD?_CTIMER_SET_WITH_PROCESS?CTIMER
            XDATA   01B6H     0011H     UNIT         ?XD?ETIMER
            XDATA   01C7H     0011H     UNIT         ?XD?CTIMER
            XDATA   01D8H     0010H     UNIT         ?XD?SPIN_INTERUPT
            XDATA   01E8H     000DH     UNIT         ?XD?_XATOI?XPRINTF
            XDATA   01F5H     000DH     UNIT         ?XD?_RTIMER_SET?RTIMER
            XDATA   0202H     000DH     UNIT         ?XD?_CTIMER_SET?CTIMER
            XDATA   020FH     000CH     UNIT         ?XD?_EXIT_PROCESS?PROCESS
            XDATA   021BH     000AH     UNIT         ?XD?CLOCK
            XDATA   0225H     0009H     UNIT         ?XD?_XGETS?XPRINTF
            XDATA   022EH     0008H     UNIT         ?XD?_CLOCK_WAIT?CLOCK
            XDATA   0236H     0007H     UNIT         ?XD?XPRINTF
            XDATA   023DH     0007H     UNIT         ?XD?_ETIMER_RESET_WITH_NEW_INTERVAL?ETIMER
            XDATA   0244H     0006H     UNIT         ?XD?_ETIMER_STOP?ETIMER
            XDATA   024AH     0006H     UNIT         ?XD?_CTIMER_RESET?CTIMER
            XDATA   0250H     0006H     UNIT         ?XD?_CTIMER_RESTART?CTIMER
            XDATA   0256H     0006H     UNIT         ?XD?_CTIMER_EXPIRED?CTIMER
            XDATA   025CH     0003H     UNIT         ?XD?_XPUTS?XPRINTF
            XDATA   025FH     0003H     UNIT         ?XD?_ETIMER_RESET?ETIMER
            XDATA   0262H     0003H     UNIT         ?XD?_TIMER_RESET?TIMER
            XDATA   0265H     0003H     UNIT         ?XD?_TIMER_REMAINING?TIMER
            XDATA   0268H     0003H     UNIT         ?XD?RTIMER
            XDATA   026BH     0003H     UNIT         ?XD?_STIMER_SET?STIMER
            XDATA   026EH     0003H     UNIT         ?XD?_STIMER_RESET?STIMER
            XDATA   0271H     0003H     UNIT         ?XD?_STIMER_RESTART?STIMER
            XDATA   0274H     0003H     UNIT         ?XD?_STIMER_EXPIRED?STIMER
            XDATA   0277H     0003H     UNIT         ?XD?_STIMER_REMAINING?STIMER
            XDATA   027AH     0003H     UNIT         ?XD?_STIMER_ELAPSED?STIMER
            XDATA   027DH     0003H     UNIT         ?XD?_CTIMER_STOP?CTIMER
            XDATA   0280H     0001H     UNIT         ?XD?_XPUTC?XPRINTF

            * * * * * * *   C O D E   M E M O R Y   * * * * * * *
            CODE    0000H     0003H     ABSOLUTE     
            CODE    0003H     0008H     UNIT         ?PR?_PRIMARY_VALUE?SPIN_TIMER
            CODE    000BH     0003H     ABSOLUTE     
            CODE    000EH     0005H     UNIT         ?PR?SPIN_EXINT0_STOP?SPIN_EXINTERUPT
            CODE    0013H     0003H     ABSOLUTE     
            CODE    0016H     0005H     UNIT         ?PR?SPIN_EXINT1_STOP?SPIN_EXINTERUPT
            CODE    001BH     0003H     ABSOLUTE     
            CODE    001EH     0005H     UNIT         ?PR?RTIMER_ARCH_INIT?RTIMER_ARCH
            CODE    0023H     0003H     ABSOLUTE     
            CODE    0026H     0004H     UNIT         ?PR?SPIN_GET_CY?SPIN_USERSTART
            CODE    002AH     0001H     UNIT         ?PR?DELAY2US?SPIN_TIMER
            CODE    002BH     0003H     ABSOLUTE     
            CODE    002EH     0004H     UNIT         ?PR?IDLE_MODE?SPIN_PWRMGR
                    0032H     0001H                  *** GAP ***
            CODE    0033H     0003H     ABSOLUTE     
            CODE    0036H     0004H     UNIT         ?PR?POWER_DOWN?SPIN_PWRMGR
                    003AH     0001H                  *** GAP ***
            CODE    003BH     0003H     ABSOLUTE     
            CODE    003EH     063DH     UNIT         ?C?LIB_CODE
            CODE    067BH     01ADH     UNIT         ?PR?_PROCESS_THREAD_ETIMER_PROCESS?ETIMER
            CODE    0828H     018DH     UNIT         ?PR?_EXIT_PROCESS?PROCESS
BL51 BANKED LINKER/LOCATER V6.22                                                      01/20/2020  02:47:05  PAGE 4


            CODE    09B5H     014CH     UNIT         ?PR?_XATOI?XPRINTF
            CODE    0B01H     0137H     UNIT         ?PR?_PROCESS_THREAD_CTIMER_PROCESS?CTIMER
            CODE    0C38H     00DFH     UNIT         ?PR?_XGETS?XPRINTF
            CODE    0D17H     00CDH     UNIT         ?PR?INTERSVR1?CLOCK
            CODE    0DE4H     00B1H     UNIT         ?PR?_ETIMER_STOP?ETIMER
            CODE    0E95H     00AAH     UNIT         ?PR?PROCESS
            CODE    0F3FH     00A7H     UNIT         ?C_INITSEG
            CODE    0FE6H     00A0H     UNIT         ?PR?DO_EVENT?PROCESS
            CODE    1086H     009EH     UNIT         ?PR?_PROCESS_START?PROCESS
            CODE    1124H     009DH     UNIT         ?PR?_PROCESS_THREAD_LED2?CONTIKI_MAIN
            CODE    11C1H     009DH     UNIT         ?PR?_PROCESS_THREAD_LED3?CONTIKI_MAIN
            CODE    125EH     009DH     UNIT         ?PR?_PROCESS_THREAD_LED4?CONTIKI_MAIN
            CODE    12FBH     009AH     UNIT         ?PR?_ADD_TIMER?ETIMER
            CODE    1395H     0099H     UNIT         ?PR?_PROCESS_THREAD_LED?CONTIKI_MAIN
            CODE    142EH     0099H     UNIT         ?PR?_PROCESS_THREAD_LED1?CONTIKI_MAIN
            CODE    14C7H     0095H     UNIT         ?PR?_CALL_PROCESS?PROCESS
            CODE    155CH     008CH     UNIT         ?PR?_CTIMER_SET_WITH_PROCESS?CTIMER
            CODE    15E8H     008CH     UNIT         ?C_C51STARTUP
            CODE    1674H     0086H     UNIT         ?PR?_SPIN_WATCHDOG_OVERTIME?SPIN_WATCHDOG
            CODE    16FAH     0082H     UNIT         ?PR?MAIN?CONTIKI_MAIN
            CODE    177CH     0072H     UNIT         ?PR?UPDATE_TIME?ETIMER
            CODE    17EEH     006CH     UNIT         ?PR?_PROCESS_THREAD_DOG?CONTIKI_MAIN
            CODE    185AH     0068H     UNIT         ?PR?_RTIMER_SET?RTIMER
            CODE    18C2H     0066H     UNIT         ?PR?ETIMER
            CODE    1928H     0061H     UNIT         ?PR?CTIMER
            CODE    1989H     005BH     UNIT         ?PR?INTERSVR2?SPIN_INTERUPT
            CODE    19E4H     005BH     UNIT         ?PR?INTERSVR5?SPIN_INTERUPT
            CODE    1A3FH     005BH     UNIT         ?PR?INTERSVR6?SPIN_INTERUPT
            CODE    1A9AH     005BH     UNIT         ?PR?INTERSVR7?SPIN_INTERUPT
            CODE    1AF5H     005BH     UNIT         ?PR?INTERSVR4?SPIN_UART
            CODE    1B50H     0058H     UNIT         ?PR?_CTIMER_EXPIRED?CTIMER
            CODE    1BA8H     0057H     UNIT         ?PR?CONTIKI_MAIN
            CODE    1BFFH     0056H     UNIT         ?PR?DO_POLL?PROCESS
            CODE    1C55H     004FH     UNIT         ?PR?RTIMER_RUN_NEXT?RTIMER
            CODE    1CA4H     004EH     UNIT         ?PR?_SPIN_TIMER_SET?SPIN_TIMER
            CODE    1CF2H     004EH     UNIT         ?PR?RTIMER_ISR?RTIMER_ARCH
            CODE    1D40H     0048H     UNIT         ?PR?_SPIN_SET_GPIO_BIT_VALUE?SPIN_GPIO
            CODE    1D88H     0047H     UNIT         ?PR?_XPUTC?XPRINTF
            CODE    1DCFH     0046H     UNIT         ?PR?_TIMER_EXPIRED?TIMER
            CODE    1E15H     0043H     UNIT         ?PR?_SPIN_COUNTER_SET?SPIN_TIMER
            CODE    1E58H     0043H     UNIT         ?PR?_CTIMER_STOP?CTIMER
            CODE    1E9BH     0042H     UNIT         ?PR?_PROCESS_POST?PROCESS
            CODE    1EDDH     0040H     UNIT         ?PR?_STIMER_EXPIRED?STIMER
            CODE    1F1DH     003EH     UNIT         ?PR?_SPIN_GET_GPIO_BIT_VALUE?SPIN_GPIO
            CODE    1F5BH     0037H     UNIT         ?PR?HARDWARE_INIT?CONTIKI_MAIN
            CODE    1F92H     0034H     UNIT         ?PR?_SPIN_INTERUPT_OPEN?SPIN_INTERUPT
            CODE    1FC6H     0030H     UNIT         ?PR?_CTIMER_SET?CTIMER
            CODE    1FF6H     002FH     UNIT         ?PR?_PROCESS_POLL?PROCESS
            CODE    2025H     002DH     UNIT         ?PR?_STIMER_RESET?STIMER
            CODE    2052H     002CH     UNIT         ?PR?_TIMER_REMAINING?TIMER
            CODE    207EH     002CH     UNIT         ?PR?_CTIMER_RESET?CTIMER
            CODE    20AAH     002CH     UNIT         ?PR?_CTIMER_RESTART?CTIMER
            CODE    20D6H     002AH     UNIT         ?PR?_ETIMER_RESET_WITH_NEW_INTERVAL?ETIMER
            CODE    2100H     002AH     UNIT         ?PR?_TIMER_RESET?TIMER
            CODE    212AH     0028H     UNIT         ?PR?_CLOCK_WAIT?CLOCK
            CODE    2152H     0027H     UNIT         ?PR?_PROCESS_POST_SYNCH?PROCESS
            CODE    2179H     0025H     UNIT         ?PR?_XPUTS?XPRINTF
BL51 BANKED LINKER/LOCATER V6.22                                                      01/20/2020  02:47:05  PAGE 5


            CODE    219EH     0023H     UNIT         ?PR?_SPIN_TIMER_START?SPIN_TIMER
            CODE    21C1H     0023H     UNIT         ?PR?_U_PUTC?SPIN_UART
            CODE    21E4H     0023H     UNIT         ?PR?_STIMER_REMAINING?STIMER
            CODE    2207H     0022H     UNIT         ?PR?_ETIMER_ADJUST?ETIMER
            CODE    2229H     0021H     UNIT         ?PR?_SPIN_GET_GPIO_VALUE?SPIN_GPIO
            CODE    224AH     0020H     UNIT         ?PR?_SPIN_COUNTER_TIME?SPIN_TIMER
            CODE    226AH     0020H     UNIT         ?PR?XPRINTF
            CODE    228AH     001FH     UNIT         ?PR?SPIN_UART_INIT?SPIN_UART
            CODE    22A9H     001DH     UNIT         ?PR?_SPIN_INTERUPT_CLOSE?SPIN_INTERUPT
            CODE    22C6H     001DH     UNIT         ?PR?U_GETC?SPIN_UART
            CODE    22E3H     001DH     UNIT         ?PR?CTIMER_INIT?CTIMER
            CODE    2300H     001CH     UNIT         ?PR?_SPIN_SET_GPIO_VALUE?SPIN_GPIO
            CODE    231CH     001BH     UNIT         ?PR?PROCESS_INIT?PROCESS
            CODE    2337H     0018H     UNIT         ?PR?_ETIMER_SET?ETIMER
            CODE    234FH     0018H     UNIT         ?PR?_ETIMER_RESET?ETIMER
            CODE    2367H     0018H     UNIT         ?PR?_ETIMER_RESTART?ETIMER
            CODE    237FH     0018H     UNIT         ?PR?_PROCESS_EXIT?PROCESS
            CODE    2397H     0018H     UNIT         ?PR?_TIMER_SET?TIMER
            CODE    23AFH     0018H     UNIT         ?PR?RTIMER
            CODE    23C7H     0018H     UNIT         ?PR?_STIMER_SET?STIMER
            CODE    23DFH     0016H     UNIT         ?PR?_STIMER_ELAPSED?STIMER
            CODE    23F5H     0015H     UNIT         ?PR?XGETC?XPRINTF
            CODE    240AH     0015H     UNIT         ?PR?ETIMER_NEXT_EXPIRATION_TIME?ETIMER
            CODE    241FH     0014H     UNIT         ?PR?_SPIN_SET_WORK_REGISTER_GROUP?SPIN_USERSTART
            CODE    2433H     0013H     UNIT         ?PR?_ETIMER_EXPIRED?ETIMER
            CODE    2446H     0013H     UNIT         ?PR?ETIMER_PENDING?ETIMER
            CODE    2459H     0012H     UNIT         ?PR?_SPIN_EXINT0_START?SPIN_EXINTERUPT
            CODE    246BH     0012H     UNIT         ?PR?_SPIN_EXINT1_START?SPIN_EXINTERUPT
            CODE    247DH     0012H     UNIT         ?PR?_TIMER_RESTART?TIMER
            CODE    248FH     0012H     UNIT         ?PR?_STIMER_RESTART?STIMER
            CODE    24A1H     0011H     UNIT         ?PR?SPIN_INTERUPT_INIT?SPIN_INTERUPT
            CODE    24B2H     0011H     UNIT         ?PR?SPIN_SYSTICK?SPIN_TIMER
            CODE    24C3H     0011H     UNIT         ?PR?CLOCK
            CODE    24D4H     0010H     UNIT         ?PR?_SPIN_SET_F0?SPIN_USERSTART
            CODE    24E4H     0010H     UNIT         ?PR?_SPIN_SET_RS1?SPIN_USERSTART
            CODE    24F4H     0010H     UNIT         ?PR?_SPIN_SET_RS0?SPIN_USERSTART
            CODE    2504H     0010H     UNIT         ?PR?PROCESS_RUN?PROCESS
            CODE    2514H     000FH     UNIT         ?PR?_SPIN_TIMER_STOP?SPIN_TIMER
            CODE    2523H     000FH     UNIT         ?PR?_UART_BOAUD?SPIN_TIMER
            CODE    2532H     000FH     UNIT         ?PR?_CLOCK_DELAY_USEC?CLOCK
            CODE    2541H     000FH     UNIT         ?PR?STIMER
            CODE    2550H     000EH     UNIT         ?PR?DELAY1S?SPIN_TIMER
            CODE    255EH     000EH     UNIT         ?PR?_PROCESS_IS_RUNNING?PROCESS
            CODE    256CH     000DH     UNIT         ?PR?_ETIMER_EXPIRATION_TIME?ETIMER
            CODE    2579H     000BH     UNIT         ?PR?_SPIN_SYSTICK_SET?SPIN_TIMER
            CODE    2584H     000BH     UNIT         ?PR?CLOCK_TIME?CLOCK
            CODE    258FH     000BH     UNIT         ?PR?CLOCK_SECONDS?CLOCK
            CODE    259AH     000AH     UNIT         ?PR?_RTIMER_ARCH_SCHEDULE?RTIMER_ARCH
            CODE    25A4H     0009H     UNIT         ?PR?DELAY1MS?SPIN_TIMER
            CODE    25ADH     0009H     UNIT         ?PR?SPIN_UART
            CODE    25B6H     0009H     UNIT         ?PR?ETIMER_REQUEST_POLL?ETIMER
            CODE    25BFH     0008H     UNIT         ?PR?PROCESS_ALLOC_EVENT?PROCESS
            CODE    25C7H     0007H     UNIT         ?PR?TIMER
            CODE    25CEH     0006H     UNIT         ?PR?SPIN_GET_F0?SPIN_USERSTART
            CODE    25D4H     0006H     UNIT         ?PR?SPIN_GET_RS1?SPIN_USERSTART
            CODE    25DAH     0006H     UNIT         ?PR?SPIN_GET_RS0?SPIN_USERSTART
            CODE    25E0H     0006H     UNIT         ?PR?SPIN_GET_OV?SPIN_USERSTART
BL51 BANKED LINKER/LOCATER V6.22                                                      01/20/2020  02:47:05  PAGE 6


            CODE    25E6H     0004H     UNIT         ?PR?SPIN_WATCHDOG_ENABLE?SPIN_WATCHDOG
            CODE    25EAH     0004H     UNIT         ?PR?SPIN_WATCHDOG_DISABLE?SPIN_WATCHDOG
            CODE    25EEH     0004H     UNIT         ?PR?SPIN_WATCHDOG_IDLEWORK?SPIN_WATCHDOG
            CODE    25F2H     0004H     UNIT         ?PR?SPIN_WATCHDOG_CLEAR?SPIN_WATCHDOG
            CODE    25F6H     0004H     UNIT         ?PR?_ETIMER_START_TIME?ETIMER
            CODE    25FAH     0004H     UNIT         ?PR?PROCESS_NEVENTS?PROCESS
            CODE    25FEH     0003H     UNIT         ?PR?_SPIN_SET_SP?SPIN_USERSTART
            CODE    2601H     0003H     UNIT         ?PR?SPIN_GET_SP?SPIN_USERSTART
            CODE    2604H     0003H     UNIT         ?PR?SPIN_INTERUPT_ENABLE?SPIN_INTERUPT
            CODE    2607H     0003H     UNIT         ?PR?SPIN_INTERUPT_DISABLE?SPIN_INTERUPT
            CODE    260AH     0003H     UNIT         ?PR?CLOCK_INIT?CLOCK
            CODE    260DH     0003H     UNIT         ?PR?RTIMER_INIT?RTIMER
            CODE    2610H     0002H     UNIT         ?PR?DELAY3US?SPIN_TIMER



OVERLAY MAP OF MODULE:   stc89c52 (SPIN_USERSTART)


SEGMENT                                            IDATA_GROUP         XDATA_GROUP
  +--> CALLED SEGMENT                            START    LENGTH     START    LENGTH
------------------------------------------------------------------------------------
?PR?INTERSVR2?SPIN_INTERUPT                      -----    -----      -----    -----
  +--> ?PR?_SPIN_SET_GPIO_BIT_VALUE?SPIN_GPIO

?PR?_SPIN_SET_GPIO_BIT_VALUE?SPIN_GPIO           -----    -----      -----    -----
  +--> ?PR?_SPIN_GET_GPIO_VALUE?SPIN_GPIO

*** NEW ROOT ***************************************************

?PR?INTERSVR5?SPIN_INTERUPT                      -----    -----      -----    -----
  +--> ?PR?_SPIN_SET_GPIO_BIT_VALUE?SPIN_GPIO

*** NEW ROOT ***************************************************

?PR?INTERSVR6?SPIN_INTERUPT                      -----    -----      -----    -----
  +--> ?PR?_SPIN_SET_GPIO_BIT_VALUE?SPIN_GPIO

*** NEW ROOT ***************************************************

?PR?INTERSVR7?SPIN_INTERUPT                      -----    -----      -----    -----
  +--> ?PR?_SPIN_SET_GPIO_BIT_VALUE?SPIN_GPIO

*** NEW ROOT ***************************************************

?PR?INTERSVR4?SPIN_UART                          -----    -----      -----    -----
  +--> ?PR?SPIN_UART

*** NEW ROOT ***************************************************

?PR?INTERSVR1?CLOCK                              -----    -----      -----    -----
  +--> ?PR?CLOCK
  +--> ?PR?ETIMER_PENDING?ETIMER
  +--> ?PR?ETIMER_NEXT_EXPIRATION_TIME?ETIMER
  +--> ?PR?ETIMER_REQUEST_POLL?ETIMER

?PR?ETIMER_PENDING?ETIMER                        -----    -----      -----    -----
BL51 BANKED LINKER/LOCATER V6.22                                                      01/20/2020  02:47:05  PAGE 7


  +--> ?PR?ETIMER

?PR?ETIMER_NEXT_EXPIRATION_TIME?ETIMER           -----    -----      -----    -----
  +--> ?PR?ETIMER_PENDING?ETIMER

?PR?ETIMER_REQUEST_POLL?ETIMER                   -----    -----      -----    -----
  +--> ?PR?_PROCESS_POLL?PROCESS

?PR?_PROCESS_POLL?PROCESS                        -----    -----      0198H    0003H
  +--> ?PR?PROCESS

*** NEW ROOT ***************************************************

?PR?RTIMER_ISR?RTIMER_ARCH                       -----    -----      -----    -----
  +--> ?PR?_SPIN_TIMER_STOP?SPIN_TIMER
  +--> ?PR?RTIMER_RUN_NEXT?RTIMER

?PR?_SPIN_TIMER_STOP?SPIN_TIMER                  -----    -----      -----    -----
  +--> ?PR?_SPIN_INTERUPT_CLOSE?SPIN_INTERUPT

?PR?RTIMER_RUN_NEXT?RTIMER                       -----    -----      017DH    0003H
  +--> ?PR?RTIMER
  +--> ?PR?_RTIMER_ARCH_SCHEDULE?RTIMER_ARCH

?PR?_RTIMER_ARCH_SCHEDULE?RTIMER_ARCH            -----    -----      -----    -----
  +--> ?PR?_SPIN_TIMER_START?SPIN_TIMER

?PR?_SPIN_TIMER_START?SPIN_TIMER                 -----    -----      0181H    0001H
  +--> ?PR?SPIN_INTERUPT_ENABLE?SPIN_INTERUPT
  +--> ?PR?_SPIN_INTERUPT_OPEN?SPIN_INTERUPT

*** NEW ROOT ***************************************************

?C_C51STARTUP                                    -----    -----      -----    -----
  +--> ?PR?MAIN?CONTIKI_MAIN
  +--> ?C_INITSEG

?PR?MAIN?CONTIKI_MAIN                            -----    -----      -----    -----
  +--> ?PR?HARDWARE_INIT?CONTIKI_MAIN
  +--> ?PR?CLOCK_INIT?CLOCK
  +--> ?PR?RTIMER_INIT?RTIMER
  +--> ?PR?PROCESS_INIT?PROCESS
  +--> ?PR?_PROCESS_START?PROCESS
  +--> ?PR?PROCESS_RUN?PROCESS

?PR?HARDWARE_INIT?CONTIKI_MAIN                   -----    -----      -----    -----
  +--> ?PR?_SPIN_SET_WORK_REGISTER_GROUP?SPI...
  +--> ?PR?SPIN_INTERUPT_INIT?SPIN_INTERUPT
  +--> ?PR?SPIN_INTERUPT_ENABLE?SPIN_INTERUPT
  +--> ?PR?SPIN_UART_INIT?SPIN_UART
  +--> ?PR?SPIN_WATCHDOG_ENABLE?SPIN_WATCHDOG
  +--> ?PR?_SPIN_WATCHDOG_OVERTIME?SPIN_WATC...
  +--> ?PR?_SPIN_EXINT0_START?SPIN_EXINTERUPT
  +--> ?PR?_SPIN_EXINT1_START?SPIN_EXINTERUPT
  +--> ?PR?U_GETC?SPIN_UART
  +--> ?PR?_U_PUTC?SPIN_UART

BL51 BANKED LINKER/LOCATER V6.22                                                      01/20/2020  02:47:05  PAGE 8


?PR?_SPIN_SET_WORK_REGISTER_GROUP?SPI...         -----    -----      -----    -----
  +--> ?PR?_SPIN_SET_RS0?SPIN_USERSTART
  +--> ?PR?_SPIN_SET_RS1?SPIN_USERSTART

?PR?SPIN_UART_INIT?SPIN_UART                     -----    -----      -----    -----
  +--> ?PR?_UART_BOAUD?SPIN_TIMER
  +--> ?PR?_SPIN_INTERUPT_OPEN?SPIN_INTERUPT

?PR?_UART_BOAUD?SPIN_TIMER                       -----    -----      -----    -----
  +--> ?PR?_SPIN_TIMER_SET?SPIN_TIMER

?PR?_SPIN_WATCHDOG_OVERTIME?SPIN_WATC...         001AH    0003H      0181H    0002H

?PR?_SPIN_EXINT0_START?SPIN_EXINTERUPT           -----    -----      -----    -----
  +--> ?PR?SPIN_INTERUPT_INIT?SPIN_INTERUPT
  +--> ?PR?SPIN_INTERUPT_ENABLE?SPIN_INTERUPT
  +--> ?PR?_SPIN_INTERUPT_OPEN?SPIN_INTERUPT

?PR?_SPIN_EXINT1_START?SPIN_EXINTERUPT           -----    -----      -----    -----
  +--> ?PR?SPIN_INTERUPT_INIT?SPIN_INTERUPT
  +--> ?PR?SPIN_INTERUPT_ENABLE?SPIN_INTERUPT
  +--> ?PR?_SPIN_INTERUPT_OPEN?SPIN_INTERUPT

?PR?CLOCK_INIT?CLOCK                             -----    -----      -----    -----
  +--> ?PR?SPIN_SYSTICK?SPIN_TIMER

?PR?SPIN_SYSTICK?SPIN_TIMER                      -----    -----      -----    -----
  +--> ?PR?_SPIN_SYSTICK_SET?SPIN_TIMER
  +--> ?PR?_SPIN_TIMER_START?SPIN_TIMER

?PR?_SPIN_SYSTICK_SET?SPIN_TIMER                 -----    -----      -----    -----
  +--> ?PR?_SPIN_TIMER_SET?SPIN_TIMER

?PR?RTIMER_INIT?RTIMER                           -----    -----      -----    -----
  +--> ?PR?RTIMER_ARCH_INIT?RTIMER_ARCH

?PR?RTIMER_ARCH_INIT?RTIMER_ARCH                 -----    -----      -----    -----
  +--> ?PR?_SPIN_TIMER_START?SPIN_TIMER

?PR?PROCESS_INIT?PROCESS                         -----    -----      -----    -----
  +--> ?PR?PROCESS

?PR?_PROCESS_START?PROCESS                       -----    -----      0181H    0009H
  +--> ?PR?PROCESS
  +--> ?PR?_PROCESS_POST_SYNCH?PROCESS

?PR?_PROCESS_POST_SYNCH?PROCESS                  -----    -----      018AH    000AH
  +--> ?PR?PROCESS
  +--> ?PR?_CALL_PROCESS?PROCESS

?PR?_CALL_PROCESS?PROCESS                        -----    -----      0194H    0007H
  +--> ?PR?PROCESS

?PR?PROCESS_RUN?PROCESS                          -----    -----      -----    -----
  +--> ?PR?DO_POLL?PROCESS
  +--> ?PR?DO_EVENT?PROCESS
  +--> ?PR?PROCESS
BL51 BANKED LINKER/LOCATER V6.22                                                      01/20/2020  02:47:05  PAGE 9



?PR?DO_POLL?PROCESS                              -----    -----      018BH    0003H
  +--> ?PR?PROCESS
  +--> ?PR?_CALL_PROCESS?PROCESS

?PR?DO_EVENT?PROCESS                             -----    -----      0181H    000AH
  +--> ?PR?PROCESS
  +--> ?PR?DO_POLL?PROCESS
  +--> ?PR?_CALL_PROCESS?PROCESS

?C_INITSEG                                       -----    -----      -----    -----
  +--> ?PR?_PROCESS_THREAD_ETIMER_PROCESS?ET...
  +--> ?PR?_PROCESS_THREAD_CTIMER_PROCESS?CT...
  +--> ?PR?_PROCESS_THREAD_LED?CONTIKI_MAIN
  +--> ?PR?_PROCESS_THREAD_LED1?CONTIKI_MAIN
  +--> ?PR?_PROCESS_THREAD_LED2?CONTIKI_MAIN
  +--> ?PR?_PROCESS_THREAD_LED3?CONTIKI_MAIN
  +--> ?PR?_PROCESS_THREAD_LED4?CONTIKI_MAIN
  +--> ?PR?_PROCESS_THREAD_DOG?CONTIKI_MAIN

?PR?_PROCESS_THREAD_ETIMER_PROCESS?ET...         -----    -----      0181H    0011H
  +--> ?PR?ETIMER
  +--> ?PR?_TIMER_EXPIRED?TIMER
  +--> ?PR?_PROCESS_POST?PROCESS
  +--> ?PR?UPDATE_TIME?ETIMER
  +--> ?PR?ETIMER_REQUEST_POLL?ETIMER

?PR?_TIMER_EXPIRED?TIMER                         -----    -----      0192H    0007H
  +--> ?PR?CLOCK_TIME?CLOCK
  +--> ?PR?TIMER

?PR?_PROCESS_POST?PROCESS                        -----    -----      0192H    0007H
  +--> ?PR?PROCESS

?PR?UPDATE_TIME?ETIMER                           -----    -----      0198H    000BH
  +--> ?PR?ETIMER
  +--> ?PR?CLOCK_TIME?CLOCK

?PR?_PROCESS_THREAD_CTIMER_PROCESS?CT...         -----    -----      0181H    000EH
  +--> ?PR?CTIMER
  +--> ?PR?_ETIMER_SET?ETIMER

?PR?_ETIMER_SET?ETIMER                           -----    -----      018FH    0003H
  +--> ?PR?_TIMER_SET?TIMER
  +--> ?PR?_ADD_TIMER?ETIMER

?PR?_TIMER_SET?TIMER                             -----    -----      0192H    0003H
  +--> ?PR?CLOCK_TIME?CLOCK

?PR?_ADD_TIMER?ETIMER                            -----    -----      0192H    0006H
  +--> ?PR?ETIMER_REQUEST_POLL?ETIMER
  +--> ?PR?ETIMER
  +--> ?PR?UPDATE_TIME?ETIMER

?PR?_PROCESS_THREAD_LED?CONTIKI_MAIN             -----    -----      0181H    0008H
  +--> ?PR?CONTIKI_MAIN
  +--> ?PR?_ETIMER_SET?ETIMER
BL51 BANKED LINKER/LOCATER V6.22                                                      01/20/2020  02:47:05  PAGE 10


  +--> ?PR?_ETIMER_RESTART?ETIMER
  +--> ?PR?_SPIN_SET_GPIO_BIT_VALUE?SPIN_GPIO
  +--> ?PR?_ETIMER_EXPIRED?ETIMER

?PR?_ETIMER_RESTART?ETIMER                       -----    -----      0189H    0003H
  +--> ?PR?_TIMER_RESTART?TIMER
  +--> ?PR?_ADD_TIMER?ETIMER

?PR?_TIMER_RESTART?TIMER                         -----    -----      018CH    0003H
  +--> ?PR?CLOCK_TIME?CLOCK

?PR?_ETIMER_EXPIRED?ETIMER                       -----    -----      -----    -----
  +--> ?PR?ETIMER

?PR?_PROCESS_THREAD_LED1?CONTIKI_MAIN            -----    -----      0181H    0008H
  +--> ?PR?CONTIKI_MAIN
  +--> ?PR?_ETIMER_SET?ETIMER
  +--> ?PR?_ETIMER_RESTART?ETIMER
  +--> ?PR?_SPIN_SET_GPIO_BIT_VALUE?SPIN_GPIO
  +--> ?PR?_ETIMER_EXPIRED?ETIMER

?PR?_PROCESS_THREAD_LED2?CONTIKI_MAIN            -----    -----      0181H    0008H
  +--> ?PR?CONTIKI_MAIN
  +--> ?PR?_ETIMER_SET?ETIMER
  +--> ?PR?_ETIMER_RESTART?ETIMER
  +--> ?PR?_SPIN_SET_GPIO_BIT_VALUE?SPIN_GPIO
  +--> ?PR?_ETIMER_EXPIRED?ETIMER

?PR?_PROCESS_THREAD_LED3?CONTIKI_MAIN            -----    -----      0181H    0008H
  +--> ?PR?CONTIKI_MAIN
  +--> ?PR?_ETIMER_SET?ETIMER
  +--> ?PR?_ETIMER_RESTART?ETIMER
  +--> ?PR?_SPIN_SET_GPIO_BIT_VALUE?SPIN_GPIO
  +--> ?PR?_ETIMER_EXPIRED?ETIMER

?PR?_PROCESS_THREAD_LED4?CONTIKI_MAIN            -----    -----      0181H    0008H
  +--> ?PR?CONTIKI_MAIN
  +--> ?PR?_ETIMER_SET?ETIMER
  +--> ?PR?_ETIMER_RESTART?ETIMER
  +--> ?PR?_SPIN_SET_GPIO_BIT_VALUE?SPIN_GPIO
  +--> ?PR?_ETIMER_EXPIRED?ETIMER

?PR?_PROCESS_THREAD_DOG?CONTIKI_MAIN             -----    -----      0181H    0008H
  +--> ?PR?CONTIKI_MAIN
  +--> ?PR?_ETIMER_SET?ETIMER
  +--> ?PR?_ETIMER_EXPIRED?ETIMER
  +--> ?PR?SPIN_WATCHDOG_CLEAR?SPIN_WATCHDOG
  +--> ?PR?_ETIMER_RESTART?ETIMER



UNRESOLVED EXTERNAL SYMBOLS:
   ?_LIST_ADD?BYTE
   ?_LIST_REMOVE?BYTE
   _LIST_ADD
   _LIST_HEAD
   _LIST_INIT
BL51 BANKED LINKER/LOCATER V6.22                                                      01/20/2020  02:47:05  PAGE 11


   _LIST_REMOVE



SYMBOL TABLE OF MODULE:  stc89c52 (SPIN_USERSTART)

  VALUE           TYPE          NAME
  ----------------------------------

  -------         MODULE        SPIN_USERSTART
  C:0000H         SYMBOL        _ICE_DUMMY_
  D:0090H         PUBLIC        P1
  D:00C0H         PUBLIC        XICON
  D:00B0H         PUBLIC        P3
  D:00A8H         PUBLIC        IE
  C:25DAH         PUBLIC        spin_get_RS0
  C:25D4H         PUBLIC        spin_get_RS1
  D:00B8H         PUBLIC        IP
  B:00D0H.7       PUBLIC        CY
  C:24F4H         PUBLIC        _spin_set_RS0
  C:24E4H         PUBLIC        _spin_set_RS1
  C:2601H         PUBLIC        spin_get_sp
  D:0081H         PUBLIC        SP
  B:00D0H.2       PUBLIC        OV
  C:25FEH         PUBLIC        _spin_set_sp
  D:0098H         PUBLIC        SCON
  C:25CEH         PUBLIC        spin_get_F0
  D:0088H         PUBLIC        TCON
  C:24D4H         PUBLIC        _spin_set_F0
  B:00D0H.3       PUBLIC        RS0
  B:00D0H.4       PUBLIC        RS1
  C:0026H         PUBLIC        spin_get_CY
  C:25E0H         PUBLIC        spin_get_OV
  D:00C8H         PUBLIC        T2CON
  C:241FH         PUBLIC        _spin_set_work_register_group
  B:00D0H.5       PUBLIC        F0
  D:00D0H         PUBLIC        PSW
  -------         PROC          _SPIN_SET_F0
  D:0007H         SYMBOL        value
  C:24D4H         LINE#         4
  C:24D4H         LINE#         5
  C:24E3H         LINE#         6
  -------         ENDPROC       _SPIN_SET_F0
  -------         PROC          _SPIN_SET_RS1
  D:0007H         SYMBOL        value
  C:24E4H         LINE#         8
  C:24E4H         LINE#         9
  C:24F3H         LINE#         10
  -------         ENDPROC       _SPIN_SET_RS1
  -------         PROC          _SPIN_SET_RS0
  D:0007H         SYMBOL        value
  C:24F4H         LINE#         11
  C:24F4H         LINE#         12
  C:2503H         LINE#         13
  -------         ENDPROC       _SPIN_SET_RS0
  -------         PROC          _SPIN_SET_WORK_REGISTER_GROUP
  D:0006H         SYMBOL        index
BL51 BANKED LINKER/LOCATER V6.22                                                      01/20/2020  02:47:05  PAGE 12


  C:241FH         LINE#         15
  C:2421H         LINE#         16
  C:2428H         LINE#         17
  -------         ENDPROC       _SPIN_SET_WORK_REGISTER_GROUP
  -------         PROC          SPIN_GET_CY
  C:0026H         LINE#         20
  C:0026H         LINE#         21
  C:0029H         LINE#         22
  -------         ENDPROC       SPIN_GET_CY
  -------         PROC          SPIN_GET_F0
  C:25CEH         LINE#         23
  C:25CEH         LINE#         24
  C:25D3H         LINE#         25
  -------         ENDPROC       SPIN_GET_F0
  -------         PROC          SPIN_GET_RS1
  C:25D4H         LINE#         26
  C:25D4H         LINE#         27
  C:25D9H         LINE#         28
  -------         ENDPROC       SPIN_GET_RS1
  -------         PROC          SPIN_GET_RS0
  C:25DAH         LINE#         29
  C:25DAH         LINE#         30
  C:25DFH         LINE#         31
  -------         ENDPROC       SPIN_GET_RS0
  -------         PROC          SPIN_GET_OV
  C:25E0H         LINE#         33
  C:25E0H         LINE#         34
  C:25E5H         LINE#         35
  -------         ENDPROC       SPIN_GET_OV
  -------         PROC          _SPIN_SET_SP
  D:0007H         SYMBOL        addr
  C:25FEH         LINE#         36
  C:25FEH         LINE#         37
  C:2600H         LINE#         38
  -------         ENDPROC       _SPIN_SET_SP
  -------         PROC          SPIN_GET_SP
  C:2601H         LINE#         39
  C:2601H         LINE#         40
  C:2603H         LINE#         41
  -------         ENDPROC       SPIN_GET_SP
  -------         ENDMOD        SPIN_USERSTART

  -------         MODULE        SPIN_EXINTERUPT
  C:0000H         SYMBOL        _ICE_DUMMY_
  D:0090H         PUBLIC        P1
  D:00C0H         PUBLIC        XICON
  D:00B0H         PUBLIC        P3
  C:2459H         PUBLIC        _spin_exint0_start
  C:246BH         PUBLIC        _spin_exint1_start
  D:00A8H         PUBLIC        IE
  D:00B8H         PUBLIC        IP
  C:000EH         PUBLIC        spin_exint0_stop
  C:0016H         PUBLIC        spin_exint1_stop
  D:0098H         PUBLIC        SCON
  D:0088H         PUBLIC        TCON
  B:0088H.0       PUBLIC        IT0
  B:0088H.2       PUBLIC        IT1
BL51 BANKED LINKER/LOCATER V6.22                                                      01/20/2020  02:47:05  PAGE 13


  D:00C8H         PUBLIC        T2CON
  D:00D0H         PUBLIC        PSW
  -------         PROC          _SPIN_EXINT0_START
  D:0007H         SYMBOL        type
  C:2459H         LINE#         3
  C:2459H         LINE#         4
  C:245EH         LINE#         5
  C:2461H         LINE#         6
  C:2464H         LINE#         7
  -------         ENDPROC       _SPIN_EXINT0_START
  -------         PROC          _SPIN_EXINT1_START
  D:0007H         SYMBOL        type
  C:246BH         LINE#         9
  C:246BH         LINE#         10
  C:2470H         LINE#         11
  C:2473H         LINE#         12
  C:2476H         LINE#         13
  -------         ENDPROC       _SPIN_EXINT1_START
  -------         PROC          SPIN_EXINT0_STOP
  C:000EH         LINE#         16
  C:000EH         LINE#         17
  -------         ENDPROC       SPIN_EXINT0_STOP
  -------         PROC          SPIN_EXINT1_STOP
  C:0016H         LINE#         20
  C:0016H         LINE#         21
  -------         ENDPROC       SPIN_EXINT1_STOP
  -------         ENDMOD        SPIN_EXINTERUPT

  -------         MODULE        SPIN_GPIO
  C:0000H         SYMBOL        _ICE_DUMMY_
  D:0080H         PUBLIC        P0
  D:0090H         PUBLIC        P1
  D:00A0H         PUBLIC        P2
  D:00C0H         PUBLIC        XICON
  D:00B0H         PUBLIC        P3
  D:00A8H         PUBLIC        IE
  C:1F1DH         PUBLIC        _spin_get_gpio_bit_value
  D:00B8H         PUBLIC        IP
  C:1D40H         PUBLIC        _spin_set_gpio_bit_value
  D:0098H         PUBLIC        SCON
  D:0088H         PUBLIC        TCON
  D:00C8H         PUBLIC        T2CON
  C:2229H         PUBLIC        _spin_get_gpio_value
  D:00D0H         PUBLIC        PSW
  C:2300H         PUBLIC        _spin_set_gpio_value
  -------         PROC          _SPIN_SET_GPIO_VALUE
  D:0007H         SYMBOL        gpio
  D:0005H         SYMBOL        value
  C:2300H         LINE#         6
  C:2300H         LINE#         7
  C:230EH         LINE#         8
  C:2311H         LINE#         9
  C:2314H         LINE#         10
  C:2317H         LINE#         11
  C:231BH         LINE#         12
  C:231BH         LINE#         13
  C:231BH         LINE#         14
BL51 BANKED LINKER/LOCATER V6.22                                                      01/20/2020  02:47:05  PAGE 14


  -------         ENDPROC       _SPIN_SET_GPIO_VALUE
  -------         PROC          _SPIN_GET_GPIO_VALUE
  D:0007H         SYMBOL        gpio
  -------         DO            
  D:0006H         SYMBOL        temp
  -------         ENDDO         
  C:2229H         LINE#         15
  C:2229H         LINE#         16
  C:222BH         LINE#         17
  C:2239H         LINE#         18
  C:223DH         LINE#         19
  C:2241H         LINE#         20
  C:2245H         LINE#         21
  C:2247H         LINE#         22
  C:2247H         LINE#         23
  C:2247H         LINE#         24
  C:2249H         LINE#         25
  -------         ENDPROC       _SPIN_GET_GPIO_VALUE
  -------         PROC          _SPIN_SET_GPIO_BIT_VALUE
  D:0004H         SYMBOL        gpio
  D:0005H         SYMBOL        index
  D:0003H         SYMBOL        value
  -------         DO            
  D:0007H         SYMBOL        temp
  -------         ENDDO         
  C:1D40H         LINE#         27
  C:1D42H         LINE#         28
  C:1D42H         LINE#         29
  C:1D45H         LINE#         30
  C:1D59H         LINE#         32
  C:1D6EH         LINE#         33
  C:1D7CH         LINE#         34
  C:1D7FH         LINE#         35
  C:1D82H         LINE#         36
  C:1D85H         LINE#         37
  C:1D87H         LINE#         38
  C:1D87H         LINE#         39
  C:1D87H         LINE#         40
  -------         ENDPROC       _SPIN_SET_GPIO_BIT_VALUE
  -------         PROC          _SPIN_GET_GPIO_BIT_VALUE
  D:0007H         SYMBOL        gpio
  D:0005H         SYMBOL        index
  -------         DO            
  D:0004H         SYMBOL        temp
  -------         ENDDO         
  C:1F1DH         LINE#         41
  C:1F1DH         LINE#         42
  C:1F1FH         LINE#         43
  C:1F2DH         LINE#         44
  C:1F31H         LINE#         45
  C:1F35H         LINE#         46
  C:1F39H         LINE#         47
  C:1F3BH         LINE#         48
  C:1F3BH         LINE#         49
  C:1F3BH         LINE#         50
  C:1F5AH         LINE#         51
  -------         ENDPROC       _SPIN_GET_GPIO_BIT_VALUE
BL51 BANKED LINKER/LOCATER V6.22                                                      01/20/2020  02:47:05  PAGE 15


  -------         ENDMOD        SPIN_GPIO

  -------         MODULE        SPIN_INTERUPT
  C:0000H         SYMBOL        _ICE_DUMMY_
  D:0090H         PUBLIC        P1
  D:00C0H         PUBLIC        XICON
  D:00B0H         PUBLIC        P3
  B:00A8H.7       PUBLIC        EA
  B:0020H.0       PUBLIC        it0
  D:00A8H         PUBLIC        IE
  B:0020H.1       PUBLIC        it1
  B:0020H.2       PUBLIC        it2
  B:0020H.3       PUBLIC        it3
  B:0020H.4       PUBLIC        it4
  B:0020H.5       PUBLIC        it5
  B:0020H.6       PUBLIC        it6
  B:0020H.7       PUBLIC        it7
  C:22A9H         PUBLIC        _spin_interupt_close
  D:00B8H         PUBLIC        IP
  C:1F92H         PUBLIC        _spin_interupt_open
  D:0098H         PUBLIC        SCON
  C:1989H         PUBLIC        intersvr2
  C:24A1H         PUBLIC        spin_interupt_init
  D:0088H         PUBLIC        TCON
  C:19E4H         PUBLIC        intersvr5
  C:1A3FH         PUBLIC        intersvr6
  C:1A9AH         PUBLIC        intersvr7
  B:00C0H.2       PUBLIC        EX2
  B:00C0H.6       PUBLIC        EX3
  C:2607H         PUBLIC        spin_interupt_disable
  B:00C0H.3       PUBLIC        PX2
  B:00C0H.7       PUBLIC        PX3
  D:00C8H         PUBLIC        T2CON
  C:2604H         PUBLIC        spin_interupt_enable
  X:01D8H         PUBLIC        inter_vector_function
  D:00D0H         PUBLIC        PSW
  -------         PROC          SPIN_INTERUPT_INIT
  C:24A1H         LINE#         8
  C:24A1H         LINE#         9
  C:24B1H         LINE#         10
  -------         ENDPROC       SPIN_INTERUPT_INIT
  -------         PROC          SPIN_INTERUPT_ENABLE
  C:2604H         LINE#         11
  C:2604H         LINE#         12
  C:2606H         LINE#         13
  -------         ENDPROC       SPIN_INTERUPT_ENABLE
  -------         PROC          SPIN_INTERUPT_DISABLE
  C:2607H         LINE#         14
  C:2607H         LINE#         15
  C:2609H         LINE#         16
  -------         ENDPROC       SPIN_INTERUPT_DISABLE
  -------         PROC          _SPIN_INTERUPT_OPEN
  D:0007H         SYMBOL        num
  D:0005H         SYMBOL        prority
  C:1F92H         LINE#         17
  C:1F92H         LINE#         18
  C:1F96H         LINE#         19
BL51 BANKED LINKER/LOCATER V6.22                                                      01/20/2020  02:47:05  PAGE 16


  C:1F98H         LINE#         20
  C:1F9DH         LINE#         21
  C:1F9EH         LINE#         22
  C:1FA2H         LINE#         23
  C:1FA4H         LINE#         24
  C:1FA9H         LINE#         25
  C:1FAAH         LINE#         26
  C:1FAAH         LINE#         27
  C:1FB7H         LINE#         28
  C:1FC5H         LINE#         29
  C:1FC5H         LINE#         30
  -------         ENDPROC       _SPIN_INTERUPT_OPEN
  -------         PROC          _SPIN_INTERUPT_CLOSE
  D:0007H         SYMBOL        num
  C:22A9H         LINE#         31
  C:22A9H         LINE#         32
  C:22ADH         LINE#         33
  C:22B0H         LINE#         34
  C:22B4H         LINE#         35
  C:22B7H         LINE#         37
  C:22C5H         LINE#         38
  -------         ENDPROC       _SPIN_INTERUPT_CLOSE
  -------         PROC          INTERSVR2
  C:1989H         LINE#         57
  C:19ADH         LINE#         58
  C:19B6H         LINE#         59
  C:19C0H         LINE#         60
  C:19C2H         LINE#         61
  -------         ENDPROC       INTERSVR2
  -------         PROC          INTERSVR5
  C:19E4H         LINE#         68
  C:1A08H         LINE#         69
  C:1A11H         LINE#         70
  C:1A1BH         LINE#         71
  C:1A1DH         LINE#         72
  -------         ENDPROC       INTERSVR5
  -------         PROC          INTERSVR6
  C:1A3FH         LINE#         74
  C:1A63H         LINE#         75
  C:1A6CH         LINE#         76
  C:1A76H         LINE#         77
  C:1A78H         LINE#         78
  -------         ENDPROC       INTERSVR6
  -------         PROC          INTERSVR7
  C:1A9AH         LINE#         80
  C:1ABEH         LINE#         81
  C:1AC7H         LINE#         82
  C:1AD1H         LINE#         83
  C:1AD3H         LINE#         84
  -------         ENDPROC       INTERSVR7
  -------         ENDMOD        SPIN_INTERUPT

  -------         MODULE        SPIN_PWRMGR
  C:0000H         SYMBOL        _ICE_DUMMY_
  D:0090H         PUBLIC        P1
  D:00C0H         PUBLIC        XICON
  D:00B0H         PUBLIC        P3
BL51 BANKED LINKER/LOCATER V6.22                                                      01/20/2020  02:47:05  PAGE 17


  D:00A8H         PUBLIC        IE
  D:00B8H         PUBLIC        IP
  C:002EH         PUBLIC        idle_mode
  D:0087H         PUBLIC        PCON
  D:0098H         PUBLIC        SCON
  D:0088H         PUBLIC        TCON
  C:0036H         PUBLIC        power_down
  D:00C8H         PUBLIC        T2CON
  D:00D0H         PUBLIC        PSW
  -------         PROC          IDLE_MODE
  C:002EH         LINE#         3
  C:002EH         LINE#         4
  C:0031H         LINE#         5
  -------         ENDPROC       IDLE_MODE
  -------         PROC          POWER_DOWN
  C:0036H         LINE#         6
  C:0036H         LINE#         7
  C:0039H         LINE#         8
  -------         ENDPROC       POWER_DOWN
  -------         ENDMOD        SPIN_PWRMGR

  -------         MODULE        SPIN_TIMER
  C:0000H         SYMBOL        _ICE_DUMMY_
  D:0090H         PUBLIC        P1
  D:00C0H         PUBLIC        XICON
  D:00B0H         PUBLIC        P3
  C:0003H         PUBLIC        _primary_value
  C:24B2H         PUBLIC        spin_sysTick
  D:00A8H         PUBLIC        IE
  D:00B8H         PUBLIC        IP
  C:25A4H         PUBLIC        delay1ms
  C:2523H         PUBLIC        _uart_boaud
  C:002AH         PUBLIC        delay2us
  C:2610H         PUBLIC        delay3us
  C:224AH         PUBLIC        _spin_counter_time
  D:0098H         PUBLIC        SCON
  D:0089H         PUBLIC        TMOD
  D:0088H         PUBLIC        TCON
  C:2550H         PUBLIC        delay1s
  D:008CH         PUBLIC        TH0
  D:008DH         PUBLIC        TH1
  C:1E15H         SYMBOL        _spin_counter_set
  D:008AH         PUBLIC        TL0
  D:008BH         PUBLIC        TL1
  C:219EH         PUBLIC        _spin_timer_start
  B:0088H.4       PUBLIC        TR0
  B:0088H.6       PUBLIC        TR1
  C:2579H         SYMBOL        _spin_systick_set
  D:00C8H         PUBLIC        T2CON
  C:2514H         PUBLIC        _spin_timer_stop
  C:1CA4H         PUBLIC        _spin_timer_set
  D:00D0H         PUBLIC        PSW
  -------         PROC          _SPIN_COUNTER_SET
  D:0007H         SYMBOL        dev
  D:0005H         SYMBOL        mode
  D:0002H         SYMBOL        time
  C:1E15H         LINE#         11
BL51 BANKED LINKER/LOCATER V6.22                                                      01/20/2020  02:47:05  PAGE 18


  C:1E15H         LINE#         12
  C:1E1AH         LINE#         13
  C:1E1DH         LINE#         14
  C:1E20H         LINE#         15
  C:1E23H         LINE#         16
  C:1E27H         LINE#         17
  C:1E2EH         LINE#         19
  C:1E2EH         LINE#         20
  C:1E31H         LINE#         21
  C:1E34H         LINE#         22
  C:1E35H         LINE#         23
  C:1E3AH         LINE#         24
  C:1E3DH         LINE#         25
  C:1E40H         LINE#         26
  C:1E46H         LINE#         27
  C:1E4AH         LINE#         28
  C:1E51H         LINE#         30
  C:1E51H         LINE#         31
  C:1E54H         LINE#         32
  C:1E57H         LINE#         33
  C:1E57H         LINE#         34
  -------         ENDPROC       _SPIN_COUNTER_SET
  -------         PROC          _SPIN_TIMER_START
  X:0181H         SYMBOL        dev
  C:219EH         LINE#         37
  C:21A3H         LINE#         38
  C:21A6H         LINE#         39
  C:21B0H         LINE#         40
  C:21BAH         LINE#         41
  C:21C0H         LINE#         42
  -------         ENDPROC       _SPIN_TIMER_START
  -------         PROC          _SPIN_TIMER_STOP
  D:0007H         SYMBOL        dev
  C:2514H         LINE#         44
  C:2514H         LINE#         45
  C:251AH         LINE#         46
  C:2520H         LINE#         47
  -------         ENDPROC       _SPIN_TIMER_STOP
  -------         PROC          _PRIMARY_VALUE
  D:0006H         SYMBOL        overflow_time_us
  C:0003H         LINE#         50
  C:0003H         LINE#         51
  C:000AH         LINE#         52
  -------         ENDPROC       _PRIMARY_VALUE
  -------         PROC          _SPIN_TIMER_SET
  D:0007H         SYMBOL        dev
  D:0005H         SYMBOL        mode
  D:0002H         SYMBOL        time
  C:1CA4H         LINE#         57
  C:1CA4H         LINE#         58
  C:1CA9H         LINE#         59
  C:1CACH         LINE#         60
  C:1CAFH         LINE#         61
  C:1CBDH         LINE#         62
  C:1CBDH         LINE#         63
  C:1CC4H         LINE#         64
  C:1CC4H         LINE#         65
BL51 BANKED LINKER/LOCATER V6.22                                                      01/20/2020  02:47:05  PAGE 19


  C:1CCBH         LINE#         66
  C:1CCBH         LINE#         67
  C:1CCBH         LINE#         68
  C:1CCBH         LINE#         69
  C:1CD0H         LINE#         70
  C:1CD3H         LINE#         71
  C:1CD9H         LINE#         72
  C:1CE4H         LINE#         73
  C:1CE4H         LINE#         74
  C:1CEBH         LINE#         75
  C:1CF1H         LINE#         76
  C:1CF1H         LINE#         77
  C:1CF1H         LINE#         78
  C:1CF1H         LINE#         79
  C:1CF1H         LINE#         80
  -------         ENDPROC       _SPIN_TIMER_SET
  -------         PROC          _SPIN_COUNTER_TIME
  D:0001H         SYMBOL        dev
  D:0004H         SYMBOL        time
  -------         DO            
  D:0004H         SYMBOL        primary_values
  -------         ENDDO         
  C:224AH         LINE#         82
  C:224CH         LINE#         85
  C:2257H         LINE#         86
  C:2262H         LINE#         88
  C:2267H         LINE#         89
  C:2269H         LINE#         90
  -------         ENDPROC       _SPIN_COUNTER_TIME
  -------         PROC          _SPIN_SYSTICK_SET
  D:0006H         SYMBOL        time
  C:2579H         LINE#         91
  C:2579H         LINE#         92
  -------         ENDPROC       _SPIN_SYSTICK_SET
  -------         PROC          _UART_BOAUD
  D:0006H         SYMBOL        overtime
  C:2523H         LINE#         94
  C:2523H         LINE#         95
  -------         ENDPROC       _UART_BOAUD
  -------         PROC          SPIN_SYSTICK
  C:24B2H         LINE#         98
  C:24B2H         LINE#         99
  C:24B9H         LINE#         101
  C:24BEH         LINE#         102
  -------         ENDPROC       SPIN_SYSTICK
  -------         PROC          DELAY2US
  C:002AH         LINE#         105
  C:002AH         LINE#         106
  C:002AH         LINE#         107
  -------         ENDPROC       DELAY2US
  -------         PROC          DELAY3US
  C:2610H         LINE#         108
  C:2610H         LINE#         109
  C:2610H         LINE#         110
  C:2611H         LINE#         111
  -------         ENDPROC       DELAY3US
  -------         PROC          DELAY1MS
BL51 BANKED LINKER/LOCATER V6.22                                                      01/20/2020  02:47:05  PAGE 20


  -------         DO            
  D:0006H         SYMBOL        a
  D:0007H         SYMBOL        b
  -------         ENDDO         
  C:25A4H         LINE#         113
  C:25A4H         LINE#         114
  C:25A4H         LINE#         116
  C:25A6H         LINE#         117
  C:25ACH         LINE#         118
  -------         ENDPROC       DELAY1MS
  -------         PROC          DELAY1S
  -------         DO            
  D:0005H         SYMBOL        a
  D:0006H         SYMBOL        b
  D:0007H         SYMBOL        c
  -------         ENDDO         
  C:2550H         LINE#         120
  C:2550H         LINE#         121
  C:2550H         LINE#         123
  C:2552H         LINE#         124
  C:2554H         LINE#         125
  C:255CH         LINE#         126
  C:255DH         LINE#         127
  -------         ENDPROC       DELAY1S
  -------         ENDMOD        SPIN_TIMER

  -------         MODULE        SPIN_UART
  C:0000H         SYMBOL        _ICE_DUMMY_
  D:0090H         PUBLIC        P1
  D:00C0H         PUBLIC        XICON
  D:00B0H         PUBLIC        P3
  D:00A8H         PUBLIC        IE
  C:21C1H         PUBLIC        _u_putc
  D:00B8H         PUBLIC        IP
  B:0098H.0       PUBLIC        RI
  B:0098H.1       PUBLIC        TI
  I:000AH         PUBLIC        fifo
  D:0099H         PUBLIC        SBUF
  D:0087H         PUBLIC        PCON
  D:0098H         PUBLIC        SCON
  D:0088H         PUBLIC        TCON
  C:1AF5H         PUBLIC        intersvr4
  D:008EH         PUBLIC        AUXR
  D:00C8H         PUBLIC        T2CON
  C:228AH         PUBLIC        spin_uart_init
  D:00D0H         PUBLIC        PSW
  C:22C6H         PUBLIC        u_getc
  C:25ADH         SYMBOL        Com000E
  C:25ADH         SYMBOL        L?0015
  -------         PROC          COM000E
  -------         ENDPROC       COM000E
  -------         PROC          SPIN_UART_INIT
  C:228AH         LINE#         10
  C:228AH         LINE#         13
  C:228DH         LINE#         14
  C:2290H         LINE#         15
  C:2293H         LINE#         16
BL51 BANKED LINKER/LOCATER V6.22                                                      01/20/2020  02:47:05  PAGE 21


  C:2296H         LINE#         17
  C:229DH         LINE#         18
  C:22A4H         LINE#         19
  C:22A8H         LINE#         20
  -------         ENDPROC       SPIN_UART_INIT
  -------         PROC          U_GETC
  -------         DO            
  D:0006H         SYMBOL        d
  D:0007H         SYMBOL        i
  -------         ENDDO         
  C:22C6H         LINE#         29
  C:22C6H         LINE#         34
  C:22CBH         LINE#         36
  C:22CFH         LINE#         37
  C:22D4H         LINE#         38
  C:22DEH         LINE#         39
  C:22E0H         LINE#         40
  C:22E2H         LINE#         41
  -------         ENDPROC       U_GETC
  -------         PROC          _U_PUTC
  D:0007H         SYMBOL        c
  -------         DO            
  D:0006H         SYMBOL        i
  -------         ENDDO         
  C:21C1H         LINE#         43
  C:21C1H         LINE#         46
  C:21C9H         LINE#         48
  C:21CDH         LINE#         49
  C:21D2H         LINE#         50
  C:21DEH         LINE#         51
  C:21E1H         LINE#         52
  C:21E3H         LINE#         53
  -------         ENDPROC       _U_PUTC
  -------         PROC          INTERSVR4
  -------         DO            
  D:0007H         SYMBOL        i
  D:0006H         SYMBOL        d
  -------         ENDDO         
  C:1AF5H         LINE#         55
  C:1B04H         LINE#         58
  C:1B07H         LINE#         59
  C:1B09H         LINE#         60
  C:1B0BH         LINE#         61
  C:1B0FH         LINE#         62
  C:1B14H         LINE#         63
  C:1B17H         LINE#         64
  C:1B1BH         LINE#         65
  C:1B20H         LINE#         66
  C:1B25H         LINE#         67
  C:1B25H         LINE#         68
  C:1B25H         LINE#         69
  C:1B28H         LINE#         70
  C:1B2CH         LINE#         71
  C:1B2FH         LINE#         72
  C:1B31H         LINE#         73
  C:1B34H         LINE#         74
  C:1B3AH         LINE#         75
BL51 BANKED LINKER/LOCATER V6.22                                                      01/20/2020  02:47:05  PAGE 22


  C:1B3FH         LINE#         76
  C:1B41H         LINE#         77
  C:1B43H         LINE#         78
  C:1B43H         LINE#         79
  C:1B43H         LINE#         80
  -------         ENDPROC       INTERSVR4
  -------         ENDMOD        SPIN_UART

  -------         MODULE        SPIN_WATCHDOG
  C:0000H         SYMBOL        _ICE_DUMMY_
  D:0090H         PUBLIC        P1
  D:00C0H         PUBLIC        XICON
  D:00B0H         PUBLIC        P3
  D:00A8H         PUBLIC        IE
  D:00B8H         PUBLIC        IP
  C:25EAH         PUBLIC        spin_watchdog_disable
  D:0098H         PUBLIC        SCON
  D:0088H         PUBLIC        TCON
  C:25EEH         PUBLIC        spin_watchdog_idlework
  C:25E6H         PUBLIC        spin_watchdog_enable
  C:1674H         PUBLIC        _spin_watchdog_overtime
  D:00E1H         PUBLIC        WDT_CONTR
  C:25F2H         PUBLIC        spin_watchdog_clear
  D:00C8H         PUBLIC        T2CON
  D:00D0H         PUBLIC        PSW
  -------         PROC          SPIN_WATCHDOG_ENABLE
  C:25E6H         LINE#         3
  C:25E6H         LINE#         4
  C:25E9H         LINE#         5
  -------         ENDPROC       SPIN_WATCHDOG_ENABLE
  -------         PROC          SPIN_WATCHDOG_DISABLE
  C:25EAH         LINE#         6
  C:25EAH         LINE#         7
  C:25EDH         LINE#         8
  -------         ENDPROC       SPIN_WATCHDOG_DISABLE
  -------         PROC          SPIN_WATCHDOG_IDLEWORK
  C:25EEH         LINE#         9
  C:25EEH         LINE#         10
  C:25F1H         LINE#         11
  -------         ENDPROC       SPIN_WATCHDOG_IDLEWORK
  -------         PROC          SPIN_WATCHDOG_CLEAR
  C:25F2H         LINE#         13
  C:25F2H         LINE#         14
  C:25F5H         LINE#         15
  -------         ENDPROC       SPIN_WATCHDOG_CLEAR
  -------         PROC          _SPIN_WATCHDOG_OVERTIME
  X:0181H         SYMBOL        pre_scale
  X:0182H         SYMBOL        mhz
  -------         DO            
  I:001AH         SYMBOL        pre_scale_value
  I:001BH         SYMBOL        overtime
  -------         ENDDO         
  C:1674H         LINE#         18
  C:167CH         LINE#         19
  C:1680H         LINE#         20
  C:1684H         LINE#         21
  C:1687H         LINE#         22
BL51 BANKED LINKER/LOCATER V6.22                                                      01/20/2020  02:47:05  PAGE 23


  C:16AAH         LINE#         23
  C:16B0H         LINE#         24
  C:16B6H         LINE#         25
  C:16BCH         LINE#         26
  C:16C2H         LINE#         27
  C:16C8H         LINE#         28
  C:16CEH         LINE#         29
  C:16D4H         LINE#         30
  C:16D8H         LINE#         31
  C:16D8H         LINE#         32
  C:16D8H         LINE#         33
  C:16DDH         LINE#         34
  C:16F9H         LINE#         35
  C:16F9H         LINE#         36
  -------         ENDPROC       _SPIN_WATCHDOG_OVERTIME
  -------         ENDMOD        SPIN_WATCHDOG

  -------         MODULE        XPRINTF
  C:0000H         SYMBOL        _ICE_DUMMY_
  C:23F5H         PUBLIC        xgetc
  C:09B5H         PUBLIC        _xatoi
  C:0C38H         PUBLIC        _xgets
  X:0236H         SYMBOL        outptr
  C:1D88H         PUBLIC        _xputc
  C:2179H         PUBLIC        _xputs
  X:0239H         PUBLIC        xfunc_in
  X:023BH         PUBLIC        xfunc_out
  C:226AH         SYMBOL        Com0031
  C:226AH         SYMBOL        L?0050
  C:226BH         SYMBOL        L?0051
  C:2280H         SYMBOL        L?0052
  -------         PROC          COM0031
  -------         ENDPROC       COM0031
  -------         PROC          _XPUTC
  X:0280H         SYMBOL        c
  C:1D88H         LINE#         26
  C:1D8DH         LINE#         27
  C:1D8DH         LINE#         28
  C:1D95H         LINE#         30
  C:1DA0H         LINE#         31
  C:1DB3H         LINE#         33
  C:1DB3H         LINE#         35
  C:1DCEH         LINE#         36
  -------         ENDPROC       _XPUTC
  -------         PROC          _XPUTS
  X:025CH         SYMBOL        str
  C:2179H         LINE#         44
  C:217FH         LINE#         47
  C:217FH         LINE#         48
  C:218AH         LINE#         49
  C:219DH         LINE#         50
  -------         ENDPROC       _XPUTS
  -------         PROC          XGETC
  C:23F5H         LINE#         64
  C:23F5H         LINE#         65
  C:2402H         LINE#         66
  C:2409H         LINE#         67
BL51 BANKED LINKER/LOCATER V6.22                                                      01/20/2020  02:47:05  PAGE 24


  -------         ENDPROC       XGETC
  -------         PROC          _XGETS
  X:0225H         SYMBOL        buff
  X:0228H         SYMBOL        len
  -------         DO            
  X:022AH         SYMBOL        c
  X:022CH         SYMBOL        i
  -------         ENDDO         
  C:0C38H         LINE#         72
  C:0C46H         LINE#         76
  C:0C46H         LINE#         80
  C:0C53H         LINE#         82
  C:0C5AH         LINE#         83
  C:0C5AH         LINE#         84
  C:0C71H         LINE#         85
  C:0C75H         LINE#         86
  C:0C82H         LINE#         87
  C:0C98H         LINE#         88
  C:0CA2H         LINE#         90
  C:0CA8H         LINE#         92
  C:0CAAH         LINE#         93
  C:0CAAH         LINE#         94
  C:0CE0H         LINE#         95
  C:0CF3H         LINE#         97
  C:0CF6H         LINE#         99
  C:0CF6H         LINE#         100
  C:0CF9H         LINE#         101
  C:0D08H         LINE#         104
  C:0D0DH         LINE#         106
  C:0D12H         LINE#         108
  C:0D16H         LINE#         109
  -------         ENDPROC       _XGETS
  -------         PROC          _XATOI
  X:01E8H         SYMBOL        str
  X:01EBH         SYMBOL        res
  -------         DO            
  X:01EEH         SYMBOL        val
  X:01F2H         SYMBOL        c
  X:01F3H         SYMBOL        r
  X:01F4H         SYMBOL        s
  -------         ENDDO         
  C:09B5H         LINE#         124
  C:09BBH         LINE#         128
  C:09BBH         LINE#         130
  C:09C0H         LINE#         133
  C:09CDH         LINE#         135
  C:09F3H         LINE#         137
  C:09FAH         LINE#         138
  C:09FFH         LINE#         139
  C:0A02H         LINE#         140
  C:0A02H         LINE#         142
  C:0A0BH         LINE#         143
  C:0A0EH         LINE#         144
  C:0A18H         LINE#         145
  C:0A18H         LINE#         146
  C:0A1DH         LINE#         147
  C:0A1FH         LINE#         148
BL51 BANKED LINKER/LOCATER V6.22                                                      01/20/2020  02:47:05  PAGE 25


  C:0A1FH         LINE#         149
  C:0A27H         LINE#         150
  C:0A29H         LINE#         151
  C:0A29H         LINE#         152
  C:0A32H         LINE#         153
  C:0A44H         LINE#         154
  C:0A4AH         LINE#         155
  C:0A4AH         LINE#         156
  C:0A4CH         LINE#         157
  C:0A5DH         LINE#         158
  C:0A63H         LINE#         159
  C:0A63H         LINE#         161
  C:0A6DH         LINE#         162
  C:0A77H         LINE#         163
  C:0A80H         LINE#         164
  C:0A87H         LINE#         165
  C:0A8DH         LINE#         166
  C:0A91H         LINE#         167
  C:0A99H         LINE#         168
  C:0A99H         LINE#         169
  C:0AAAH         LINE#         170
  C:0AD3H         LINE#         171
  C:0AD6H         LINE#         172
  C:0AD8H         LINE#         173
  C:0AEDH         LINE#         175
  C:0AFCH         LINE#         176
  C:0B00H         LINE#         177
  -------         ENDPROC       _XATOI
  -------         ENDMOD        XPRINTF

  -------         MODULE        CLOCK
  C:0000H         SYMBOL        _ICE_DUMMY_
  D:0090H         PUBLIC        P1
  D:00C0H         PUBLIC        XICON
  D:00B0H         PUBLIC        P3
  X:021BH         SYMBOL        counter
  B:00A8H.7       PUBLIC        EA
  D:00A8H         PUBLIC        IE
  C:2532H         PUBLIC        _clock_delay_usec
  D:00B8H         PUBLIC        IP
  C:2584H         PUBLIC        clock_time
  C:260AH         PUBLIC        clock_init
  C:212AH         PUBLIC        _clock_wait
  X:021DH         SYMBOL        count
  C:0D17H         PUBLIC        intersvr1
  D:0098H         PUBLIC        SCON
  D:0088H         PUBLIC        TCON
  C:258FH         PUBLIC        clock_seconds
  D:00C8H         PUBLIC        T2CON
  X:0221H         SYMBOL        seconds
  D:00D0H         PUBLIC        PSW
  C:24C3H         SYMBOL        Com0027
  C:24C3H         SYMBOL        L?0040
  -------         PROC          COM0027
  -------         ENDPROC       COM0027
  -------         PROC          _CLOCK_DELAY_USEC
  D:0006H         SYMBOL        len
BL51 BANKED LINKER/LOCATER V6.22                                                      01/20/2020  02:47:05  PAGE 26


  C:2532H         LINE#         54
  C:2532H         LINE#         55
  C:2532H         LINE#         56
  C:2534H         LINE#         57
  C:253EH         LINE#         59
  C:253EH         LINE#         60
  C:2540H         LINE#         61
  -------         ENDPROC       _CLOCK_DELAY_USEC
  -------         PROC          _CLOCK_WAIT
  X:022EH         SYMBOL        i
  -------         DO            
  X:0232H         SYMBOL        start
  -------         ENDDO         
  C:212AH         LINE#         67
  C:2130H         LINE#         68
  C:2130H         LINE#         71
  C:2139H         LINE#         72
  C:2151H         LINE#         73
  -------         ENDPROC       _CLOCK_WAIT
  -------         PROC          CLOCK_TIME
  -------         DO            
  D:0004H         SYMBOL        c
  -------         ENDDO         
  C:2584H         LINE#         76
  C:2584H         LINE#         77
  C:2584H         LINE#         79
  C:2586H         LINE#         80
  C:258CH         LINE#         81
  C:258EH         LINE#         82
  C:258EH         LINE#         83
  -------         ENDPROC       CLOCK_TIME
  -------         PROC          CLOCK_SECONDS
  -------         DO            
  D:0004H         SYMBOL        s
  -------         ENDDO         
  C:258FH         LINE#         86
  C:258FH         LINE#         87
  C:258FH         LINE#         89
  C:2591H         LINE#         90
  C:2597H         LINE#         91
  C:2599H         LINE#         92
  C:2599H         LINE#         93
  -------         ENDPROC       CLOCK_SECONDS
  -------         PROC          CLOCK_INIT
  C:260AH         LINE#         107
  C:260AH         LINE#         108
  C:260AH         LINE#         109
  -------         ENDPROC       CLOCK_INIT
  -------         PROC          INTERSVR1
  C:0D17H         LINE#         112
  C:0D3BH         LINE#         114
  C:0D45H         LINE#         115
  C:0D56H         LINE#         116
  C:0D5DH         LINE#         117
  C:0D5FH         LINE#         118
  C:0D69H         LINE#         119
  C:0D81H         LINE#         120
BL51 BANKED LINKER/LOCATER V6.22                                                      01/20/2020  02:47:05  PAGE 27


  C:0D8DH         LINE#         121
  C:0D8DH         LINE#         124
  C:0DBDH         LINE#         125
  C:0DC0H         LINE#         126
  C:0DC0H         LINE#         127
  C:0DC2H         LINE#         128
  -------         ENDPROC       INTERSVR1
  -------         ENDMOD        CLOCK

  -------         MODULE        RTIMER_ARCH
  C:0000H         SYMBOL        _ICE_DUMMY_
  D:0090H         PUBLIC        P1
  D:00C0H         PUBLIC        XICON
  D:00B0H         PUBLIC        P3
  D:00A8H         PUBLIC        IE
  D:00B8H         PUBLIC        IP
  C:001EH         PUBLIC        rtimer_arch_init
  D:0098H         PUBLIC        SCON
  D:0088H         PUBLIC        TCON
  C:1CF2H         PUBLIC        rtimer_isr
  C:259AH         PUBLIC        _rtimer_arch_schedule
  D:008CH         PUBLIC        TH0
  D:00C8H         PUBLIC        T2CON
  D:00D0H         PUBLIC        PSW
  -------         PROC          RTIMER_ARCH_INIT
  C:001EH         LINE#         56
  C:001EH         LINE#         57
  C:001EH         LINE#         58
  -------         ENDPROC       RTIMER_ARCH_INIT
  -------         PROC          _RTIMER_ARCH_SCHEDULE
  D:0007H         SYMBOL        t
  C:259AH         LINE#         62
  C:259AH         LINE#         63
  C:259AH         LINE#         65
  C:259FH         LINE#         66
  -------         ENDPROC       _RTIMER_ARCH_SCHEDULE
  -------         PROC          RTIMER_ISR
  C:1CF2H         LINE#         68
  C:1D16H         LINE#         70
  C:1D1BH         LINE#         71
  C:1D1EH         LINE#         72
  -------         ENDPROC       RTIMER_ISR
  -------         ENDMOD        RTIMER_ARCH

  -------         MODULE        ETIMER
  C:0000H         SYMBOL        _ICE_DUMMY_
  D:0090H         PUBLIC        P1
  D:00C0H         PUBLIC        XICON
  D:00B0H         PUBLIC        P3
  D:00A8H         PUBLIC        IE
  C:234FH         PUBLIC        _etimer_reset
  C:25B6H         PUBLIC        etimer_request_poll
  C:177CH         SYMBOL        update_time
  D:00B8H         PUBLIC        IP
  C:20D6H         PUBLIC        _etimer_reset_with_new_interval
  C:25F6H         PUBLIC        _etimer_start_time
  C:12FBH         SYMBOL        _add_timer
BL51 BANKED LINKER/LOCATER V6.22                                                      01/20/2020  02:47:05  PAGE 28


  C:067BH         SYMBOL        _process_thread_etimer_process
  C:0DE4H         PUBLIC        _etimer_stop
  D:0098H         PUBLIC        SCON
  D:0088H         PUBLIC        TCON
  C:2337H         PUBLIC        _etimer_set
  C:256CH         PUBLIC        _etimer_expiration_time
  C:2446H         PUBLIC        etimer_pending
  C:2433H         PUBLIC        _etimer_expired
  X:01B6H         SYMBOL        timerlist
  D:00C8H         PUBLIC        T2CON
  C:240AH         PUBLIC        etimer_next_expiration_time
  X:01B9H         SYMBOL        next_expiration
  X:01BDH         PUBLIC        etimer_process
  C:2367H         PUBLIC        _etimer_restart
  C:2207H         PUBLIC        _etimer_adjust
  D:00D0H         PUBLIC        PSW
  C:18C2H         SYMBOL        Com0051
  C:18C2H         SYMBOL        L?0082
  C:18C5H         SYMBOL        L?0083
  C:18C8H         SYMBOL        L?0084
  C:18CEH         SYMBOL        L?0085
  C:18CEH         SYMBOL        L?0086
  C:18E7H         SYMBOL        L?0087
  C:18EAH         SYMBOL        L?0088
  C:18F0H         SYMBOL        L?0089
  C:18F0H         SYMBOL        L?0090
  C:18F3H         SYMBOL        L?0091
  C:18FAH         SYMBOL        L?0092
  C:18FDH         SYMBOL        L?0093
  C:1904H         SYMBOL        L?0094
  C:1904H         SYMBOL        L?0095
  C:190BH         SYMBOL        L?0096
  C:1910H         SYMBOL        L?0097
  C:1916H         SYMBOL        L?0098
  C:1916H         SYMBOL        L?0099
  C:191CH         SYMBOL        L?0100
  C:191CH         SYMBOL        L?0101
  C:1922H         SYMBOL        L?0102
  C:1922H         SYMBOL        L?0103
  -------         PROC          COM0051
  -------         ENDPROC       COM0051
  -------         PROC          UPDATE_TIME
  -------         DO            
  X:0198H         SYMBOL        tdist
  X:019CH         SYMBOL        now
  X:01A0H         SYMBOL        t
  -------         ENDDO         
  C:177CH         LINE#         58
  C:177CH         LINE#         59
  C:177CH         LINE#         64
  C:1783H         LINE#         65
  C:178DH         LINE#         66
  C:178EH         LINE#         67
  C:1797H         LINE#         68
  C:17A0H         LINE#         70
  C:17A6H         LINE#         71
  C:17B2H         LINE#         72
BL51 BANKED LINKER/LOCATER V6.22                                                      01/20/2020  02:47:05  PAGE 29


  C:17BEH         LINE#         73
  C:17CAH         LINE#         74
  C:17CAH         LINE#         75
  C:17D8H         LINE#         76
  C:17EDH         LINE#         77
  C:17EDH         LINE#         78
  -------         ENDPROC       UPDATE_TIME
  -------         PROC          _PROCESS_THREAD_ETIMER_PROCESS
  X:0181H         SYMBOL        process_pt
  X:0184H         SYMBOL        ev
  X:0185H         SYMBOL        dataa
  -------         DO            
  X:0188H         SYMBOL        t
  X:018BH         SYMBOL        u
  C:076FH         SYMBOL        again
  -------         DO            
  X:018EH         SYMBOL        PT_YIELD_FLAG
  -------         DO            
  X:018FH         SYMBOL        p
  -------         ENDDO         
  -------         ENDDO         
  -------         ENDDO         
  C:067BH         LINE#         80
  C:0686H         LINE#         81
  C:0686H         LINE#         82
  C:0686H         LINE#         84
  C:06A8H         LINE#         86
  C:06AEH         LINE#         88
  C:06AEH         LINE#         89
  C:06C1H         LINE#         91
  C:06CCH         LINE#         92
  C:06D5H         LINE#         94
  C:0702H         LINE#         95
  C:070BH         LINE#         96
  C:070DH         LINE#         98
  C:0711H         LINE#         99
  C:0716H         LINE#         100
  C:0720H         LINE#         101
  C:0745H         LINE#         102
  C:0757H         LINE#         103
  C:0759H         LINE#         104
  C:0762H         LINE#         105
  C:0764H         LINE#         106
  C:0764H         LINE#         107
  C:0764H         LINE#         108
  C:076FH         LINE#         109
  C:076FH         LINE#         110
  C:076FH         LINE#         112
  C:076FH         LINE#         114
  C:0775H         LINE#         116
  C:0785H         LINE#         117
  C:078CH         LINE#         118
  C:07B3H         LINE#         123
  C:07C5H         LINE#         124
  C:07D2H         LINE#         125
  C:07E4H         LINE#         126
  C:07E6H         LINE#         127
BL51 BANKED LINKER/LOCATER V6.22                                                      01/20/2020  02:47:05  PAGE 30


  C:07ECH         LINE#         128
  C:07ECH         LINE#         129
  C:07FBH         LINE#         130
  C:07FEH         LINE#         131
  C:0801H         LINE#         132
  C:0801H         LINE#         133
  C:0804H         LINE#         134
  C:0804H         LINE#         135
  C:0804H         LINE#         136
  C:080DH         LINE#         137
  C:081CH         LINE#         139
  C:081CH         LINE#         141
  C:0827H         LINE#         142
  -------         ENDPROC       _PROCESS_THREAD_ETIMER_PROCESS
  -------         PROC          ETIMER_REQUEST_POLL
  C:25B6H         LINE#         145
  C:25B6H         LINE#         146
  C:25B6H         LINE#         147
  -------         ENDPROC       ETIMER_REQUEST_POLL
  -------         PROC          _ADD_TIMER
  X:0192H         SYMBOL        timer
  -------         DO            
  X:0195H         SYMBOL        t
  -------         ENDDO         
  C:12FBH         LINE#         151
  C:1301H         LINE#         152
  C:1301H         LINE#         155
  C:1304H         LINE#         157
  C:130EH         LINE#         158
  C:131DH         LINE#         159
  C:1342H         LINE#         161
  C:1354H         LINE#         162
  C:1356H         LINE#         164
  C:1356H         LINE#         165
  C:1364H         LINE#         166
  C:1364H         LINE#         169
  C:1376H         LINE#         170
  C:1388H         LINE#         171
  C:1391H         LINE#         173
  C:1394H         LINE#         174
  -------         ENDPROC       _ADD_TIMER
  -------         PROC          _ETIMER_SET
  X:018FH         SYMBOL        et
  D:0004H         SYMBOL        interval
  C:2337H         LINE#         177
  C:233DH         LINE#         178
  C:233DH         LINE#         179
  C:2346H         LINE#         180
  -------         ENDPROC       _ETIMER_SET
  -------         PROC          _ETIMER_RESET_WITH_NEW_INTERVAL
  X:023DH         SYMBOL        et
  X:0240H         SYMBOL        interval
  C:20D6H         LINE#         184
  C:20E2H         LINE#         185
  C:20E2H         LINE#         186
  C:20EBH         LINE#         187
  C:20FDH         LINE#         188
BL51 BANKED LINKER/LOCATER V6.22                                                      01/20/2020  02:47:05  PAGE 31


  -------         ENDPROC       _ETIMER_RESET_WITH_NEW_INTERVAL
  -------         PROC          _ETIMER_RESET
  X:025FH         SYMBOL        et
  C:234FH         LINE#         192
  C:2355H         LINE#         193
  C:2355H         LINE#         194
  C:235EH         LINE#         195
  -------         ENDPROC       _ETIMER_RESET
  -------         PROC          _ETIMER_RESTART
  X:0189H         SYMBOL        et
  C:2367H         LINE#         199
  C:236DH         LINE#         200
  C:236DH         LINE#         201
  C:2376H         LINE#         202
  -------         ENDPROC       _ETIMER_RESTART
  -------         PROC          _ETIMER_ADJUST
  D:0001H         SYMBOL        et
  D:0004H         SYMBOL        timediff
  C:2207H         LINE#         206
  C:2207H         LINE#         207
  C:2207H         LINE#         208
  C:2226H         LINE#         209
  -------         ENDPROC       _ETIMER_ADJUST
  -------         PROC          _ETIMER_EXPIRED
  D:0001H         SYMBOL        et
  C:2433H         LINE#         213
  C:2433H         LINE#         214
  C:2433H         LINE#         215
  C:2445H         LINE#         216
  -------         ENDPROC       _ETIMER_EXPIRED
  -------         PROC          _ETIMER_EXPIRATION_TIME
  D:0001H         SYMBOL        et
  C:256CH         LINE#         219
  C:256CH         LINE#         220
  C:256CH         LINE#         221
  C:2578H         LINE#         222
  -------         ENDPROC       _ETIMER_EXPIRATION_TIME
  -------         PROC          _ETIMER_START_TIME
  D:0001H         SYMBOL        et
  C:25F6H         LINE#         225
  C:25F6H         LINE#         226
  C:25F6H         LINE#         227
  C:25F9H         LINE#         228
  -------         ENDPROC       _ETIMER_START_TIME
  -------         PROC          ETIMER_PENDING
  C:2446H         LINE#         231
  C:2446H         LINE#         232
  C:2446H         LINE#         233
  C:2458H         LINE#         234
  -------         ENDPROC       ETIMER_PENDING
  -------         PROC          ETIMER_NEXT_EXPIRATION_TIME
  C:240AH         LINE#         237
  C:240AH         LINE#         238
  C:240AH         LINE#         239
  C:241EH         LINE#         240
  -------         ENDPROC       ETIMER_NEXT_EXPIRATION_TIME
  -------         PROC          _ETIMER_STOP
BL51 BANKED LINKER/LOCATER V6.22                                                      01/20/2020  02:47:05  PAGE 32


  X:0244H         SYMBOL        et
  -------         DO            
  X:0247H         SYMBOL        t
  -------         ENDDO         
  C:0DE4H         LINE#         243
  C:0DE7H         LINE#         244
  C:0DE7H         LINE#         248
  C:0E09H         LINE#         249
  C:0E0FH         LINE#         250
  C:0E0FH         LINE#         251
  C:0E11H         LINE#         254
  C:0E54H         LINE#         256
  C:0E58H         LINE#         260
  C:0E6DH         LINE#         262
  C:0E70H         LINE#         263
  C:0E70H         LINE#         264
  C:0E70H         LINE#         267
  C:0E82H         LINE#         269
  C:0E94H         LINE#         270
  -------         ENDPROC       _ETIMER_STOP
  -------         ENDMOD        ETIMER

  -------         MODULE        PROCESS
  C:0000H         SYMBOL        _ICE_DUMMY_
  D:0090H         PUBLIC        P1
  C:14C7H         SYMBOL        _call_process
  D:00C0H         PUBLIC        XICON
  D:00B0H         PUBLIC        P3
  X:0000H         SYMBOL        nevents
  X:0001H         SYMBOL        fevent
  D:00A8H         PUBLIC        IE
  C:1086H         PUBLIC        _process_start
  X:0002H         SYMBOL        events
  D:00B8H         PUBLIC        IP
  C:231CH         PUBLIC        process_init
  C:1FF6H         PUBLIC        _process_poll
  C:0828H         SYMBOL        _exit_process
  C:237FH         PUBLIC        _process_exit
  X:00E2H         PUBLIC        process_list
  C:255EH         PUBLIC        _process_is_running
  C:1E9BH         PUBLIC        _process_post
  D:0098H         PUBLIC        SCON
  D:0088H         PUBLIC        TCON
  C:2152H         PUBLIC        _process_post_synch
  C:2504H         PUBLIC        process_run
  C:0FE6H         SYMBOL        do_event
  X:00E5H         SYMBOL        lastevent
  D:00C8H         PUBLIC        T2CON
  C:25FAH         PUBLIC        process_nevents
  X:00E6H         PUBLIC        process_current
  C:1BFFH         SYMBOL        do_poll
  X:00E9H         SYMBOL        poll_requested
  C:25BFH         PUBLIC        process_alloc_event
  D:00D0H         PUBLIC        PSW
  C:0E95H         SYMBOL        Com0054
  C:0E95H         SYMBOL        L?0085
  C:0E95H         SYMBOL        L?0086
[...]
  C:11CCH         LINE#         99
  C:11E7H         LINE#         101
  C:11F5H         LINE#         102
  C:11F5H         LINE#         103
  C:11F5H         LINE#         105
  C:1210H         LINE#         107
  C:1212H         LINE#         109
  C:1218H         LINE#         110
  C:1233H         LINE#         112
  C:1235H         LINE#         113
  C:123BH         LINE#         114
  C:123DH         LINE#         115
  C:1243H         LINE#         116
  -------         ENDPROC       _PROCESS_THREAD_LED3
  C:12E1H         SYMBOL        L?0119
  C:12EFH         SYMBOL        L?0136
  -------         PROC          _PROCESS_THREAD_LED4
  X:0181H         SYMBOL        process_pt
  X:0184H         SYMBOL        ev
  X:0185H         SYMBOL        dataa
  -------         DO            
  X:0122H         SYMBOL        et
  -------         DO            
  X:0188H         SYMBOL        PT_YIELD_FLAG
  -------         ENDDO         
  -------         ENDDO         
  C:125EH         LINE#         118
  C:1269H         LINE#         119
  C:1269H         LINE#         120
  C:1269H         LINE#         121
  C:1284H         LINE#         123
  C:1292H         LINE#         124
  C:1292H         LINE#         125
  C:1292H         LINE#         127
  C:12ADH         LINE#         129
  C:12AFH         LINE#         131
  C:12B5H         LINE#         132
  C:12D0H         LINE#         134
  C:12D2H         LINE#         135
  C:12D8H         LINE#         136
  C:12DAH         LINE#         137
  C:12E0H         LINE#         138
  -------         ENDPROC       _PROCESS_THREAD_LED4
  -------         PROC          _PROCESS_THREAD_DOG
  X:0181H         SYMBOL        process_pt
  X:0184H         SYMBOL        ev
  X:0185H         SYMBOL        dataa
  -------         DO            
  X:0130H         SYMBOL        et
  -------         DO            
  X:0188H         SYMBOL        PT_YIELD_FLAG
  -------         ENDDO         
BL51 BANKED LINKER/LOCATER V6.22                                                      01/20/2020  02:47:05  PAGE 48


  -------         ENDDO         
  C:17EEH         LINE#         140
  C:17F9H         LINE#         141
  C:17F9H         LINE#         142
  C:17F9H         LINE#         143
  C:1810H         LINE#         145
  C:181EH         LINE#         146
  C:181EH         LINE#         147
  C:181EH         LINE#         149
  C:1843H         LINE#         150
  C:1846H         LINE#         151
  C:184CH         LINE#         152
  C:184EH         LINE#         153
  C:1859H         LINE#         154
  -------         ENDPROC       _PROCESS_THREAD_DOG
  C:1749H         SYMBOL        L?0107
  C:175BH         SYMBOL        L?0108
  C:176CH         SYMBOL        L?0116
  -------         PROC          MAIN
  C:16FAH         LINE#         156
  C:16FAH         LINE#         157
  C:16FAH         LINE#         158
  C:16FDH         LINE#         159
  C:1700H         LINE#         160
  C:1703H         LINE#         161
  C:1706H         LINE#         163
  C:1716H         LINE#         164
  C:171DH         LINE#         165
  C:1724H         LINE#         166
  C:172BH         LINE#         167
  C:1732H         LINE#         168
  C:1739H         LINE#         169
  C:1744H         LINE#         170
  C:1749H         LINE#         171
  C:1749H         LINE#         172
  -------         ENDPROC       MAIN
  -------         ENDMOD        CONTIKI_MAIN

  -------         MODULE        ?C?CLDPTR
  C:003EH         PUBLIC        ?C?CLDPTR
  -------         ENDMOD        ?C?CLDPTR

  -------         MODULE        ?C?CLDOPTR
  C:0057H         PUBLIC        ?C?CLDOPTR
  -------         ENDMOD        ?C?CLDOPTR

  -------         MODULE        ?C?CSTPTR
  C:0084H         PUBLIC        ?C?CSTPTR
  -------         ENDMOD        ?C?CSTPTR

  -------         MODULE        ?C?CSTOPTR
  C:0096H         PUBLIC        ?C?CSTOPTR
  -------         ENDMOD        ?C?CSTOPTR

  -------         MODULE        ?C?IMUL
  C:00B8H         PUBLIC        ?C?IMUL
  -------         ENDMOD        ?C?IMUL
BL51 BANKED LINKER/LOCATER V6.22                                                      01/20/2020  02:47:05  PAGE 49



  -------         MODULE        ?C?UIDIV
  C:00CAH         PUBLIC        ?C?UIDIV
  -------         ENDMOD        ?C?UIDIV

  -------         MODULE        ?C?IILDX
  C:011FH         PUBLIC        ?C?IILDX
  -------         ENDMOD        ?C?IILDX

  -------         MODULE        ?C?ILDIX
  C:0135H         PUBLIC        ?C?ILDIX
  -------         ENDMOD        ?C?ILDIX

  -------         MODULE        ?C?ILDPTR
  C:014BH         PUBLIC        ?C?ILDPTR
  -------         ENDMOD        ?C?ILDPTR

  -------         MODULE        ?C?IILDOPTR
  C:0176H         PUBLIC        ?C?IILDOPTR
  -------         ENDMOD        ?C?IILDOPTR

  -------         MODULE        ?C?ISTPTR
  C:01C3H         PUBLIC        ?C?ISTPTR
  -------         ENDMOD        ?C?ISTPTR

  -------         MODULE        ?C?ISTOPTR
  C:01E2H         PUBLIC        ?C?ISTOPTR
  -------         ENDMOD        ?C?ISTOPTR

  -------         MODULE        ?C?LADD
  C:020FH         PUBLIC        ?C?LADD
  -------         ENDMOD        ?C?LADD

  -------         MODULE        ?C?LSUB
  C:021CH         PUBLIC        ?C?LSUB
  -------         ENDMOD        ?C?LSUB

  -------         MODULE        ?C?LMUL
  C:022AH         PUBLIC        ?C?LMUL
  -------         ENDMOD        ?C?LMUL

  -------         MODULE        ?C?LNEG
  C:0279H         PUBLIC        ?C?LNEG
  -------         ENDMOD        ?C?LNEG

  -------         MODULE        ?C?ULCMP
  C:0287H         PUBLIC        ?C?ULCMP
  -------         ENDMOD        ?C?ULCMP

  -------         MODULE        ?C?LLDPTR
  C:0298H         PUBLIC        ?C?LLDPTR
  -------         ENDMOD        ?C?LLDPTR

  -------         MODULE        ?C?LLDOPTR
  C:02B8H         PUBLIC        ?C?LLDOPTR
  -------         ENDMOD        ?C?LLDOPTR

BL51 BANKED LINKER/LOCATER V6.22                                                      01/20/2020  02:47:05  PAGE 50


  -------         MODULE        ?C?LSTPTR
  C:02E8H         PUBLIC        ?C?LSTPTR
  -------         ENDMOD        ?C?LSTPTR

  -------         MODULE        ?C?LSTOPTR
  C:0302H         PUBLIC        ?C?LSTOPTR
  -------         ENDMOD        ?C?LSTOPTR

  -------         MODULE        ?C?LLDXDATA
  C:0326H         PUBLIC        ?C?LLDXDATA
  -------         ENDMOD        ?C?LLDXDATA

  -------         MODULE        ?C?LLDXDATA0
  C:0332H         PUBLIC        ?C?LLDXDATA0
  -------         ENDMOD        ?C?LLDXDATA0

  -------         MODULE        ?C?LLDPTR0
  C:033EH         PUBLIC        ?C?LLDPTR0
  -------         ENDMOD        ?C?LLDPTR0

  -------         MODULE        ?C?LLDOPTR0
  C:035EH         PUBLIC        ?C?LLDOPTR0
  -------         ENDMOD        ?C?LLDOPTR0

  -------         MODULE        ?C?LSTXDATA
  C:038EH         PUBLIC        ?C?LSTXDATA
  -------         ENDMOD        ?C?LSTXDATA

  -------         MODULE        ?C?LSTKXDATA
  C:039AH         PUBLIC        ?C?LSTKXDATA
  -------         ENDMOD        ?C?LSTKXDATA

  -------         MODULE        ?C?LSTKPTR
  C:03CBH         PUBLIC        ?C?LSTKPTR
  -------         ENDMOD        ?C?LSTKPTR

  -------         MODULE        ?C?PLDXDATA
  C:03E5H         PUBLIC        ?C?PLDXDATA
  -------         ENDMOD        ?C?PLDXDATA

  -------         MODULE        ?C?PLDIXDATA
  C:03EEH         PUBLIC        ?C?PLDIXDATA
  -------         ENDMOD        ?C?PLDIXDATA

  -------         MODULE        ?C?PSTXDATA
  C:0405H         PUBLIC        ?C?PSTXDATA
  -------         ENDMOD        ?C?PSTXDATA

  -------         MODULE        ?C?PLDPTR
  C:040EH         PUBLIC        ?C?PLDPTR
  -------         ENDMOD        ?C?PLDPTR

  -------         MODULE        ?C?PILDPTR
  C:042EH         PUBLIC        ?C?PILDPTR
  -------         ENDMOD        ?C?PILDPTR

  -------         MODULE        ?C?PSTPTR
BL51 BANKED LINKER/LOCATER V6.22                                                      01/20/2020  02:47:05  PAGE 51


  C:0450H         PUBLIC        ?C?PSTPTR
  -------         ENDMOD        ?C?PSTPTR

  -------         MODULE        ?C?PLDOPTR
  C:049FH         PUBLIC        ?C?PLDOPTR
  -------         ENDMOD        ?C?PLDOPTR

  -------         MODULE        ?C?PSTOPTR
  C:04CFH         PUBLIC        ?C?PSTOPTR
  -------         ENDMOD        ?C?PSTOPTR

  -------         MODULE        ?C?CCASE
  C:0528H         PUBLIC        ?C?CCASE
  -------         ENDMOD        ?C?CCASE

  -------         MODULE        ?C?ICALL
  C:054EH         PUBLIC        ?C?ICALL
  C:0552H         PUBLIC        ?C?ICALL2
  -------         ENDMOD        ?C?ICALL

  -------         MODULE        ?C?ADDXBP
  C:0554H         PUBLIC        ?C?ADDXBP
  -------         ENDMOD        ?C?ADDXBP

  -------         MODULE        ?C?LLDIDATA
  C:0578H         PUBLIC        ?C?LLDIDATA
  -------         ENDMOD        ?C?LLDIDATA

  -------         MODULE        ?C?LLDPDATA
  C:0584H         PUBLIC        ?C?LLDPDATA
  -------         ENDMOD        ?C?LLDPDATA

  -------         MODULE        ?C?LLDCODE
  C:0590H         PUBLIC        ?C?LLDCODE
  -------         ENDMOD        ?C?LLDCODE

  -------         MODULE        ?C?LLDIDATA0
  C:05A0H         PUBLIC        ?C?LLDIDATA0
  -------         ENDMOD        ?C?LLDIDATA0

  -------         MODULE        ?C?LLDPDATA0
  C:05ADH         PUBLIC        ?C?LLDPDATA0
  -------         ENDMOD        ?C?LLDPDATA0

  -------         MODULE        ?C?LLDCODE0
  C:05BAH         PUBLIC        ?C?LLDCODE0
  -------         ENDMOD        ?C?LLDCODE0

  -------         MODULE        ?C?LSTIDATA
  C:05CAH         PUBLIC        ?C?LSTIDATA
  -------         ENDMOD        ?C?LSTIDATA

  -------         MODULE        ?C?LSTPDATA
  C:05D6H         PUBLIC        ?C?LSTPDATA
  -------         ENDMOD        ?C?LSTPDATA

  -------         MODULE        ?C?LSTKIDATA
BL51 BANKED LINKER/LOCATER V6.22                                                      01/20/2020  02:47:05  PAGE 52


  C:05E2H         PUBLIC        ?C?LSTKIDATA
  -------         ENDMOD        ?C?LSTKIDATA

  -------         MODULE        ?C?LSTKPDATA
  C:05FBH         PUBLIC        ?C?LSTKPDATA
  -------         ENDMOD        ?C?LSTKPDATA

  -------         MODULE        ?C?PLDIDATA
  C:0614H         PUBLIC        ?C?PLDIDATA
  -------         ENDMOD        ?C?PLDIDATA

  -------         MODULE        ?C?PILDIDATA
  C:061DH         PUBLIC        ?C?PILDIDATA
  -------         ENDMOD        ?C?PILDIDATA

  -------         MODULE        ?C?PSTIDATA
  C:062DH         PUBLIC        ?C?PSTIDATA
  -------         ENDMOD        ?C?PSTIDATA

  -------         MODULE        ?C?PILDXDATA
  C:0636H         PUBLIC        ?C?PILDXDATA
  -------         ENDMOD        ?C?PILDXDATA

  -------         MODULE        ?C?PLDPDATA
  C:064DH         PUBLIC        ?C?PLDPDATA
  -------         ENDMOD        ?C?PLDPDATA

  -------         MODULE        ?C?PILDPDATA
  C:0656H         PUBLIC        ?C?PILDPDATA
  -------         ENDMOD        ?C?PILDPDATA

  -------         MODULE        ?C?PSTPDATA
  C:0666H         PUBLIC        ?C?PSTPDATA
  -------         ENDMOD        ?C?PSTPDATA

  -------         MODULE        ?C?PLDCODE
  C:066FH         PUBLIC        ?C?PLDCODE
  -------         ENDMOD        ?C?PLDCODE

  -------         MODULE        ?C_XBP
  D:0008H         PUBLIC        ?C_XBP
  -------         ENDMOD        ?C_XBP

*** WARNING L13: RECURSIVE CALL TO SEGMENT
    SEGMENT: ?PR?_EXIT_PROCESS?PROCESS
    CALLER:  ?PR?_CALL_PROCESS?PROCESS

*** WARNING L16: UNCALLED SEGMENT, IGNORED FOR OVERLAY PROCESS
    SEGMENT: ?PR?_SPIN_SET_F0?SPIN_USERSTART

*** WARNING L16: UNCALLED SEGMENT, IGNORED FOR OVERLAY PROCESS
    SEGMENT: ?PR?SPIN_GET_CY?SPIN_USERSTART

*** WARNING L16: UNCALLED SEGMENT, IGNORED FOR OVERLAY PROCESS
    SEGMENT: ?PR?SPIN_GET_F0?SPIN_USERSTART

*** WARNING L16: UNCALLED SEGMENT, IGNORED FOR OVERLAY PROCESS
BL51 BANKED LINKER/LOCATER V6.22                                                      01/20/2020  02:47:05  PAGE 53


    SEGMENT: ?PR?SPIN_GET_RS1?SPIN_USERSTART

*** WARNING L16: UNCALLED SEGMENT, IGNORED FOR OVERLAY PROCESS
    SEGMENT: ?PR?SPIN_GET_RS0?SPIN_USERSTART

*** WARNING L16: UNCALLED SEGMENT, IGNORED FOR OVERLAY PROCESS
    SEGMENT: ?PR?SPIN_GET_OV?SPIN_USERSTART

*** WARNING L16: UNCALLED SEGMENT, IGNORED FOR OVERLAY PROCESS
    SEGMENT: ?PR?_SPIN_SET_SP?SPIN_USERSTART

*** WARNING L16: UNCALLED SEGMENT, IGNORED FOR OVERLAY PROCESS
    SEGMENT: ?PR?SPIN_GET_SP?SPIN_USERSTART

*** WARNING L16: UNCALLED SEGMENT, IGNORED FOR OVERLAY PROCESS
    SEGMENT: ?PR?SPIN_EXINT0_STOP?SPIN_EXINTERUPT

*** WARNING L16: UNCALLED SEGMENT, IGNORED FOR OVERLAY PROCESS
    SEGMENT: ?PR?SPIN_EXINT1_STOP?SPIN_EXINTERUPT

*** WARNING L16: UNCALLED SEGMENT, IGNORED FOR OVERLAY PROCESS
    SEGMENT: ?PR?_SPIN_SET_GPIO_VALUE?SPIN_GPIO

*** WARNING L16: UNCALLED SEGMENT, IGNORED FOR OVERLAY PROCESS
    SEGMENT: ?PR?_SPIN_GET_GPIO_BIT_VALUE?SPIN_GPIO

*** WARNING L16: UNCALLED SEGMENT, IGNORED FOR OVERLAY PROCESS
    SEGMENT: ?PR?SPIN_INTERUPT_DISABLE?SPIN_INTERUPT

*** WARNING L16: UNCALLED SEGMENT, IGNORED FOR OVERLAY PROCESS
    SEGMENT: ?PR?IDLE_MODE?SPIN_PWRMGR

*** WARNING L16: UNCALLED SEGMENT, IGNORED FOR OVERLAY PROCESS
    SEGMENT: ?PR?POWER_DOWN?SPIN_PWRMGR

*** WARNING L16: UNCALLED SEGMENT, IGNORED FOR OVERLAY PROCESS
    SEGMENT: ?PR?_SPIN_COUNTER_TIME?SPIN_TIMER

*** WARNING L16: UNCALLED SEGMENT, IGNORED FOR OVERLAY PROCESS
    SEGMENT: ?PR?DELAY2US?SPIN_TIMER

*** WARNING L16: UNCALLED SEGMENT, IGNORED FOR OVERLAY PROCESS
    SEGMENT: ?PR?DELAY3US?SPIN_TIMER

*** WARNING L16: UNCALLED SEGMENT, IGNORED FOR OVERLAY PROCESS
    SEGMENT: ?PR?DELAY1MS?SPIN_TIMER

*** WARNING L16: UNCALLED SEGMENT, IGNORED FOR OVERLAY PROCESS
    SEGMENT: ?PR?DELAY1S?SPIN_TIMER

*** WARNING L16: UNCALLED SEGMENT, IGNORED FOR OVERLAY PROCESS
    SEGMENT: ?PR?SPIN_WATCHDOG_DISABLE?SPIN_WATCHDOG

*** WARNING L16: UNCALLED SEGMENT, IGNORED FOR OVERLAY PROCESS
    SEGMENT: ?PR?SPIN_WATCHDOG_IDLEWORK?SPIN_WATCHDOG

*** WARNING L16: UNCALLED SEGMENT, IGNORED FOR OVERLAY PROCESS
BL51 BANKED LINKER/LOCATER V6.22                                                      01/20/2020  02:47:05  PAGE 54


    SEGMENT: ?PR?_XPUTS?XPRINTF

*** WARNING L16: UNCALLED SEGMENT, IGNORED FOR OVERLAY PROCESS
    SEGMENT: ?PR?XGETC?XPRINTF

*** WARNING L16: UNCALLED SEGMENT, IGNORED FOR OVERLAY PROCESS
    SEGMENT: ?PR?_XGETS?XPRINTF

*** WARNING L16: UNCALLED SEGMENT, IGNORED FOR OVERLAY PROCESS
    SEGMENT: ?PR?_XATOI?XPRINTF

*** WARNING L16: UNCALLED SEGMENT, IGNORED FOR OVERLAY PROCESS
    SEGMENT: ?PR?_CLOCK_DELAY_USEC?CLOCK

*** WARNING L16: UNCALLED SEGMENT, IGNORED FOR OVERLAY PROCESS
    SEGMENT: ?PR?_CLOCK_WAIT?CLOCK

*** WARNING L16: UNCALLED SEGMENT, IGNORED FOR OVERLAY PROCESS
    SEGMENT: ?PR?_ETIMER_RESET_WITH_NEW_INTERVAL?ETIMER

*** WARNING L16: UNCALLED SEGMENT, IGNORED FOR OVERLAY PROCESS
    SEGMENT: ?PR?_ETIMER_ADJUST?ETIMER

*** WARNING L16: UNCALLED SEGMENT, IGNORED FOR OVERLAY PROCESS
    SEGMENT: ?PR?_ETIMER_EXPIRATION_TIME?ETIMER

*** WARNING L16: UNCALLED SEGMENT, IGNORED FOR OVERLAY PROCESS
    SEGMENT: ?PR?_ETIMER_START_TIME?ETIMER

*** WARNING L16: UNCALLED SEGMENT, IGNORED FOR OVERLAY PROCESS
    SEGMENT: ?PR?PROCESS_ALLOC_EVENT?PROCESS

*** WARNING L16: UNCALLED SEGMENT, IGNORED FOR OVERLAY PROCESS
    SEGMENT: ?PR?_PROCESS_EXIT?PROCESS

*** WARNING L16: UNCALLED SEGMENT, IGNORED FOR OVERLAY PROCESS
    SEGMENT: ?PR?PROCESS_NEVENTS?PROCESS

*** WARNING L16: UNCALLED SEGMENT, IGNORED FOR OVERLAY PROCESS
    SEGMENT: ?PR?_TIMER_REMAINING?TIMER

*** WARNING L16: UNCALLED SEGMENT, IGNORED FOR OVERLAY PROCESS
    SEGMENT: ?PR?_RTIMER_SET?RTIMER

*** WARNING L16: UNCALLED SEGMENT, IGNORED FOR OVERLAY PROCESS
    SEGMENT: ?PR?_STIMER_SET?STIMER

*** WARNING L16: UNCALLED SEGMENT, IGNORED FOR OVERLAY PROCESS
    SEGMENT: ?PR?_STIMER_RESET?STIMER

*** WARNING L16: UNCALLED SEGMENT, IGNORED FOR OVERLAY PROCESS
    SEGMENT: ?PR?_STIMER_RESTART?STIMER

*** WARNING L16: UNCALLED SEGMENT, IGNORED FOR OVERLAY PROCESS
    SEGMENT: ?PR?_STIMER_EXPIRED?STIMER

*** WARNING L16: UNCALLED SEGMENT, IGNORED FOR OVERLAY PROCESS
BL51 BANKED LINKER/LOCATER V6.22                                                      01/20/2020  02:47:05  PAGE 55


    SEGMENT: ?PR?_STIMER_REMAINING?STIMER

*** WARNING L16: UNCALLED SEGMENT, IGNORED FOR OVERLAY PROCESS
    SEGMENT: ?PR?_STIMER_ELAPSED?STIMER

*** WARNING L16: UNCALLED SEGMENT, IGNORED FOR OVERLAY PROCESS
    SEGMENT: ?PR?CTIMER_INIT?CTIMER

*** WARNING L16: UNCALLED SEGMENT, IGNORED FOR OVERLAY PROCESS
    SEGMENT: ?PR?_CTIMER_SET?CTIMER

*** WARNING L16: UNCALLED SEGMENT, IGNORED FOR OVERLAY PROCESS
    SEGMENT: ?PR?_CTIMER_RESET?CTIMER

*** WARNING L16: UNCALLED SEGMENT, IGNORED FOR OVERLAY PROCESS
    SEGMENT: ?PR?_CTIMER_RESTART?CTIMER

*** WARNING L16: UNCALLED SEGMENT, IGNORED FOR OVERLAY PROCESS
    SEGMENT: ?PR?_CTIMER_STOP?CTIMER

*** WARNING L16: UNCALLED SEGMENT, IGNORED FOR OVERLAY PROCESS
    SEGMENT: ?PR?_CTIMER_EXPIRED?CTIMER

*** WARNING L15: MULTIPLE CALL TO SEGMENT
    SEGMENT: ?PR?_SPIN_TIMER_START?SPIN_TIMER
    CALLER1: ?PR?RTIMER_ISR?RTIMER_ARCH
    CALLER2: ?C_C51STARTUP

*** WARNING L15: MULTIPLE CALL TO SEGMENT
    SEGMENT: ?PR?_PROCESS_POLL?PROCESS
    CALLER1: ?PR?INTERSVR1?CLOCK
    CALLER2: ?C_C51STARTUP

*** WARNING L1: UNRESOLVED EXTERNAL SYMBOL
    SYMBOL:  _LIST_REMOVE
    MODULE:  ctimer.obj (CTIMER)

*** WARNING L1: UNRESOLVED EXTERNAL SYMBOL
    SYMBOL:  ?_LIST_REMOVE?BYTE
    MODULE:  ctimer.obj (CTIMER)

*** WARNING L1: UNRESOLVED EXTERNAL SYMBOL
    SYMBOL:  _LIST_HEAD
    MODULE:  ctimer.obj (CTIMER)

*** WARNING L1: UNRESOLVED EXTERNAL SYMBOL
    SYMBOL:  _LIST_ADD
    MODULE:  ctimer.obj (CTIMER)

*** WARNING L1: UNRESOLVED EXTERNAL SYMBOL
    SYMBOL:  ?_LIST_ADD?BYTE
    MODULE:  ctimer.obj (CTIMER)

*** WARNING L1: UNRESOLVED EXTERNAL SYMBOL
    SYMBOL:  _LIST_INIT
    MODULE:  ctimer.obj (CTIMER)

BL51 BANKED LINKER/LOCATER V6.22                                                      01/20/2020  02:47:05  PAGE 56


*** WARNING L2: REFERENCE MADE TO UNRESOLVED EXTERNAL
    SYMBOL:  ?_LIST_ADD?BYTE
    MODULE:  ctimer.obj (CTIMER)
    ADDRESS: 192CH

*** WARNING L2: REFERENCE MADE TO UNRESOLVED EXTERNAL
    SYMBOL:  _LIST_HEAD
    MODULE:  ctimer.obj (CTIMER)
    ADDRESS: 0B32H

*** WARNING L2: REFERENCE MADE TO UNRESOLVED EXTERNAL
    SYMBOL:  _LIST_HEAD
    MODULE:  ctimer.obj (CTIMER)
    ADDRESS: 0B90H

*** WARNING L2: REFERENCE MADE TO UNRESOLVED EXTERNAL
    SYMBOL:  ?_LIST_REMOVE?BYTE
    MODULE:  ctimer.obj (CTIMER)
    ADDRESS: 0BC2H

*** WARNING L2: REFERENCE MADE TO UNRESOLVED EXTERNAL
    SYMBOL:  _LIST_REMOVE
    MODULE:  ctimer.obj (CTIMER)
    ADDRESS: 0BC8H

*** WARNING L2: REFERENCE MADE TO UNRESOLVED EXTERNAL
    SYMBOL:  _LIST_INIT
    MODULE:  ctimer.obj (CTIMER)
    ADDRESS: 22EDH

*** WARNING L2: REFERENCE MADE TO UNRESOLVED EXTERNAL
    SYMBOL:  _LIST_ADD
    MODULE:  ctimer.obj (CTIMER)
    ADDRESS: 15E6H

*** WARNING L2: REFERENCE MADE TO UNRESOLVED EXTERNAL
    SYMBOL:  _LIST_ADD
    MODULE:  ctimer.obj (CTIMER)
    ADDRESS: 20A8H

*** WARNING L2: REFERENCE MADE TO UNRESOLVED EXTERNAL
    SYMBOL:  _LIST_ADD
    MODULE:  ctimer.obj (CTIMER)
    ADDRESS: 20D4H

*** WARNING L2: REFERENCE MADE TO UNRESOLVED EXTERNAL
    SYMBOL:  ?_LIST_REMOVE?BYTE
    MODULE:  ctimer.obj (CTIMER)
    ADDRESS: 1E93H

*** WARNING L2: REFERENCE MADE TO UNRESOLVED EXTERNAL
    SYMBOL:  _LIST_REMOVE
    MODULE:  ctimer.obj (CTIMER)
    ADDRESS: 1E99H

*** WARNING L2: REFERENCE MADE TO UNRESOLVED EXTERNAL
    SYMBOL:  _LIST_HEAD
BL51 BANKED LINKER/LOCATER V6.22                                                      01/20/2020  02:47:05  PAGE 57


    MODULE:  ctimer.obj (CTIMER)
    ADDRESS: 1B65H

Program Size: data=31.0 xdata=641 code=9744
LINK/LOCATE RUN COMPLETE.  70 WARNING(S),  0 ERROR(S)
