BL51 BANKED LINKER/LOCATER V6.22                                                        06/26/2021  00:39:09  PAGE 1


BL51 BANKED LINKER/LOCATER V6.22, INVOKED BY:
C:\KEIL\C51\BIN\BL51.EXE spin_userstart.obj, spin_exinterupt.obj, spin_gpio.obj, spin_interupt.obj, spin_pwrmgr.obj, spi
>> n_timer.obj, spin_uart.obj, spin_watchdog.obj, xprintf.obj, clock.obj, rtimer-arch.obj, etimer.obj, process.obj, time
>> r.obj, stimer.obj, ctimer.obj, rtimer.obj, list.obj, contiki-main.obj, spin_1602.obj, i2c.obj, spin_at24c02.obj, spin
>> _pwm.obj, spin_18b20.obj, spin_ds1302.obj TO stc89c52 RAMSIZE (256) CODE (0X0000-0XF3FF) XDATA (0X0000-0X03FF)




PROGRAM RECURSIONS REMOVED FROM CALL TREE
=========================================
+--> ?PR?_EXIT_PROCESS?PROCESS
<--+ ?PR?_CALL_PROCESS?PROCESS



MEMORY MODEL: LARGE WITH FLOATING POINT ARITHMETIC


INPUT MODULES INCLUDED:
  spin_userstart.obj (SPIN_USERSTART)
  spin_exinterupt.obj (SPIN_EXINTERUPT)
  spin_gpio.obj (SPIN_GPIO)
  spin_interupt.obj (SPIN_INTERUPT)
  spin_pwrmgr.obj (SPIN_PWRMGR)
  spin_timer.obj (SPIN_TIMER)
  spin_uart.obj (SPIN_UART)
  spin_watchdog.obj (SPIN_WATCHDOG)
  xprintf.obj (XPRINTF)
  clock.obj (CLOCK)
  rtimer-arch.obj (RTIMER_ARCH)
  etimer.obj (ETIMER)
  process.obj (PROCESS)
  timer.obj (TIMER)
  stimer.obj (STIMER)
  ctimer.obj (CTIMER)
  rtimer.obj (RTIMER)
  list.obj (LIST)
  contiki-main.obj (CONTIKI_MAIN)
  spin_1602.obj (SPIN_1602)
  i2c.obj (I2C)
  spin_at24c02.obj (SPIN_AT24C02)
  spin_pwm.obj (SPIN_PWM)
  spin_18b20.obj (SPIN_18B20)
  spin_ds1302.obj (SPIN_DS1302)
  C:\KEIL\C51\LIB\C51FPL.LIB (?C?FPADD)
  C:\KEIL\C51\LIB\C51FPL.LIB (?C?FPMUL)
  C:\KEIL\C51\LIB\C51FPL.LIB (?C?FPCMP)
  C:\KEIL\C51\LIB\C51FPL.LIB (?C?FPNEG)
  C:\KEIL\C51\LIB\C51FPL.LIB (?C?FCAST)
  C:\KEIL\C51\LIB\C51FPL.LIB (?C?CASTF)
  C:\KEIL\C51\LIB\C51FPL.LIB (?C?FPGETOPN)
  C:\KEIL\C51\LIB\C51L.LIB (?C_STARTUP)
  C:\KEIL\C51\LIB\C51L.LIB (?C?SCDIV)
  C:\KEIL\C51\LIB\C51L.LIB (?C?CLDPTR)
  C:\KEIL\C51\LIB\C51L.LIB (?C?CLDOPTR)
  C:\KEIL\C51\LIB\C51L.LIB (?C?CSTPTR)
  C:\KEIL\C51\LIB\C51L.LIB (?C?CSTOPTR)
BL51 BANKED LINKER/LOCATER V6.22                                                      06/26/2021  00:39:09  PAGE 2


  C:\KEIL\C51\LIB\C51L.LIB (?C?IMUL)
  C:\KEIL\C51\LIB\C51L.LIB (?C?UIDIV)
  C:\KEIL\C51\LIB\C51L.LIB (?C?SIDIV)
  C:\KEIL\C51\LIB\C51L.LIB (?C?IILDX)
  C:\KEIL\C51\LIB\C51L.LIB (?C?ILDIX)
  C:\KEIL\C51\LIB\C51L.LIB (?C?ILDPTR)
  C:\KEIL\C51\LIB\C51L.LIB (?C?ILDOPTR)
  C:\KEIL\C51\LIB\C51L.LIB (?C?IILDOPTR)
  C:\KEIL\C51\LIB\C51L.LIB (?C?ISTPTR)
  C:\KEIL\C51\LIB\C51L.LIB (?C?ISTOPTR)
  C:\KEIL\C51\LIB\C51L.LIB (?C?LMUL)
  C:\KEIL\C51\LIB\C51L.LIB (?C?LNEG)
  C:\KEIL\C51\LIB\C51L.LIB (?C?ULCMP)
  C:\KEIL\C51\LIB\C51L.LIB (?C?LLDPTR)
  C:\KEIL\C51\LIB\C51L.LIB (?C?LLDOPTR)
  C:\KEIL\C51\LIB\C51L.LIB (?C?LSTPTR)
  C:\KEIL\C51\LIB\C51L.LIB (?C?LSTOPTR)
  C:\KEIL\C51\LIB\C51L.LIB (?C?LLDPTR0)
  C:\KEIL\C51\LIB\C51L.LIB (?C?LLDOPTR0)
  C:\KEIL\C51\LIB\C51L.LIB (?C?LSTXDATA)
  C:\KEIL\C51\LIB\C51L.LIB (?C?LSTKXDATA)
  C:\KEIL\C51\LIB\C51L.LIB (?C?LSTKPTR)
  C:\KEIL\C51\LIB\C51L.LIB (?C?PLDPTR)
  C:\KEIL\C51\LIB\C51L.LIB (?C?PILDPTR)
  C:\KEIL\C51\LIB\C51L.LIB (?C?PSTPTR)
  C:\KEIL\C51\LIB\C51L.LIB (?C?PLDOPTR)
  C:\KEIL\C51\LIB\C51L.LIB (?C?PSTOPTR)
  C:\KEIL\C51\LIB\C51L.LIB (?C?ICALL)
  C:\KEIL\C51\LIB\C51L.LIB (?C?ADDXBP)
  C:\KEIL\C51\LIB\C51L.LIB (?C?COPYP2)
  C:\KEIL\C51\LIB\C51L.LIB (?C_INIT)
  C:\KEIL\C51\LIB\C51L.LIB (?C?LLDIDATA)
  C:\KEIL\C51\LIB\C51L.LIB (?C?LLDXDATA)
  C:\KEIL\C51\LIB\C51L.LIB (?C?LLDPDATA)
  C:\KEIL\C51\LIB\C51L.LIB (?C?LLDCODE)
  C:\KEIL\C51\LIB\C51L.LIB (?C?LLDIDATA0)
  C:\KEIL\C51\LIB\C51L.LIB (?C?LLDXDATA0)
  C:\KEIL\C51\LIB\C51L.LIB (?C?LLDPDATA0)
  C:\KEIL\C51\LIB\C51L.LIB (?C?LLDCODE0)
  C:\KEIL\C51\LIB\C51L.LIB (?C?LSTIDATA)
  C:\KEIL\C51\LIB\C51L.LIB (?C?LSTPDATA)
  C:\KEIL\C51\LIB\C51L.LIB (?C?LSTKIDATA)
  C:\KEIL\C51\LIB\C51L.LIB (?C?LSTKPDATA)
  C:\KEIL\C51\LIB\C51L.LIB (?C?PLDIDATA)
  C:\KEIL\C51\LIB\C51L.LIB (?C?PILDIDATA)
  C:\KEIL\C51\LIB\C51L.LIB (?C?PSTIDATA)
  C:\KEIL\C51\LIB\C51L.LIB (?C?PLDXDATA)
  C:\KEIL\C51\LIB\C51L.LIB (?C?PILDXDATA)
  C:\KEIL\C51\LIB\C51L.LIB (?C?PSTXDATA)
  C:\KEIL\C51\LIB\C51L.LIB (?C?PLDPDATA)
  C:\KEIL\C51\LIB\C51L.LIB (?C?PILDPDATA)
  C:\KEIL\C51\LIB\C51L.LIB (?C?PSTPDATA)
  C:\KEIL\C51\LIB\C51L.LIB (?C?PLDCODE)
  C:\KEIL\C51\LIB\C51L.LIB (?C_XBP)


LINK MAP OF MODULE:  stc89c52 (SPIN_USERSTART)
BL51 BANKED LINKER/LOCATER V6.22                                                      06/26/2021  00:39:09  PAGE 3




            TYPE    BASE      LENGTH    RELOCATION   SEGMENT NAME
            -----------------------------------------------------

            * * * * * * *   D A T A   M E M O R Y   * * * * * * *
            REG     0000H     0008H     ABSOLUTE     "REG BANK 0"
            DATA    0008H     0002H     UNIT         ?C?LIB_DATA
            IDATA   000AH     0010H     UNIT         ?ID?SPIN_UART
            IDATA   001AH     0003H     UNIT         _IDATA_GROUP_
                    001DH     0003H                  *** GAP ***
            BIT     0020H.0   0001H.0   UNIT         ?BI?SPIN_INTERUPT
            IDATA   0021H     0001H     UNIT         ?STACK

            * * * * * * *  X D A T A   M E M O R Y  * * * * * * *
            XDATA   0000H     00EDH     UNIT         ?XD?PROCESS
            XDATA   00EDH     004AH     UNIT         ?XD?CONTIKI_MAIN
            XDATA   0137H     003DH     UNIT         ?XD?SPIN_DS1302
            XDATA   0174H     002CH     UNIT         _XDATA_GROUP_
            XDATA   01A0H     002AH     UNIT         ?XD?SPIN_AT24C02
            XDATA   01CAH     001BH     UNIT         ?XD?SPIN_PWM
            XDATA   01E5H     0018H     UNIT         ?XD?SPIN_18B20
            XDATA   01FDH     0013H     UNIT         ?XD?_CTIMER_SET_WITH_PROCESS?CTIMER
            XDATA   0210H     0011H     UNIT         ?XD?ETIMER
            XDATA   0221H     0011H     UNIT         ?XD?CTIMER
            XDATA   0232H     0010H     UNIT         ?XD?SPIN_INTERUPT
            XDATA   0242H     000DH     UNIT         ?XD?_XATOI?XPRINTF
            XDATA   024FH     000DH     UNIT         ?XD?_CTIMER_SET?CTIMER
            XDATA   025CH     000DH     UNIT         ?XD?_RTIMER_SET?RTIMER
            XDATA   0269H     000CH     UNIT         ?XD?CLOCK
            XDATA   0275H     000CH     UNIT         ?XD?_EXIT_PROCESS?PROCESS
            XDATA   0281H     000AH     UNIT         ?XD?SPIN_1602
            XDATA   028BH     0009H     UNIT         ?XD?_XGETS?XPRINTF
            XDATA   0294H     0009H     UNIT         ?XD?_LIST_ADD?LIST
            XDATA   029DH     0009H     UNIT         ?XD?_LIST_CHOP?LIST
            XDATA   02A6H     0009H     UNIT         ?XD?_LIST_INSERT?LIST
            XDATA   02AFH     0008H     UNIT         ?XD?_CLOCK_WAIT?CLOCK
            XDATA   02B7H     0007H     UNIT         ?XD?XPRINTF
            XDATA   02BEH     0007H     UNIT         ?XD?_ETIMER_RESET_WITH_NEW_INTERVAL?ETIMER
            XDATA   02C5H     0006H     UNIT         ?XD?_ETIMER_STOP?ETIMER
            XDATA   02CBH     0006H     UNIT         ?XD?_CTIMER_RESET?CTIMER
            XDATA   02D1H     0006H     UNIT         ?XD?_CTIMER_RESTART?CTIMER
            XDATA   02D7H     0006H     UNIT         ?XD?_CTIMER_EXPIRED?CTIMER
            XDATA   02DDH     0006H     UNIT         ?XD?_LIST_COPY?LIST
            XDATA   02E3H     0006H     UNIT         ?XD?_LIST_TAIL?LIST
            XDATA   02E9H     0006H     UNIT         ?XD?_LIST_PUSH?LIST
            XDATA   02EFH     0006H     UNIT         ?XD?_LIST_POP?LIST
            XDATA   02F5H     0003H     UNIT         ?XD?_XPUTS?XPRINTF
            XDATA   02F8H     0003H     UNIT         ?XD?_ETIMER_RESET?ETIMER
            XDATA   02FBH     0003H     UNIT         ?XD?_TIMER_RESET?TIMER
            XDATA   02FEH     0003H     UNIT         ?XD?_TIMER_REMAINING?TIMER
            XDATA   0301H     0003H     UNIT         ?XD?_STIMER_SET?STIMER
            XDATA   0304H     0003H     UNIT         ?XD?_STIMER_RESET?STIMER
            XDATA   0307H     0003H     UNIT         ?XD?_STIMER_RESTART?STIMER
            XDATA   030AH     0003H     UNIT         ?XD?_STIMER_EXPIRED?STIMER
            XDATA   030DH     0003H     UNIT         ?XD?_STIMER_REMAINING?STIMER
            XDATA   0310H     0003H     UNIT         ?XD?_STIMER_ELAPSED?STIMER
BL51 BANKED LINKER/LOCATER V6.22                                                      06/26/2021  00:39:09  PAGE 4


            XDATA   0313H     0003H     UNIT         ?XD?_CTIMER_STOP?CTIMER
            XDATA   0316H     0003H     UNIT         ?XD?RTIMER
            XDATA   0319H     0003H     UNIT         ?XD?_LIST_ITEM_NEXT?LIST
            XDATA   031CH     0001H     UNIT         ?XD?_XPUTC?XPRINTF
            XDATA   031DH     0001H     UNIT         ?XD?I2C

            * * * * * * *   C O D E   M E M O R Y   * * * * * * *
            CODE    0000H     0003H     ABSOLUTE     
            CODE    0003H     0008H     UNIT         ?PR?_PRIMARY_VALUE?SPIN_TIMER
            CODE    000BH     0003H     ABSOLUTE     
            CODE    000EH     0005H     UNIT         ?PR?SPIN_EXINT0_STOP?SPIN_EXINTERUPT
            CODE    0013H     0003H     ABSOLUTE     
            CODE    0016H     0005H     UNIT         ?PR?SPIN_EXINT1_STOP?SPIN_EXINTERUPT
            CODE    001BH     0003H     ABSOLUTE     
            CODE    001EH     0005H     UNIT         ?PR?RTIMER_ARCH_INIT?RTIMER_ARCH
            CODE    0023H     0003H     ABSOLUTE     
            CODE    0026H     0005H     UNIT         ?CO?SPIN_18B20
            CODE    002BH     0003H     ABSOLUTE     
            CODE    002EH     0004H     UNIT         ?PR?SPIN_GET_CY?SPIN_USERSTART
            CODE    0032H     0001H     UNIT         ?PR?DELAY2US?SPIN_TIMER
            CODE    0033H     0003H     ABSOLUTE     
            CODE    0036H     0004H     UNIT         ?PR?IDLE_MODE?SPIN_PWRMGR
                    003AH     0001H                  *** GAP ***
            CODE    003BH     0003H     ABSOLUTE     
            CODE    003EH     0AA2H     UNIT         ?C?LIB_CODE
            CODE    0AE0H     0205H     UNIT         ?PR?_PROCESS_THREAD_ETIMER_PROCESS?ETIMER
            CODE    0CE5H     01E8H     UNIT         ?PR?_EXIT_PROCESS?PROCESS
            CODE    0ECDH     0164H     UNIT         ?PR?_PROCESS_THREAD_CTIMER_PROCESS?CTIMER
            CODE    1031H     015EH     UNIT         ?PR?_XATOI?XPRINTF
            CODE    118FH     0135H     UNIT         ?PR?_PROCESS_THREAD_AT24C02?SPIN_AT24C02
            CODE    12C4H     0118H     UNIT         ?PR?_TIME_2_ASCII?SPIN_DS1302
            CODE    13DCH     00FFH     UNIT         ?PR?INTERSVR1?CLOCK
            CODE    14DBH     00FAH     UNIT         ?C_INITSEG
            CODE    15D5H     00ECH     UNIT         ?PR?_XGETS?XPRINTF
            CODE    16C1H     00D0H     UNIT         ?PR?_PROCESS_THREAD__18B20?SPIN_18B20
            CODE    1791H     00CBH     UNIT         ?PR?_ETIMER_STOP?ETIMER
            CODE    185CH     00C9H     UNIT         ?PR?_DS1302_RTC_READ_TIME?SPIN_DS1302
            CODE    1925H     00C8H     UNIT         ?PR?_PROCESS_START?PROCESS
            CODE    19EDH     00C2H     UNIT         ?PR?_CALL_PROCESS?PROCESS
            CODE    1AAFH     00BBH     UNIT         ?PR?_DS1302_RTC_SET_TIME?SPIN_DS1302
            CODE    1B6AH     00B7H     UNIT         ?PR?_LIST_REMOVE?LIST
            CODE    1C21H     00B5H     UNIT         ?PR?_ADD_TIMER?ETIMER
            CODE    1CD6H     00B1H     UNIT         ?PR?MAIN?CONTIKI_MAIN
            CODE    1D87H     00AEH     UNIT         ?PR?DO_EVENT?PROCESS
            CODE    1E35H     00A4H     UNIT         ?PR?_PROCESS_THREAD_PWM_LED?SPIN_PWM
            CODE    1ED9H     00A4H     UNIT         ?PR?_FLOAT_2_ASCII?SPIN_18B20
            CODE    1F7DH     00A0H     UNIT         ?PR?_PROCESS_THREAD_DS1302?SPIN_DS1302
            CODE    201DH     0096H     UNIT         ?PR?_CTIMER_SET_WITH_PROCESS?CTIMER
            CODE    20B3H     0095H     UNIT         ?PR?_PROCESS_THREAD_LED?CONTIKI_MAIN
            CODE    2148H     0093H     UNIT         ?PR?PROCESS
            CODE    21DBH     0093H     UNIT         ?PR?SPIN_DS1302
            CODE    226EH     008CH     UNIT         ?C_C51STARTUP
            CODE    22FAH     0089H     UNIT         ?PR?_LIST_CHOP?LIST
            CODE    2383H     0089H     UNIT         ?PR?_I2C_GETS?I2C
            CODE    240CH     0087H     UNIT         ?PR?UPDATE_TIME?ETIMER
            CODE    2493H     0085H     UNIT         ?PR?_SPIN_WATCHDOG_OVERTIME?SPIN_WATCHDOG
            CODE    2518H     0085H     UNIT         ?PR?ETIMER
BL51 BANKED LINKER/LOCATER V6.22                                                      06/26/2021  00:39:09  PAGE 5


            CODE    259DH     007BH     UNIT         ?PR?_I2C_PUTS?I2C
            CODE    2618H     0076H     UNIT         ?PR?_RTIMER_SET?RTIMER
            CODE    268EH     0072H     UNIT         ?PR?_PROCESS_THREAD_LCD?SPIN_1602
            CODE    2700H     006DH     UNIT         ?PR?_PROCESS_THREAD_DOG?CONTIKI_MAIN
            CODE    276DH     006AH     UNIT         ?PR?_PROCESS_THREAD_HOLDLIVE?CONTIKI_MAIN
            CODE    27D7H     0066H     UNIT         ?PR?_CTIMER_EXPIRED?CTIMER
            CODE    283DH     0065H     UNIT         ?PR?CTIMER
            CODE    28A2H     0063H     UNIT         ?PR?RTIMER_RUN_NEXT?RTIMER
            CODE    2905H     0063H     UNIT         ?PR?_LIST_ADD?LIST
            CODE    2968H     005BH     UNIT         ?PR?INTERSVR4?SPIN_UART
            CODE    29C3H     0059H     UNIT         ?PR?DS1302_RECVBITS?SPIN_DS1302
            CODE    2A1CH     0057H     UNIT         ?PR?_CTIMER_STOP?CTIMER
            CODE    2A73H     0053H     UNIT         ?PR?DO_POLL?PROCESS
            CODE    2AC6H     0050H     UNIT         ?PR?GET_TEMP?SPIN_18B20
            CODE    2B16H     004EH     UNIT         ?PR?_SPIN_TIMER_SET?SPIN_TIMER
            CODE    2B64H     004EH     UNIT         ?PR?RTIMER_ISR?RTIMER_ARCH
            CODE    2BB2H     004DH     UNIT         ?PR?_LIST_INSERT?LIST
            CODE    2BFFH     004BH     UNIT         ?PR?_TIMER_EXPIRED?TIMER
            CODE    2C4AH     0048H     UNIT         ?PR?_SPIN_SET_GPIO_BIT_VALUE?SPIN_GPIO
            CODE    2C92H     0047H     UNIT         ?PR?_PROCESS_POST?PROCESS
            CODE    2CD9H     0046H     UNIT         ?PR?_XPUTC?XPRINTF
            CODE    2D1FH     0045H     UNIT         ?PR?_STIMER_EXPIRED?STIMER
            CODE    2D64H     0043H     UNIT         ?PR?_SPIN_COUNTER_SET?SPIN_TIMER
            CODE    2DA7H     003FH     UNIT         ?PR?HARDWARE_INIT?CONTIKI_MAIN
            CODE    2DE6H     003FH     UNIT         ?PR?READ_BYTE?SPIN_18B20
            CODE    2E25H     003EH     UNIT         ?PR?_SPIN_GET_GPIO_BIT_VALUE?SPIN_GPIO
            CODE    2E63H     003EH     UNIT         ?PR?_LIST_PUSH?LIST
            CODE    2EA1H     003DH     UNIT         ?PR?CONTIKI_MAIN
            CODE    2EDEH     003CH     UNIT         ?PR?XPRINTF
            CODE    2F1AH     0038H     UNIT         ?PR?_TIMER_REMAINING?TIMER
            CODE    2F52H     0038H     UNIT         ?PR?_LIST_TAIL?LIST
            CODE    2F8AH     0036H     UNIT         ?PR?_TIMER_RESET?TIMER
            CODE    2FC0H     0036H     UNIT         ?PR?_STIMER_RESET?STIMER
            CODE    2FF6H     0035H     UNIT         ?PR?_LIST_POP?LIST
            CODE    302BH     0034H     UNIT         ?PR?_SPIN_INTERUPT_OPEN?SPIN_INTERUPT
            CODE    305FH     0034H     UNIT         ?PR?I2C
            CODE    3093H     0033H     UNIT         ?PR?_PROCESS_POLL?PROCESS
            CODE    30C6H     0033H     UNIT         ?PR?_CTIMER_SET?CTIMER
            CODE    30F9H     0033H     UNIT         ?PR?SPIN_AT24C02
            CODE    312CH     0032H     UNIT         ?PR?_CLOCK_WAIT?CLOCK
            CODE    315EH     0032H     UNIT         ?PR?_CTIMER_RESET?CTIMER
            CODE    3190H     0032H     UNIT         ?PR?_CTIMER_RESTART?CTIMER
            CODE    31C2H     0032H     UNIT         ?PR?LIST
            CODE    31F4H     0032H     UNIT         ?PR?SPIN_18B20
            CODE    3226H     0030H     UNIT         ?PR?_PROCESS_POST_SYNCH?PROCESS
            CODE    3256H     0030H     UNIT         ?PR?_STIMER_REMAINING?STIMER
            CODE    3286H     0030H     UNIT         ?PR?SPIN_1602
            CODE    32B6H     0030H     UNIT         ?PR?_WRITE_BYTE?SPIN_18B20
            CODE    32E6H     002FH     UNIT         ?PR?_PUT_LINE1?SPIN_1602
            CODE    3315H     002FH     UNIT         ?PR?_PUT_LINE2?SPIN_1602
            CODE    3344H     002CH     UNIT         ?PR?STIMER
            CODE    3370H     002CH     UNIT         ?PR?_BIN2BCD?SPIN_DS1302
            CODE    339CH     002BH     UNIT         ?PR?_I2C_WRITE?I2C
            CODE    33C7H     002AH     UNIT         ?PR?I2C_STOP?I2C
            CODE    33F1H     0029H     UNIT         ?PR?CLOCK
            CODE    341AH     0029H     UNIT         ?PR?_ETIMER_RESET_WITH_NEW_INTERVAL?ETIMER
            CODE    3443H     0027H     UNIT         ?PR?INTERSVR2?SPIN_INTERUPT
BL51 BANKED LINKER/LOCATER V6.22                                                      06/26/2021  00:39:09  PAGE 6


            CODE    346AH     0027H     UNIT         ?PR?INTERSVR5?SPIN_INTERUPT
            CODE    3491H     0027H     UNIT         ?PR?INTERSVR6?SPIN_INTERUPT
            CODE    34B8H     0027H     UNIT         ?PR?INTERSVR7?SPIN_INTERUPT
            CODE    34DFH     0027H     UNIT         ?PR?I2C_START?I2C
            CODE    3506H     0027H     UNIT         ?PR?_DS1302_SENDBITS?SPIN_DS1302
            CODE    352DH     0024H     UNIT         ?PR?_XPUTS?XPRINTF
            CODE    3551H     0024H     UNIT         ?PR?PROCESS_INIT?PROCESS
            CODE    3575H     0023H     UNIT         ?PR?_SPIN_TIMER_START?SPIN_TIMER
            CODE    3598H     0023H     UNIT         ?PR?_U_PUTC?SPIN_UART
            CODE    35BBH     0023H     UNIT         ?PR?TIMER
            CODE    35DEH     0023H     UNIT         ?PR?I2C_READ?I2C
            CODE    3601H     0022H     UNIT         ?PR?_ETIMER_ADJUST?ETIMER
            CODE    3623H     0022H     UNIT         ?PR?I2C_GETACK?I2C
            CODE    3645H     0022H     UNIT         ?PR?_AT24C02READ?SPIN_AT24C02
            CODE    3667H     0022H     UNIT         ?PR?INIT_18B20?SPIN_18B20
            CODE    3689H     0021H     UNIT         ?PR?_SPIN_GET_GPIO_VALUE?SPIN_GPIO
            CODE    36AAH     0020H     UNIT         ?PR?_SPIN_COUNTER_TIME?SPIN_TIMER
            CODE    36CAH     0020H     UNIT         ?PR?_I2C_PUTACK?I2C
            CODE    36EAH     001FH     UNIT         ?PR?SPIN_UART_INIT?SPIN_UART
            CODE    3709H     001EH     UNIT         ?PR?CTIMER_INIT?CTIMER
            CODE    3727H     001DH     UNIT         ?PR?_SPIN_INTERUPT_CLOSE?SPIN_INTERUPT
            CODE    3744H     001DH     UNIT         ?PR?U_GETC?SPIN_UART
            CODE    3761H     001DH     UNIT         ?PR?_LIST_COPY?LIST
            CODE    377EH     001DH     UNIT         ?PR?_LIST_ITEM_NEXT?LIST
            CODE    379BH     001CH     UNIT         ?PR?_SPIN_SET_GPIO_VALUE?SPIN_GPIO
            CODE    37B7H     001CH     UNIT         ?PR?_AT24C02WRITE?SPIN_AT24C02
            CODE    37D3H     001BH     UNIT         ?PR?PWM_START?SPIN_PWM
            CODE    37EEH     001AH     UNIT         ?PR?_DELAYUS?SPIN_TIMER
            CODE    3808H     0019H     UNIT         ?PR?_ETIMER_SET?ETIMER
            CODE    3821H     0019H     UNIT         ?PR?_ETIMER_RESET?ETIMER
            CODE    383AH     0019H     UNIT         ?PR?_ETIMER_RESTART?ETIMER
            CODE    3853H     0019H     UNIT         ?PR?_LIST_INIT?LIST
            CODE    386CH     0018H     UNIT         ?PR?_TIMER_SET?TIMER
            CODE    3884H     0018H     UNIT         ?PR?_STIMER_SET?STIMER
            CODE    389CH     0018H     UNIT         ?PR?SPIN_PWM
            CODE    38B4H     0017H     UNIT         ?PR?_PROCESS_EXIT?PROCESS
            CODE    38CBH     0017H     UNIT         ?PR?_BCD2BIN?SPIN_DS1302
            CODE    38E2H     0017H     UNIT         ?PR?_DS1302_WRITEBYTE?SPIN_DS1302
            CODE    38F9H     0016H     UNIT         ?PR?_STIMER_ELAPSED?STIMER
            CODE    390FH     0015H     UNIT         ?PR?XGETC?XPRINTF
            CODE    3924H     0015H     UNIT         ?PR?ETIMER_NEXT_EXPIRATION_TIME?ETIMER
            CODE    3939H     0015H     UNIT         ?PR?RTIMER
            CODE    394EH     0014H     UNIT         ?PR?_SPIN_SET_WORK_REGISTER_GROUP?SPIN_USERSTART
            CODE    3962H     0014H     UNIT         ?PR?_LIST_LENGTH?LIST
            CODE    3976H     0014H     UNIT         ?PR?INITLCD?SPIN_1602
            CODE    398AH     0013H     UNIT         ?PR?_ETIMER_EXPIRED?ETIMER
            CODE    399DH     0013H     UNIT         ?PR?_WCODE?SPIN_1602
            CODE    39B0H     0013H     UNIT         ?PR?_WDATA?SPIN_1602
            CODE    39C3H     0013H     UNIT         ?PR?I2C_INIT?I2C
            CODE    39D6H     0012H     UNIT         ?PR?_SPIN_EXINT0_START?SPIN_EXINTERUPT
            CODE    39E8H     0012H     UNIT         ?PR?_SPIN_EXINT1_START?SPIN_EXINTERUPT
            CODE    39FAH     0012H     UNIT         ?PR?_TIMER_RESTART?TIMER
            CODE    3A0CH     0012H     UNIT         ?PR?_STIMER_RESTART?STIMER
            CODE    3A1EH     0012H     UNIT         ?PR?_DS1302_TXBIT?SPIN_DS1302
            CODE    3A30H     0011H     UNIT         ?PR?SPIN_INTERUPT_INIT?SPIN_INTERUPT
            CODE    3A41H     0011H     UNIT         ?PR?SPIN_SYSTICK?SPIN_TIMER
            CODE    3A52H     0011H     UNIT         ?PR?ETIMER_PENDING?ETIMER
BL51 BANKED LINKER/LOCATER V6.22                                                      06/26/2021  00:39:09  PAGE 7


            CODE    3A63H     0011H     UNIT         ?PR?CHECKBUSY?SPIN_1602
            CODE    3A74H     0010H     UNIT         ?PR?_SPIN_SET_F0?SPIN_USERSTART
            CODE    3A84H     0010H     UNIT         ?PR?_SPIN_SET_RS1?SPIN_USERSTART
            CODE    3A94H     0010H     UNIT         ?PR?_SPIN_SET_RS0?SPIN_USERSTART
            CODE    3AA4H     0010H     UNIT         ?PR?_DELAYMS?SPIN_TIMER
            CODE    3AB4H     0010H     UNIT         ?PR?PROCESS_RUN?PROCESS
            CODE    3AC4H     0010H     UNIT         ?CO?SPIN_AT24C02
            CODE    3AD4H     0010H     UNIT         ?PR?_DS1302_READBYTE?SPIN_DS1302
            CODE    3AE4H     000FH     UNIT         ?PR?_SPIN_TIMER_STOP?SPIN_TIMER
            CODE    3AF3H     000FH     UNIT         ?PR?_UART_BOAUD?SPIN_TIMER
            CODE    3B02H     000FH     UNIT         ?PR?_CLOCK_DELAY_USEC?CLOCK
            CODE    3B11H     000EH     UNIT         ?PR?DELAY1S?SPIN_TIMER
            CODE    3B1FH     000EH     UNIT         ?PR?_PROCESS_IS_RUNNING?PROCESS
            CODE    3B2DH     000EH     UNIT         ?PR?DS1302_RXBIT?SPIN_DS1302
            CODE    3B3BH     000DH     UNIT         ?PR?_ETIMER_EXPIRATION_TIME?ETIMER
            CODE    3B48H     000CH     UNIT         ?PR?CLOCK_TIME?CLOCK
            CODE    3B54H     000BH     UNIT         ?PR?_SPIN_SYSTICK_SET?SPIN_TIMER
            CODE    3B5FH     000AH     UNIT         ?PR?_RTIMER_ARCH_SCHEDULE?RTIMER_ARCH
            CODE    3B69H     0009H     UNIT         ?PR?DELAY1MS?SPIN_TIMER
            CODE    3B72H     0009H     UNIT         ?PR?SPIN_UART
            CODE    3B7BH     0009H     UNIT         ?PR?CLOCK_SECONDS?CLOCK
            CODE    3B84H     0009H     UNIT         ?PR?ETIMER_REQUEST_POLL?ETIMER
            CODE    3B8DH     0008H     UNIT         ?PR?PROCESS_ALLOC_EVENT?PROCESS
            CODE    3B95H     0007H     UNIT         ?PR?DS1302_CLOCK?SPIN_DS1302
            CODE    3B9CH     0006H     UNIT         ?PR?SPIN_GET_F0?SPIN_USERSTART
            CODE    3BA2H     0006H     UNIT         ?PR?SPIN_GET_RS1?SPIN_USERSTART
            CODE    3BA8H     0006H     UNIT         ?PR?SPIN_GET_RS0?SPIN_USERSTART
            CODE    3BAEH     0006H     UNIT         ?PR?SPIN_GET_OV?SPIN_USERSTART
            CODE    3BB4H     0004H     UNIT         ?PR?POWER_DOWN?SPIN_PWRMGR
            CODE    3BB8H     0004H     UNIT         ?PR?SPIN_WATCHDOG_ENABLE?SPIN_WATCHDOG
            CODE    3BBCH     0004H     UNIT         ?PR?SPIN_WATCHDOG_DISABLE?SPIN_WATCHDOG
            CODE    3BC0H     0004H     UNIT         ?PR?SPIN_WATCHDOG_IDLEWORK?SPIN_WATCHDOG
            CODE    3BC4H     0004H     UNIT         ?PR?SPIN_WATCHDOG_CLEAR?SPIN_WATCHDOG
            CODE    3BC8H     0004H     UNIT         ?PR?_ETIMER_START_TIME?ETIMER
            CODE    3BCCH     0004H     UNIT         ?PR?PROCESS_NEVENTS?PROCESS
            CODE    3BD0H     0004H     UNIT         ?PR?_LIST_HEAD?LIST
            CODE    3BD4H     0004H     UNIT         ?PR?DS1302_HW_INIT?SPIN_DS1302
            CODE    3BD8H     0004H     UNIT         ?PR?DS1302_RESET?SPIN_DS1302
            CODE    3BDCH     0004H     UNIT         ?PR?DS1302_START?SPIN_DS1302
            CODE    3BE0H     0004H     UNIT         ?PR?DS1302_STOP?SPIN_DS1302
            CODE    3BE4H     0003H     UNIT         ?PR?_SPIN_SET_SP?SPIN_USERSTART
            CODE    3BE7H     0003H     UNIT         ?PR?SPIN_GET_SP?SPIN_USERSTART
            CODE    3BEAH     0003H     UNIT         ?PR?SPIN_INTERUPT_ENABLE?SPIN_INTERUPT
            CODE    3BEDH     0003H     UNIT         ?PR?SPIN_INTERUPT_DISABLE?SPIN_INTERUPT
            CODE    3BF0H     0003H     UNIT         ?PR?CLOCK_INIT?CLOCK
            CODE    3BF3H     0003H     UNIT         ?PR?RTIMER_INIT?RTIMER
            CODE    3BF6H     0002H     UNIT         ?PR?DELAY3US?SPIN_TIMER



OVERLAY MAP OF MODULE:   stc89c52 (SPIN_USERSTART)


SEGMENT                                            IDATA_GROUP         XDATA_GROUP
  +--> CALLED SEGMENT                            START    LENGTH     START    LENGTH
------------------------------------------------------------------------------------
?PR?INTERSVR4?SPIN_UART                          -----    -----      -----    -----
BL51 BANKED LINKER/LOCATER V6.22                                                      06/26/2021  00:39:09  PAGE 8


  +--> ?PR?SPIN_UART

*** NEW ROOT ***************************************************

?PR?INTERSVR1?CLOCK                              -----    -----      -----    -----
  +--> ?PR?PWM_START?SPIN_PWM
  +--> ?PR?CLOCK
  +--> ?PR?ETIMER_PENDING?ETIMER
  +--> ?PR?ETIMER_NEXT_EXPIRATION_TIME?ETIMER
  +--> ?PR?ETIMER_REQUEST_POLL?ETIMER

?PR?ETIMER_PENDING?ETIMER                        -----    -----      -----    -----
  +--> ?PR?ETIMER

?PR?ETIMER_NEXT_EXPIRATION_TIME?ETIMER           -----    -----      -----    -----
  +--> ?PR?ETIMER_PENDING?ETIMER
  +--> ?PR?ETIMER

?PR?ETIMER_REQUEST_POLL?ETIMER                   -----    -----      -----    -----
  +--> ?PR?_PROCESS_POLL?PROCESS

?PR?_PROCESS_POLL?PROCESS                        -----    -----      0195H    0003H
  +--> ?PR?PROCESS

*** NEW ROOT ***************************************************

?PR?RTIMER_ISR?RTIMER_ARCH                       -----    -----      -----    -----
  +--> ?PR?_SPIN_TIMER_STOP?SPIN_TIMER
  +--> ?PR?RTIMER_RUN_NEXT?RTIMER

?PR?_SPIN_TIMER_STOP?SPIN_TIMER                  -----    -----      -----    -----
  +--> ?PR?_SPIN_INTERUPT_CLOSE?SPIN_INTERUPT

?PR?RTIMER_RUN_NEXT?RTIMER                       -----    -----      0177H    0003H
  +--> ?PR?RTIMER
  +--> ?PR?_RTIMER_ARCH_SCHEDULE?RTIMER_ARCH

?PR?_RTIMER_ARCH_SCHEDULE?RTIMER_ARCH            -----    -----      -----    -----
  +--> ?PR?_SPIN_TIMER_START?SPIN_TIMER

?PR?_SPIN_TIMER_START?SPIN_TIMER                 -----    -----      017BH    0001H
  +--> ?PR?SPIN_INTERUPT_ENABLE?SPIN_INTERUPT
  +--> ?PR?_SPIN_INTERUPT_OPEN?SPIN_INTERUPT

*** NEW ROOT ***************************************************

?C_C51STARTUP                                    -----    -----      -----    -----
  +--> ?PR?MAIN?CONTIKI_MAIN
  +--> ?C_INITSEG

?PR?MAIN?CONTIKI_MAIN                            -----    -----      -----    -----
  +--> ?PR?HARDWARE_INIT?CONTIKI_MAIN
  +--> ?PR?CLOCK_INIT?CLOCK
  +--> ?PR?RTIMER_INIT?RTIMER
  +--> ?PR?CTIMER_INIT?CTIMER
  +--> ?PR?PROCESS_INIT?PROCESS
  +--> ?PR?PROCESS_ALLOC_EVENT?PROCESS
BL51 BANKED LINKER/LOCATER V6.22                                                      06/26/2021  00:39:09  PAGE 9


  +--> ?PR?_PROCESS_START?PROCESS
  +--> ?PR?PROCESS_RUN?PROCESS
  +--> ?PR?IDLE_MODE?SPIN_PWRMGR

?PR?HARDWARE_INIT?CONTIKI_MAIN                   -----    -----      -----    -----
  +--> ?PR?_SPIN_SET_WORK_REGISTER_GROUP?SPI...
  +--> ?PR?SPIN_INTERUPT_INIT?SPIN_INTERUPT
  +--> ?PR?SPIN_INTERUPT_ENABLE?SPIN_INTERUPT
  +--> ?PR?SPIN_UART_INIT?SPIN_UART
  +--> ?PR?SPIN_WATCHDOG_ENABLE?SPIN_WATCHDOG
  +--> ?PR?_SPIN_WATCHDOG_OVERTIME?SPIN_WATC...
  +--> ?PR?_SPIN_EXINT0_START?SPIN_EXINTERUPT
  +--> ?PR?_SPIN_EXINT1_START?SPIN_EXINTERUPT
  +--> ?PR?U_GETC?SPIN_UART
  +--> ?PR?_U_PUTC?SPIN_UART
  +--> ?PR?_DS1302_RTC_SET_TIME?SPIN_DS1302

?PR?_SPIN_SET_WORK_REGISTER_GROUP?SPI...         -----    -----      -----    -----
  +--> ?PR?_SPIN_SET_RS0?SPIN_USERSTART
  +--> ?PR?_SPIN_SET_RS1?SPIN_USERSTART

?PR?SPIN_UART_INIT?SPIN_UART                     -----    -----      -----    -----
  +--> ?PR?_UART_BOAUD?SPIN_TIMER
  +--> ?PR?_SPIN_INTERUPT_OPEN?SPIN_INTERUPT

?PR?_UART_BOAUD?SPIN_TIMER                       -----    -----      -----    -----
  +--> ?PR?_SPIN_TIMER_SET?SPIN_TIMER

?PR?_SPIN_WATCHDOG_OVERTIME?SPIN_WATC...         001AH    0003H      017BH    0002H

?PR?_SPIN_EXINT0_START?SPIN_EXINTERUPT           -----    -----      -----    -----
  +--> ?PR?SPIN_INTERUPT_INIT?SPIN_INTERUPT
  +--> ?PR?SPIN_INTERUPT_ENABLE?SPIN_INTERUPT
  +--> ?PR?_SPIN_INTERUPT_OPEN?SPIN_INTERUPT

?PR?_SPIN_EXINT1_START?SPIN_EXINTERUPT           -----    -----      -----    -----
  +--> ?PR?SPIN_INTERUPT_INIT?SPIN_INTERUPT
  +--> ?PR?SPIN_INTERUPT_ENABLE?SPIN_INTERUPT
  +--> ?PR?_SPIN_INTERUPT_OPEN?SPIN_INTERUPT

?PR?_DS1302_RTC_SET_TIME?SPIN_DS1302             -----    -----      017BH    0003H
  +--> ?PR?SPIN_DS1302
  +--> ?PR?_DS1302_READBYTE?SPIN_DS1302
  +--> ?PR?_BIN2BCD?SPIN_DS1302
  +--> ?PR?_DS1302_WRITEBYTE?SPIN_DS1302

?PR?SPIN_DS1302                                  -----    -----      -----    -----
  +--> ?PR?_DS1302_WRITEBYTE?SPIN_DS1302
  +--> ?PR?DS1302_RESET?SPIN_DS1302
  +--> ?PR?DS1302_START?SPIN_DS1302

?PR?_DS1302_WRITEBYTE?SPIN_DS1302                -----    -----      -----    -----
  +--> ?PR?_DS1302_SENDBITS?SPIN_DS1302
  +--> ?PR?DS1302_STOP?SPIN_DS1302

?PR?_DS1302_SENDBITS?SPIN_DS1302                 -----    -----      -----    -----
  +--> ?PR?_DS1302_TXBIT?SPIN_DS1302
BL51 BANKED LINKER/LOCATER V6.22                                                      06/26/2021  00:39:09  PAGE 10


  +--> ?PR?DS1302_CLOCK?SPIN_DS1302

?PR?_DS1302_READBYTE?SPIN_DS1302                 -----    -----      -----    -----
  +--> ?PR?SPIN_DS1302
  +--> ?PR?_DS1302_SENDBITS?SPIN_DS1302
  +--> ?PR?DS1302_RECVBITS?SPIN_DS1302
  +--> ?PR?DS1302_STOP?SPIN_DS1302

?PR?DS1302_RECVBITS?SPIN_DS1302                  -----    -----      0186H    0004H
  +--> ?PR?DS1302_RXBIT?SPIN_DS1302
  +--> ?PR?DS1302_CLOCK?SPIN_DS1302

?PR?_BIN2BCD?SPIN_DS1302                         -----    -----      017EH    0002H

?PR?CLOCK_INIT?CLOCK                             -----    -----      -----    -----
  +--> ?PR?SPIN_SYSTICK?SPIN_TIMER

?PR?SPIN_SYSTICK?SPIN_TIMER                      -----    -----      -----    -----
  +--> ?PR?_SPIN_SYSTICK_SET?SPIN_TIMER
  +--> ?PR?_SPIN_TIMER_START?SPIN_TIMER

?PR?_SPIN_SYSTICK_SET?SPIN_TIMER                 -----    -----      -----    -----
  +--> ?PR?_SPIN_TIMER_SET?SPIN_TIMER

?PR?RTIMER_INIT?RTIMER                           -----    -----      -----    -----
  +--> ?PR?RTIMER_ARCH_INIT?RTIMER_ARCH

?PR?RTIMER_ARCH_INIT?RTIMER_ARCH                 -----    -----      -----    -----
  +--> ?PR?_SPIN_TIMER_START?SPIN_TIMER

?PR?CTIMER_INIT?CTIMER                           -----    -----      -----    -----
  +--> ?PR?CTIMER
  +--> ?PR?_LIST_INIT?LIST
  +--> ?PR?_PROCESS_START?PROCESS

?PR?_LIST_INIT?LIST                              -----    -----      017BH    0003H
  +--> ?PR?LIST

?PR?_PROCESS_START?PROCESS                       -----    -----      017BH    0009H
  +--> ?PR?PROCESS
  +--> ?PR?_PROCESS_POST_SYNCH?PROCESS

?PR?_PROCESS_POST_SYNCH?PROCESS                  -----    -----      0184H    000AH
  +--> ?PR?PROCESS
  +--> ?PR?_CALL_PROCESS?PROCESS

?PR?_CALL_PROCESS?PROCESS                        -----    -----      018EH    0007H
  +--> ?PR?PROCESS

?PR?PROCESS_RUN?PROCESS                          -----    -----      -----    -----
  +--> ?PR?DO_POLL?PROCESS
  +--> ?PR?DO_EVENT?PROCESS
  +--> ?PR?PROCESS

?PR?DO_POLL?PROCESS                              -----    -----      0185H    0003H
  +--> ?PR?PROCESS
  +--> ?PR?_CALL_PROCESS?PROCESS
BL51 BANKED LINKER/LOCATER V6.22                                                      06/26/2021  00:39:09  PAGE 11



?PR?DO_EVENT?PROCESS                             -----    -----      017BH    000AH
  +--> ?PR?PROCESS
  +--> ?PR?DO_POLL?PROCESS
  +--> ?PR?_CALL_PROCESS?PROCESS

?C_INITSEG                                       -----    -----      -----    -----
  +--> ?PR?_PROCESS_THREAD_ETIMER_PROCESS?ET...
  +--> ?PR?_PROCESS_THREAD_CTIMER_PROCESS?CT...
  +--> ?PR?_PROCESS_THREAD_LED?CONTIKI_MAIN
  +--> ?PR?_PROCESS_THREAD_DOG?CONTIKI_MAIN
  +--> ?PR?_PROCESS_THREAD_HOLDLIVE?CONTIKI_...
  +--> ?PR?_PROCESS_THREAD_LCD?SPIN_1602
  +--> ?PR?_PROCESS_THREAD_AT24C02?SPIN_AT24C02
  +--> ?PR?_PROCESS_THREAD_PWM_LED?SPIN_PWM
  +--> ?PR?_PROCESS_THREAD__18B20?SPIN_18B20
  +--> ?PR?_PROCESS_THREAD_DS1302?SPIN_DS1302

?PR?_PROCESS_THREAD_ETIMER_PROCESS?ET...         -----    -----      017BH    0011H
  +--> ?PR?ETIMER
  +--> ?PR?_TIMER_EXPIRED?TIMER
  +--> ?PR?_PROCESS_POST?PROCESS
  +--> ?PR?UPDATE_TIME?ETIMER
  +--> ?PR?ETIMER_REQUEST_POLL?ETIMER

?PR?_TIMER_EXPIRED?TIMER                         -----    -----      018CH    0007H
  +--> ?PR?TIMER
  +--> ?PR?CLOCK_TIME?CLOCK

?PR?CLOCK_TIME?CLOCK                             -----    -----      -----    -----
  +--> ?PR?CLOCK

?PR?_PROCESS_POST?PROCESS                        -----    -----      018CH    0007H
  +--> ?PR?PROCESS

?PR?UPDATE_TIME?ETIMER                           -----    -----      0195H    000BH
  +--> ?PR?ETIMER
  +--> ?PR?CLOCK_TIME?CLOCK

?PR?_PROCESS_THREAD_CTIMER_PROCESS?CT...         -----    -----      017BH    000EH
  +--> ?PR?CTIMER
  +--> ?PR?_LIST_HEAD?LIST
  +--> ?PR?_ETIMER_SET?ETIMER
  +--> ?PR?_LIST_REMOVE?LIST

?PR?_ETIMER_SET?ETIMER                           -----    -----      018CH    0003H
  +--> ?PR?ETIMER
  +--> ?PR?_TIMER_SET?TIMER
  +--> ?PR?_ADD_TIMER?ETIMER

?PR?_TIMER_SET?TIMER                             -----    -----      018FH    0003H
  +--> ?PR?TIMER
  +--> ?PR?CLOCK_TIME?CLOCK

?PR?_ADD_TIMER?ETIMER                            -----    -----      018FH    0006H
  +--> ?PR?ETIMER
  +--> ?PR?ETIMER_REQUEST_POLL?ETIMER
BL51 BANKED LINKER/LOCATER V6.22                                                      06/26/2021  00:39:09  PAGE 12


  +--> ?PR?UPDATE_TIME?ETIMER

?PR?_LIST_REMOVE?LIST                            -----    -----      0189H    000CH
  +--> ?PR?LIST

?PR?_PROCESS_THREAD_LED?CONTIKI_MAIN             -----    -----      017BH    0008H
  +--> ?PR?CONTIKI_MAIN
  +--> ?PR?_ETIMER_SET?ETIMER
  +--> ?PR?_ETIMER_RESTART?ETIMER
  +--> ?PR?_SPIN_SET_GPIO_BIT_VALUE?SPIN_GPIO
  +--> ?PR?_ETIMER_EXPIRED?ETIMER

?PR?_ETIMER_RESTART?ETIMER                       -----    -----      018CH    0003H
  +--> ?PR?ETIMER
  +--> ?PR?_TIMER_RESTART?TIMER
  +--> ?PR?_ADD_TIMER?ETIMER

?PR?_TIMER_RESTART?TIMER                         -----    -----      018FH    0003H
  +--> ?PR?TIMER
  +--> ?PR?CLOCK_TIME?CLOCK

?PR?_SPIN_SET_GPIO_BIT_VALUE?SPIN_GPIO           -----    -----      -----    -----
  +--> ?PR?_SPIN_GET_GPIO_VALUE?SPIN_GPIO

?PR?_ETIMER_EXPIRED?ETIMER                       -----    -----      -----    -----
  +--> ?PR?ETIMER

?PR?_PROCESS_THREAD_DOG?CONTIKI_MAIN             -----    -----      017BH    0008H
  +--> ?PR?CONTIKI_MAIN
  +--> ?PR?_ETIMER_SET?ETIMER
  +--> ?PR?_ETIMER_EXPIRED?ETIMER
  +--> ?PR?SPIN_WATCHDOG_CLEAR?SPIN_WATCHDOG
  +--> ?PR?_ETIMER_RESTART?ETIMER

?PR?_PROCESS_THREAD_HOLDLIVE?CONTIKI_...         -----    -----      017BH    0008H
  +--> ?PR?CONTIKI_MAIN
  +--> ?PR?_ETIMER_SET?ETIMER
  +--> ?PR?_ETIMER_EXPIRED?ETIMER
  +--> ?PR?_ETIMER_RESTART?ETIMER

?PR?_PROCESS_THREAD_LCD?SPIN_1602                -----    -----      017BH    0008H
  +--> ?PR?SPIN_1602
  +--> ?PR?INITLCD?SPIN_1602
  +--> ?PR?_PUT_LINE1?SPIN_1602
  +--> ?PR?_PUT_LINE2?SPIN_1602

?PR?INITLCD?SPIN_1602                            -----    -----      -----    -----
  +--> ?PR?_WCODE?SPIN_1602

?PR?_WCODE?SPIN_1602                             -----    -----      -----    -----
  +--> ?PR?CHECKBUSY?SPIN_1602
  +--> ?PR?_DELAYMS?SPIN_TIMER

?PR?_DELAYMS?SPIN_TIMER                          -----    -----      -----    -----
  +--> ?PR?DELAY1MS?SPIN_TIMER

?PR?_PUT_LINE1?SPIN_1602                         -----    -----      0183H    0004H
BL51 BANKED LINKER/LOCATER V6.22                                                      06/26/2021  00:39:09  PAGE 13


  +--> ?PR?SPIN_1602
  +--> ?PR?_WCODE?SPIN_1602
  +--> ?PR?_WDATA?SPIN_1602

?PR?_WDATA?SPIN_1602                             -----    -----      -----    -----
  +--> ?PR?CHECKBUSY?SPIN_1602
  +--> ?PR?_DELAYMS?SPIN_TIMER

?PR?_PUT_LINE2?SPIN_1602                         -----    -----      0183H    0004H
  +--> ?PR?SPIN_1602
  +--> ?PR?_WCODE?SPIN_1602
  +--> ?PR?_WDATA?SPIN_1602

?PR?_PROCESS_THREAD_AT24C02?SPIN_AT24C02         -----    -----      017BH    0008H
  +--> ?PR?SPIN_AT24C02
  +--> ?PR?I2C_INIT?I2C
  +--> ?PR?_ETIMER_SET?ETIMER
  +--> ?PR?_ETIMER_EXPIRED?ETIMER
  +--> ?CO?SPIN_AT24C02
  +--> ?PR?_AT24C02WRITE?SPIN_AT24C02
  +--> ?PR?_ETIMER_RESTART?ETIMER
  +--> ?PR?_AT24C02READ?SPIN_AT24C02
  +--> ?PR?_PROCESS_POST?PROCESS

?PR?I2C_INIT?I2C                                 -----    -----      -----    -----
  +--> ?PR?I2C

?PR?I2C                                          -----    -----      -----    -----
  +--> ?PR?_I2C_WRITE?I2C
  +--> ?PR?I2C_GETACK?I2C

?PR?_AT24C02WRITE?SPIN_AT24C02                   -----    -----      0183H    0001H
  +--> ?PR?SPIN_AT24C02
  +--> ?PR?_I2C_PUTS?I2C

?PR?_I2C_PUTS?I2C                                -----    -----      0184H    000CH
  +--> ?PR?I2C_START?I2C
  +--> ?PR?I2C
  +--> ?PR?I2C_STOP?I2C

?PR?I2C_START?I2C                                -----    -----      -----    -----
  +--> ?PR?I2C

?PR?I2C_STOP?I2C                                 -----    -----      -----    -----
  +--> ?PR?I2C

?PR?_AT24C02READ?SPIN_AT24C02                    -----    -----      0183H    0001H
  +--> ?PR?SPIN_AT24C02
  +--> ?PR?_I2C_GETS?I2C

?PR?_I2C_GETS?I2C                                -----    -----      0184H    000CH
  +--> ?PR?I2C_START?I2C
  +--> ?PR?I2C
  +--> ?PR?I2C_STOP?I2C
  +--> ?PR?I2C_READ?I2C
  +--> ?PR?_I2C_PUTACK?I2C

BL51 BANKED LINKER/LOCATER V6.22                                                      06/26/2021  00:39:09  PAGE 14


?PR?I2C_READ?I2C                                 -----    -----      -----    -----
  +--> ?PR?I2C

?PR?_I2C_PUTACK?I2C                              -----    -----      -----    -----
  +--> ?PR?I2C

?PR?_PROCESS_THREAD_PWM_LED?SPIN_PWM             -----    -----      017BH    0008H
  +--> ?PR?SPIN_PWM
  +--> ?PR?_ETIMER_SET?ETIMER
  +--> ?PR?_ETIMER_EXPIRED?ETIMER
  +--> ?PR?_ETIMER_RESTART?ETIMER

?PR?_PROCESS_THREAD__18B20?SPIN_18B20            -----    -----      017BH    0011H
  +--> ?CO?SPIN_18B20
  +--> ?PR?SPIN_18B20
  +--> ?PR?INIT_18B20?SPIN_18B20
  +--> ?PR?_ETIMER_SET?ETIMER
  +--> ?PR?_ETIMER_EXPIRED?ETIMER
  +--> ?PR?GET_TEMP?SPIN_18B20
  +--> ?PR?_FLOAT_2_ASCII?SPIN_18B20
  +--> ?PR?_PROCESS_POST?PROCESS
  +--> ?PR?_ETIMER_RESTART?ETIMER

?PR?INIT_18B20?SPIN_18B20                        -----    -----      018DH    0001H
  +--> ?PR?_DELAYUS?SPIN_TIMER

?PR?GET_TEMP?SPIN_18B20                          -----    -----      018CH    0001H
  +--> ?PR?INIT_18B20?SPIN_18B20
  +--> ?PR?_WRITE_BYTE?SPIN_18B20
  +--> ?PR?READ_BYTE?SPIN_18B20

?PR?_WRITE_BYTE?SPIN_18B20                       -----    -----      018DH    0002H
  +--> ?PR?_DELAYUS?SPIN_TIMER

?PR?READ_BYTE?SPIN_18B20                         -----    -----      018DH    0002H
  +--> ?PR?_DELAYUS?SPIN_TIMER

?PR?_FLOAT_2_ASCII?SPIN_18B20                    -----    -----      018CH    0007H
  +--> ?PR?SPIN_18B20

?PR?_PROCESS_THREAD_DS1302?SPIN_DS1302           -----    -----      017BH    0008H
  +--> ?PR?SPIN_DS1302
  +--> ?PR?_ETIMER_SET?ETIMER
  +--> ?PR?_ETIMER_EXPIRED?ETIMER
  +--> ?PR?_DS1302_RTC_READ_TIME?SPIN_DS1302
  +--> ?PR?_TIME_2_ASCII?SPIN_DS1302
  +--> ?PR?_PUT_LINE1?SPIN_1602
  +--> ?PR?_ETIMER_RESTART?ETIMER

?PR?_DS1302_RTC_READ_TIME?SPIN_DS1302            -----    -----      0183H    0003H
  +--> ?PR?SPIN_DS1302
  +--> ?PR?_DS1302_READBYTE?SPIN_DS1302
  +--> ?PR?_BCD2BIN?SPIN_DS1302

?PR?_TIME_2_ASCII?SPIN_DS1302                    -----    -----      0183H    0006H
  +--> ?PR?SPIN_DS1302

BL51 BANKED LINKER/LOCATER V6.22                                                      06/26/2021  00:39:09  PAGE 15




SYMBOL TABLE OF MODULE:  stc89c52 (SPIN_USERSTART)

  VALUE           TYPE          NAME
  ----------------------------------

  -------         MODULE        SPIN_USERSTART
  C:0000H         SYMBOL        _ICE_DUMMY_
  D:0090H         PUBLIC        P1
  D:00C0H         PUBLIC        XICON
  D:00B0H         PUBLIC        P3
  D:00A8H         PUBLIC        IE
  C:3BA8H         PUBLIC        spin_get_RS0
  C:3BA2H         PUBLIC        spin_get_RS1
  D:00B8H         PUBLIC        IP
  B:00D0H.7       PUBLIC        CY
  C:3A94H         PUBLIC        _spin_set_RS0
  C:3A84H         PUBLIC        _spin_set_RS1
  C:3BE7H         PUBLIC        spin_get_sp
  D:0081H         PUBLIC        SP
  B:00D0H.2       PUBLIC        OV
  C:3BE4H         PUBLIC        _spin_set_sp
  D:0098H         PUBLIC        SCON
  C:3B9CH         PUBLIC        spin_get_F0
  D:0088H         PUBLIC        TCON
  C:3A74H         PUBLIC        _spin_set_F0
  B:00D0H.3       PUBLIC        RS0
  B:00D0H.4       PUBLIC        RS1
  C:002EH         PUBLIC        spin_get_CY
  C:3BAEH         PUBLIC        spin_get_OV
  D:00C8H         PUBLIC        T2CON
  C:394EH         PUBLIC        _spin_set_work_register_group
  B:00D0H.5       PUBLIC        F0
  D:00D0H         PUBLIC        PSW
  -------         PROC          _SPIN_SET_F0
  D:0007H         SYMBOL        value
  C:3A74H         LINE#         4
  C:3A74H         LINE#         5
  C:3A83H         LINE#         6
  -------         ENDPROC       _SPIN_SET_F0
  -------         PROC          _SPIN_SET_RS1
  D:0007H         SYMBOL        value
  C:3A84H         LINE#         8
  C:3A84H         LINE#         9
  C:3A93H         LINE#         10
  -------         ENDPROC       _SPIN_SET_RS1
  -------         PROC          _SPIN_SET_RS0
  D:0007H         SYMBOL        value
  C:3A94H         LINE#         11
  C:3A94H         LINE#         12
  C:3AA3H         LINE#         13
  -------         ENDPROC       _SPIN_SET_RS0
  -------         PROC          _SPIN_SET_WORK_REGISTER_GROUP
  D:0006H         SYMBOL        index
  C:394EH         LINE#         15
  C:3950H         LINE#         16
BL51 BANKED LINKER/LOCATER V6.22                                                      06/26/2021  00:39:09  PAGE 16


  C:3957H         LINE#         17
  -------         ENDPROC       _SPIN_SET_WORK_REGISTER_GROUP
  -------         PROC          SPIN_GET_CY
  C:002EH         LINE#         20
  C:002EH         LINE#         21
  C:0031H         LINE#         22
  -------         ENDPROC       SPIN_GET_CY
  -------         PROC          SPIN_GET_F0
  C:3B9CH         LINE#         23
  C:3B9CH         LINE#         24
  C:3BA1H         LINE#         25
  -------         ENDPROC       SPIN_GET_F0
  -------         PROC          SPIN_GET_RS1
  C:3BA2H         LINE#         26
  C:3BA2H         LINE#         27
  C:3BA7H         LINE#         28
  -------         ENDPROC       SPIN_GET_RS1
  -------         PROC          SPIN_GET_RS0
  C:3BA8H         LINE#         29
  C:3BA8H         LINE#         30
  C:3BADH         LINE#         31
  -------         ENDPROC       SPIN_GET_RS0
  -------         PROC          SPIN_GET_OV
  C:3BAEH         LINE#         33
  C:3BAEH         LINE#         34
  C:3BB3H         LINE#         35
  -------         ENDPROC       SPIN_GET_OV
  -------         PROC          _SPIN_SET_SP
  D:0007H         SYMBOL        addr
  C:3BE4H         LINE#         36
  C:3BE4H         LINE#         37
  C:3BE6H         LINE#         38
  -------         ENDPROC       _SPIN_SET_SP
  -------         PROC          SPIN_GET_SP
  C:3BE7H         LINE#         39
  C:3BE7H         LINE#         40
  C:3BE9H         LINE#         41
  -------         ENDPROC       SPIN_GET_SP
  -------         ENDMOD        SPIN_USERSTART

  -------         MODULE        SPIN_EXINTERUPT
  C:0000H         SYMBOL        _ICE_DUMMY_
  D:0090H         PUBLIC        P1
  D:00C0H         PUBLIC        XICON
  D:00B0H         PUBLIC        P3
  C:39D6H         PUBLIC        _spin_exint0_start
  C:39E8H         PUBLIC        _spin_exint1_start
  D:00A8H         PUBLIC        IE
  D:00B8H         PUBLIC        IP
  C:000EH         PUBLIC        spin_exint0_stop
  C:0016H         PUBLIC        spin_exint1_stop
  D:0098H         PUBLIC        SCON
  D:0088H         PUBLIC        TCON
  B:0088H.0       PUBLIC        IT0
  B:0088H.2       PUBLIC        IT1
  D:00C8H         PUBLIC        T2CON
  D:00D0H         PUBLIC        PSW
BL51 BANKED LINKER/LOCATER V6.22                                                      06/26/2021  00:39:09  PAGE 17


  -------         PROC          _SPIN_EXINT0_START
  D:0007H         SYMBOL        type
  C:39D6H         LINE#         3
  C:39D6H         LINE#         4
  C:39DBH         LINE#         5
  C:39DEH         LINE#         6
  C:39E1H         LINE#         7
  -------         ENDPROC       _SPIN_EXINT0_START
  -------         PROC          _SPIN_EXINT1_START
  D:0007H         SYMBOL        type
  C:39E8H         LINE#         9
  C:39E8H         LINE#         10
  C:39EDH         LINE#         11
  C:39F0H         LINE#         12
  C:39F3H         LINE#         13
  -------         ENDPROC       _SPIN_EXINT1_START
  -------         PROC          SPIN_EXINT0_STOP
  C:000EH         LINE#         16
  C:000EH         LINE#         17
  -------         ENDPROC       SPIN_EXINT0_STOP
  -------         PROC          SPIN_EXINT1_STOP
  C:0016H         LINE#         20
  C:0016H         LINE#         21
  -------         ENDPROC       SPIN_EXINT1_STOP
  -------         ENDMOD        SPIN_EXINTERUPT

  -------         MODULE        SPIN_GPIO
  C:0000H         SYMBOL        _ICE_DUMMY_
  D:0080H         PUBLIC        P0
  D:0090H         PUBLIC        P1
  D:00A0H         PUBLIC        P2
  D:00C0H         PUBLIC        XICON
  D:00B0H         PUBLIC        P3
  D:00A8H         PUBLIC        IE
  C:2E25H         PUBLIC        _spin_get_gpio_bit_value
  D:00B8H         PUBLIC        IP
  C:2C4AH         PUBLIC        _spin_set_gpio_bit_value
  D:0098H         PUBLIC        SCON
  D:0088H         PUBLIC        TCON
  D:00C8H         PUBLIC        T2CON
  C:3689H         PUBLIC        _spin_get_gpio_value
  D:00D0H         PUBLIC        PSW
  C:379BH         PUBLIC        _spin_set_gpio_value
  -------         PROC          _SPIN_SET_GPIO_VALUE
  D:0007H         SYMBOL        gpio
  D:0005H         SYMBOL        value
  C:379BH         LINE#         7
  C:379BH         LINE#         8
  C:37A9H         LINE#         9
  C:37ACH         LINE#         10
  C:37AFH         LINE#         11
  C:37B2H         LINE#         12
  C:37B6H         LINE#         13
  C:37B6H         LINE#         14
  C:37B6H         LINE#         15
  -------         ENDPROC       _SPIN_SET_GPIO_VALUE
  -------         PROC          _SPIN_GET_GPIO_VALUE
BL51 BANKED LINKER/LOCATER V6.22                                                      06/26/2021  00:39:09  PAGE 18


  D:0007H         SYMBOL        gpio
  -------         DO            
  D:0006H         SYMBOL        temp
  -------         ENDDO         
  C:3689H         LINE#         16
  C:3689H         LINE#         17
  C:368BH         LINE#         18
  C:3699H         LINE#         19
  C:369DH         LINE#         20
  C:36A1H         LINE#         21
  C:36A5H         LINE#         22
  C:36A7H         LINE#         23
  C:36A7H         LINE#         24
  C:36A7H         LINE#         25
  C:36A9H         LINE#         26
  -------         ENDPROC       _SPIN_GET_GPIO_VALUE
  -------         PROC          _SPIN_SET_GPIO_BIT_VALUE
  D:0004H         SYMBOL        gpio
  D:0005H         SYMBOL        index
  D:0003H         SYMBOL        value
  -------         DO            
  D:0007H         SYMBOL        temp
  -------         ENDDO         
  C:2C4AH         LINE#         28
  C:2C4CH         LINE#         29
  C:2C4CH         LINE#         30
  C:2C4FH         LINE#         31
  C:2C63H         LINE#         33
  C:2C78H         LINE#         34
  C:2C86H         LINE#         35
  C:2C89H         LINE#         36
  C:2C8CH         LINE#         37
  C:2C8FH         LINE#         38
  C:2C91H         LINE#         39
  C:2C91H         LINE#         40
  C:2C91H         LINE#         41
  -------         ENDPROC       _SPIN_SET_GPIO_BIT_VALUE
  -------         PROC          _SPIN_GET_GPIO_BIT_VALUE
  D:0007H         SYMBOL        gpio
  D:0005H         SYMBOL        index
  -------         DO            
  D:0004H         SYMBOL        temp
  -------         ENDDO         
  C:2E25H         LINE#         43
  C:2E25H         LINE#         44
  C:2E27H         LINE#         45
  C:2E35H         LINE#         46
  C:2E39H         LINE#         47
  C:2E3DH         LINE#         48
  C:2E41H         LINE#         49
  C:2E43H         LINE#         50
  C:2E43H         LINE#         51
  C:2E43H         LINE#         52
  C:2E62H         LINE#         53
  -------         ENDPROC       _SPIN_GET_GPIO_BIT_VALUE
  -------         ENDMOD        SPIN_GPIO

BL51 BANKED LINKER/LOCATER V6.22                                                      06/26/2021  00:39:09  PAGE 19


  -------         MODULE        SPIN_INTERUPT
  C:0000H         SYMBOL        _ICE_DUMMY_
  D:0090H         PUBLIC        P1
  D:00C0H         PUBLIC        XICON
  D:00B0H         PUBLIC        P3
  B:00A8H.7       PUBLIC        EA
  B:0020H.0       PUBLIC        it0
  D:00A8H         PUBLIC        IE
  B:0020H.1       PUBLIC        it1
  B:0020H.2       PUBLIC        it2
  B:0020H.3       PUBLIC        it3
  B:0020H.4       PUBLIC        it4
  B:0020H.5       PUBLIC        it5
  B:0020H.6       PUBLIC        it6
  B:0020H.7       PUBLIC        it7
  C:3727H         PUBLIC        _spin_interupt_close
  D:00B8H         PUBLIC        IP
  C:302BH         PUBLIC        _spin_interupt_open
  D:0098H         PUBLIC        SCON
  C:3443H         PUBLIC        intersvr2
  C:3A30H         PUBLIC        spin_interupt_init
  D:0088H         PUBLIC        TCON
  C:346AH         PUBLIC        intersvr5
  C:3491H         PUBLIC        intersvr6
  C:34B8H         PUBLIC        intersvr7
  B:00C0H.2       PUBLIC        EX2
  B:00C0H.6       PUBLIC        EX3
  C:3BEDH         PUBLIC        spin_interupt_disable
  B:00C0H.3       PUBLIC        PX2
  B:00C0H.7       PUBLIC        PX3
  D:00C8H         PUBLIC        T2CON
  C:3BEAH         PUBLIC        spin_interupt_enable
  X:0232H         PUBLIC        inter_vector_function
  D:00D0H         PUBLIC        PSW
  -------         PROC          SPIN_INTERUPT_INIT
  C:3A30H         LINE#         8
  C:3A30H         LINE#         9
  C:3A40H         LINE#         10
  -------         ENDPROC       SPIN_INTERUPT_INIT
  -------         PROC          SPIN_INTERUPT_ENABLE
  C:3BEAH         LINE#         11
  C:3BEAH         LINE#         12
  C:3BECH         LINE#         13
  -------         ENDPROC       SPIN_INTERUPT_ENABLE
  -------         PROC          SPIN_INTERUPT_DISABLE
  C:3BEDH         LINE#         14
  C:3BEDH         LINE#         15
  C:3BEFH         LINE#         16
  -------         ENDPROC       SPIN_INTERUPT_DISABLE
  -------         PROC          _SPIN_INTERUPT_OPEN
  D:0007H         SYMBOL        num
  D:0005H         SYMBOL        prority
  C:302BH         LINE#         17
  C:302BH         LINE#         18
  C:302FH         LINE#         19
  C:3031H         LINE#         20
  C:3036H         LINE#         21
BL51 BANKED LINKER/LOCATER V6.22                                                      06/26/2021  00:39:09  PAGE 20


  C:3037H         LINE#         22
  C:303BH         LINE#         23
  C:303DH         LINE#         24
  C:3042H         LINE#         25
  C:3043H         LINE#         26
  C:3043H         LINE#         27
  C:3050H         LINE#         28
  C:305EH         LINE#         29
  C:305EH         LINE#         30
  -------         ENDPROC       _SPIN_INTERUPT_OPEN
  -------         PROC          _SPIN_INTERUPT_CLOSE
  D:0007H         SYMBOL        num
  C:3727H         LINE#         31
  C:3727H         LINE#         32
  C:372BH         LINE#         33
  C:372EH         LINE#         34
  C:3732H         LINE#         35
  C:3735H         LINE#         37
  C:3743H         LINE#         38
  -------         ENDPROC       _SPIN_INTERUPT_CLOSE
  -------         PROC          INTERSVR2
  C:3443H         LINE#         57
  C:3450H         LINE#         59
  C:345AH         LINE#         60
  C:345CH         LINE#         61
  -------         ENDPROC       INTERSVR2
  -------         PROC          INTERSVR5
  C:346AH         LINE#         68
  C:3477H         LINE#         70
  C:3481H         LINE#         71
  C:3483H         LINE#         72
  -------         ENDPROC       INTERSVR5
  -------         PROC          INTERSVR6
  C:3491H         LINE#         74
  C:349EH         LINE#         76
  C:34A8H         LINE#         77
  C:34AAH         LINE#         78
  -------         ENDPROC       INTERSVR6
  -------         PROC          INTERSVR7
  C:34B8H         LINE#         80
  C:34C5H         LINE#         82
  C:34CFH         LINE#         83
  C:34D1H         LINE#         84
  -------         ENDPROC       INTERSVR7
  -------         ENDMOD        SPIN_INTERUPT

  -------         MODULE        SPIN_PWRMGR
  C:0000H         SYMBOL        _ICE_DUMMY_
  D:0090H         PUBLIC        P1
  D:00C0H         PUBLIC        XICON
  D:00B0H         PUBLIC        P3
  D:00A8H         PUBLIC        IE
  D:00B8H         PUBLIC        IP
  C:0036H         PUBLIC        idle_mode
  D:0087H         PUBLIC        PCON
  D:0098H         PUBLIC        SCON
  D:0088H         PUBLIC        TCON
BL51 BANKED LINKER/LOCATER V6.22                                                      06/26/2021  00:39:09  PAGE 21


  C:3BB4H         PUBLIC        power_down
  D:00C8H         PUBLIC        T2CON
  D:00D0H         PUBLIC        PSW
  -------         PROC          IDLE_MODE
  C:0036H         LINE#         3
  C:0036H         LINE#         4
  C:0039H         LINE#         5
  -------         ENDPROC       IDLE_MODE
  -------         PROC          POWER_DOWN
  C:3BB4H         LINE#         6
  C:3BB4H         LINE#         7
  C:3BB7H         LINE#         8
  -------         ENDPROC       POWER_DOWN
  -------         ENDMOD        SPIN_PWRMGR

  -------         MODULE        SPIN_TIMER
  C:0000H         SYMBOL        _ICE_DUMMY_
  D:0090H         PUBLIC        P1
  D:00C0H         PUBLIC        XICON
  D:00B0H         PUBLIC        P3
  C:0003H         PUBLIC        _primary_value
  C:3A41H         PUBLIC        spin_sysTick
  D:00A8H         PUBLIC        IE
  D:00B8H         PUBLIC        IP
  C:3B69H         PUBLIC        delay1ms
  C:3AF3H         PUBLIC        _uart_boaud
  C:0032H         PUBLIC        delay2us
  C:3BF6H         PUBLIC        delay3us
  C:36AAH         PUBLIC        _spin_counter_time
  D:0098H         PUBLIC        SCON
  D:0089H         PUBLIC        TMOD
  D:0088H         PUBLIC        TCON
  C:3B11H         PUBLIC        delay1s
  D:008CH         PUBLIC        TH0
  D:008DH         PUBLIC        TH1
  C:2D64H         SYMBOL        _spin_counter_set
  D:008AH         PUBLIC        TL0
  D:008BH         PUBLIC        TL1
  C:3575H         PUBLIC        _spin_timer_start
  B:0088H.4       PUBLIC        TR0
  B:0088H.6       PUBLIC        TR1
  C:3B54H         SYMBOL        _spin_systick_set
  D:00C8H         PUBLIC        T2CON
  C:3AE4H         PUBLIC        _spin_timer_stop
  C:2B16H         PUBLIC        _spin_timer_set
  C:3AA4H         PUBLIC        _delayms
  D:00D0H         PUBLIC        PSW
  C:37EEH         PUBLIC        _delayus
  -------         PROC          _SPIN_COUNTER_SET
  D:0007H         SYMBOL        dev
  D:0005H         SYMBOL        mode
  D:0002H         SYMBOL        time
  C:2D64H         LINE#         11
  C:2D64H         LINE#         12
  C:2D69H         LINE#         13
  C:2D6CH         LINE#         14
  C:2D6FH         LINE#         15
BL51 BANKED LINKER/LOCATER V6.22                                                      06/26/2021  00:39:09  PAGE 22


  C:2D72H         LINE#         16
  C:2D76H         LINE#         17
  C:2D7DH         LINE#         19
  C:2D7DH         LINE#         20
  C:2D80H         LINE#         21
  C:2D83H         LINE#         22
  C:2D84H         LINE#         23
  C:2D89H         LINE#         24
  C:2D8CH         LINE#         25
  C:2D8FH         LINE#         26
  C:2D95H         LINE#         27
  C:2D99H         LINE#         28
  C:2DA0H         LINE#         30
  C:2DA0H         LINE#         31
  C:2DA3H         LINE#         32
  C:2DA6H         LINE#         33
  C:2DA6H         LINE#         34
  -------         ENDPROC       _SPIN_COUNTER_SET
  -------         PROC          _SPIN_TIMER_START
  X:017BH         SYMBOL        dev
  C:3575H         LINE#         37
  C:357AH         LINE#         38
  C:357DH         LINE#         39
  C:3587H         LINE#         40
  C:3591H         LINE#         41
  C:3597H         LINE#         42
  -------         ENDPROC       _SPIN_TIMER_START
  -------         PROC          _SPIN_TIMER_STOP
  D:0007H         SYMBOL        dev
  C:3AE4H         LINE#         44
  C:3AE4H         LINE#         45
  C:3AEAH         LINE#         46
  C:3AF0H         LINE#         47
  -------         ENDPROC       _SPIN_TIMER_STOP
  -------         PROC          _PRIMARY_VALUE
  D:0006H         SYMBOL        overflow_time_us
  C:0003H         LINE#         50
  C:0003H         LINE#         51
  C:000AH         LINE#         52
  -------         ENDPROC       _PRIMARY_VALUE
  -------         PROC          _SPIN_TIMER_SET
  D:0007H         SYMBOL        dev
  D:0005H         SYMBOL        mode
  D:0002H         SYMBOL        time
  C:2B16H         LINE#         57
  C:2B16H         LINE#         58
  C:2B1BH         LINE#         59
  C:2B1EH         LINE#         60
  C:2B21H         LINE#         61
  C:2B2FH         LINE#         62
  C:2B2FH         LINE#         63
  C:2B36H         LINE#         64
  C:2B36H         LINE#         65
  C:2B3DH         LINE#         66
  C:2B3DH         LINE#         67
  C:2B3DH         LINE#         68
  C:2B3DH         LINE#         69
BL51 BANKED LINKER/LOCATER V6.22                                                      06/26/2021  00:39:09  PAGE 23


  C:2B42H         LINE#         70
  C:2B45H         LINE#         71
  C:2B4BH         LINE#         72
  C:2B56H         LINE#         73
  C:2B56H         LINE#         74
  C:2B5DH         LINE#         75
  C:2B63H         LINE#         76
  C:2B63H         LINE#         77
  C:2B63H         LINE#         78
  C:2B63H         LINE#         79
  C:2B63H         LINE#         80
  -------         ENDPROC       _SPIN_TIMER_SET
  -------         PROC          _SPIN_COUNTER_TIME
  D:0001H         SYMBOL        dev
  D:0004H         SYMBOL        time
  -------         DO            
  D:0004H         SYMBOL        primary_values
  -------         ENDDO         
  C:36AAH         LINE#         82
  C:36ACH         LINE#         85
  C:36B7H         LINE#         86
  C:36C2H         LINE#         88
  C:36C7H         LINE#         89
  C:36C9H         LINE#         90
  -------         ENDPROC       _SPIN_COUNTER_TIME
  -------         PROC          _SPIN_SYSTICK_SET
  D:0006H         SYMBOL        time
  C:3B54H         LINE#         91
  C:3B54H         LINE#         92
  -------         ENDPROC       _SPIN_SYSTICK_SET
  -------         PROC          _UART_BOAUD
  D:0006H         SYMBOL        overtime
  C:3AF3H         LINE#         94
  C:3AF3H         LINE#         95
  -------         ENDPROC       _UART_BOAUD
  -------         PROC          SPIN_SYSTICK
  C:3A41H         LINE#         98
  C:3A41H         LINE#         99
  C:3A48H         LINE#         101
  C:3A4DH         LINE#         102
  -------         ENDPROC       SPIN_SYSTICK
  -------         PROC          DELAY2US
  C:0032H         LINE#         105
  C:0032H         LINE#         106
  C:0032H         LINE#         107
  -------         ENDPROC       DELAY2US
  -------         PROC          DELAY3US
  C:3BF6H         LINE#         108
  C:3BF6H         LINE#         109
  C:3BF6H         LINE#         110
  C:3BF7H         LINE#         111
  -------         ENDPROC       DELAY3US
  -------         PROC          DELAY1MS
  -------         DO            
  D:0006H         SYMBOL        a
  D:0007H         SYMBOL        b
  -------         ENDDO         
BL51 BANKED LINKER/LOCATER V6.22                                                      06/26/2021  00:39:09  PAGE 24


  C:3B69H         LINE#         113
  C:3B69H         LINE#         114
  C:3B69H         LINE#         116
  C:3B6BH         LINE#         117
  C:3B71H         LINE#         118
  -------         ENDPROC       DELAY1MS
  -------         PROC          DELAY1S
  -------         DO            
  D:0005H         SYMBOL        a
  D:0006H         SYMBOL        b
  D:0007H         SYMBOL        c
  -------         ENDDO         
  C:3B11H         LINE#         120
  C:3B11H         LINE#         121
  C:3B11H         LINE#         123
  C:3B13H         LINE#         124
  C:3B15H         LINE#         125
  C:3B1DH         LINE#         126
  C:3B1EH         LINE#         127
  -------         ENDPROC       DELAY1S
  -------         PROC          _DELAYUS
  D:0007H         SYMBOL        us
  -------         DO            
  D:0006H         SYMBOL        i
  -------         ENDDO         
  C:37EEH         LINE#         129
  C:37EEH         LINE#         130
  C:37F0H         LINE#         131
  C:37F5H         LINE#         132
  C:37FAH         LINE#         133
  C:3803H         LINE#         134
  C:3807H         LINE#         136
  -------         ENDPROC       _DELAYUS
  -------         PROC          _DELAYMS
  D:0005H         SYMBOL        ms
  -------         DO            
  D:0004H         SYMBOL        i
  -------         ENDDO         
  C:3AA4H         LINE#         138
  C:3AA6H         LINE#         139
  C:3AA8H         LINE#         140
  C:3AADH         LINE#         141
  C:3AB3H         LINE#         143
  -------         ENDPROC       _DELAYMS
  -------         ENDMOD        SPIN_TIMER

  -------         MODULE        SPIN_UART
  C:0000H         SYMBOL        _ICE_DUMMY_
  D:0090H         PUBLIC        P1
  D:00C0H         PUBLIC        XICON
  D:00B0H         PUBLIC        P3
  D:00A8H         PUBLIC        IE
  C:3598H         PUBLIC        _u_putc
  D:00B8H         PUBLIC        IP
  B:0098H.0       PUBLIC        RI
  B:0098H.1       PUBLIC        TI
  I:000AH         PUBLIC        fifo
BL51 BANKED LINKER/LOCATER V6.22                                                      06/26/2021  00:39:09  PAGE 25


  D:0099H         PUBLIC        SBUF
  D:0087H         PUBLIC        PCON
  D:0098H         PUBLIC        SCON
  D:0088H         PUBLIC        TCON
  C:2968H         PUBLIC        intersvr4
  D:008EH         PUBLIC        AUXR
  D:00C8H         PUBLIC        T2CON
  C:36EAH         PUBLIC        spin_uart_init
  D:00D0H         PUBLIC        PSW
  C:3744H         PUBLIC        u_getc
  C:3B72H         SYMBOL        Com000E
  C:3B72H         SYMBOL        L?0015
  -------         PROC          COM000E
  -------         ENDPROC       COM000E
  -------         PROC          SPIN_UART_INIT
  C:36EAH         LINE#         10
  C:36EAH         LINE#         13
  C:36EDH         LINE#         14
  C:36F0H         LINE#         15
  C:36F3H         LINE#         16
  C:36F6H         LINE#         17
  C:36FDH         LINE#         18
  C:3704H         LINE#         19
  C:3708H         LINE#         20
  -------         ENDPROC       SPIN_UART_INIT
  -------         PROC          U_GETC
  -------         DO            
  D:0006H         SYMBOL        d
  D:0007H         SYMBOL        i
  -------         ENDDO         
  C:3744H         LINE#         29
  C:3744H         LINE#         34
  C:3749H         LINE#         36
  C:374DH         LINE#         37
  C:3752H         LINE#         38
  C:375CH         LINE#         39
  C:375EH         LINE#         40
  C:3760H         LINE#         41
  -------         ENDPROC       U_GETC
  -------         PROC          _U_PUTC
  D:0007H         SYMBOL        c
  -------         DO            
  D:0006H         SYMBOL        i
  -------         ENDDO         
  C:3598H         LINE#         43
  C:3598H         LINE#         46
  C:35A0H         LINE#         48
  C:35A4H         LINE#         49
  C:35A9H         LINE#         50
  C:35B5H         LINE#         51
  C:35B8H         LINE#         52
  C:35BAH         LINE#         53
  -------         ENDPROC       _U_PUTC
  -------         PROC          INTERSVR4
  -------         DO            
  D:0007H         SYMBOL        i
  D:0006H         SYMBOL        d
BL51 BANKED LINKER/LOCATER V6.22                                                      06/26/2021  00:39:09  PAGE 26


  -------         ENDDO         
  C:2968H         LINE#         55
  C:2977H         LINE#         58
  C:297AH         LINE#         59
  C:297CH         LINE#         60
  C:297EH         LINE#         61
  C:2982H         LINE#         62
  C:2987H         LINE#         63
  C:298AH         LINE#         64
  C:298EH         LINE#         65
  C:2993H         LINE#         66
  C:2998H         LINE#         67
  C:2998H         LINE#         68
  C:2998H         LINE#         69
  C:299BH         LINE#         70
  C:299FH         LINE#         71
  C:29A2H         LINE#         72
  C:29A4H         LINE#         73
  C:29A7H         LINE#         74
  C:29ADH         LINE#         75
  C:29B2H         LINE#         76
  C:29B4H         LINE#         77
  C:29B6H         LINE#         78
  C:29B6H         LINE#         79
  C:29B6H         LINE#         80
  -------         ENDPROC       INTERSVR4
  -------         ENDMOD        SPIN_UART

  -------         MODULE        SPIN_WATCHDOG
  C:0000H         SYMBOL        _ICE_DUMMY_
  D:0090H         PUBLIC        P1
  D:00C0H         PUBLIC        XICON
  D:00B0H         PUBLIC        P3
  D:00A8H         PUBLIC        IE
  D:00B8H         PUBLIC        IP
  C:3BBCH         PUBLIC        spin_watchdog_disable
  D:0098H         PUBLIC        SCON
  D:0088H         PUBLIC        TCON
  C:3BC0H         PUBLIC        spin_watchdog_idlework
  C:3BB8H         PUBLIC        spin_watchdog_enable
  C:2493H         PUBLIC        _spin_watchdog_overtime
  D:00E1H         PUBLIC        WDT_CONTR
  C:3BC4H         PUBLIC        spin_watchdog_clear
  D:00C8H         PUBLIC        T2CON
  D:00D0H         PUBLIC        PSW
  -------         PROC          SPIN_WATCHDOG_ENABLE
  C:3BB8H         LINE#         3
  C:3BB8H         LINE#         4
  C:3BBBH         LINE#         5
  -------         ENDPROC       SPIN_WATCHDOG_ENABLE
  -------         PROC          SPIN_WATCHDOG_DISABLE
  C:3BBCH         LINE#         6
  C:3BBCH         LINE#         7
  C:3BBFH         LINE#         8
  -------         ENDPROC       SPIN_WATCHDOG_DISABLE
  -------         PROC          SPIN_WATCHDOG_IDLEWORK
  C:3BC0H         LINE#         9
BL51 BANKED LINKER/LOCATER V6.22                                                      06/26/2021  00:39:09  PAGE 27


  C:3BC0H         LINE#         10
  C:3BC3H         LINE#         11
  -------         ENDPROC       SPIN_WATCHDOG_IDLEWORK
  -------         PROC          SPIN_WATCHDOG_CLEAR
  C:3BC4H         LINE#         13
  C:3BC4H         LINE#         14
  C:3BC7H         LINE#         15
  -------         ENDPROC       SPIN_WATCHDOG_CLEAR
  -------         PROC          _SPIN_WATCHDOG_OVERTIME
  X:017BH         SYMBOL        pre_scale
  X:017CH         SYMBOL        mhz
  -------         DO            
  I:001AH         SYMBOL        pre_scale_value
  I:001BH         SYMBOL        overtime
  -------         ENDDO         
  C:2493H         LINE#         18
  C:249BH         LINE#         19
  C:249FH         LINE#         20
  C:24A3H         LINE#         21
  C:24A6H         LINE#         22
  C:24C8H         LINE#         23
  C:24CEH         LINE#         24
  C:24D4H         LINE#         25
  C:24DAH         LINE#         26
  C:24E0H         LINE#         27
  C:24E6H         LINE#         28
  C:24ECH         LINE#         29
  C:24F2H         LINE#         30
  C:24F6H         LINE#         31
  C:24F6H         LINE#         32
  C:24F6H         LINE#         33
  C:24FBH         LINE#         34
  C:2517H         LINE#         35
  C:2517H         LINE#         36
  -------         ENDPROC       _SPIN_WATCHDOG_OVERTIME
  -------         ENDMOD        SPIN_WATCHDOG

  -------         MODULE        XPRINTF
  C:0000H         SYMBOL        _ICE_DUMMY_
  C:390FH         PUBLIC        xgetc
  C:1031H         PUBLIC        _xatoi
  C:15D5H         PUBLIC        _xgets
  X:02B7H         SYMBOL        outptr
  C:2CD9H         PUBLIC        _xputc
  C:352DH         PUBLIC        _xputs
  X:02BAH         PUBLIC        xfunc_in
  X:02BCH         PUBLIC        xfunc_out
  C:2EDEH         SYMBOL        Com0031
  C:2EDEH         SYMBOL        L?0050
  C:2EDFH         SYMBOL        L?0051
  C:2EE2H         SYMBOL        L?0052
  C:2EEBH         SYMBOL        L?0053
  C:2EEBH         SYMBOL        L?0054
  C:2EFAH         SYMBOL        L?0055
  C:2F09H         SYMBOL        L?0056
  C:2F09H         SYMBOL        L?0057
  C:2F12H         SYMBOL        L?0058
BL51 BANKED LINKER/LOCATER V6.22                                                      06/26/2021  00:39:09  PAGE 28


  C:2F13H         SYMBOL        L?0059
  -------         PROC          COM0031
  -------         ENDPROC       COM0031
  -------         PROC          _XPUTC
  X:031CH         SYMBOL        c
  C:2CD9H         LINE#         26
  C:2CDEH         LINE#         27
  C:2CDEH         LINE#         28
  C:2CE6H         LINE#         30
  C:2CF1H         LINE#         31
  C:2D03H         LINE#         33
  C:2D03H         LINE#         35
  C:2D1EH         LINE#         36
  -------         ENDPROC       _XPUTC
  -------         PROC          _XPUTS
  X:02F5H         SYMBOL        str
  C:352DH         LINE#         44
  C:3533H         LINE#         47
  C:3533H         LINE#         48
  C:353EH         LINE#         49
  C:3550H         LINE#         50
  -------         ENDPROC       _XPUTS
  -------         PROC          XGETC
  C:390FH         LINE#         64
  C:390FH         LINE#         65
  C:391CH         LINE#         66
  C:3923H         LINE#         67
  -------         ENDPROC       XGETC
  -------         PROC          _XGETS
  X:028BH         SYMBOL        buff
  X:028EH         SYMBOL        len
  -------         DO            
  X:0290H         SYMBOL        c
  X:0292H         SYMBOL        i
  -------         ENDDO         
  C:15D5H         LINE#         72
  C:15E1H         LINE#         76
  C:15E1H         LINE#         80
  C:15EEH         LINE#         82
  C:15F5H         LINE#         83
  C:15F5H         LINE#         84
  C:160CH         LINE#         85
  C:1610H         LINE#         86
  C:1620H         LINE#         87
  C:1636H         LINE#         88
  C:1644H         LINE#         90
  C:164AH         LINE#         92
  C:164CH         LINE#         93
  C:164CH         LINE#         94
  C:1682H         LINE#         95
  C:1697H         LINE#         97
  C:169AH         LINE#         99
  C:169AH         LINE#         100
  C:169DH         LINE#         101
  C:16B2H         LINE#         104
  C:16B7H         LINE#         106
  C:16BCH         LINE#         108
BL51 BANKED LINKER/LOCATER V6.22                                                      06/26/2021  00:39:09  PAGE 29


  C:16C0H         LINE#         109
  -------         ENDPROC       _XGETS
  -------         PROC          _XATOI
  X:0242H         SYMBOL        str
  X:0245H         SYMBOL        res
  -------         DO            
  X:0248H         SYMBOL        val
  X:024CH         SYMBOL        c
  X:024DH         SYMBOL        r
  X:024EH         SYMBOL        s
  -------         ENDDO         
  C:1031H         LINE#         124
  C:1037H         LINE#         128
  C:1037H         LINE#         130
  C:103CH         LINE#         133
  C:1049H         LINE#         135
  C:1069H         LINE#         137
  C:1070H         LINE#         138
  C:1075H         LINE#         139
  C:107BH         LINE#         140
  C:107BH         LINE#         142
  C:1084H         LINE#         143
  C:108AH         LINE#         144
  C:1094H         LINE#         145
  C:1094H         LINE#         146
  C:1099H         LINE#         147
  C:109BH         LINE#         148
  C:109BH         LINE#         149
  C:10A6H         LINE#         150
  C:10A8H         LINE#         151
  C:10A8H         LINE#         152
  C:10B1H         LINE#         153
  C:10C3H         LINE#         154
  C:10C9H         LINE#         155
  C:10C9H         LINE#         156
  C:10CBH         LINE#         157
  C:10DCH         LINE#         158
  C:10E2H         LINE#         159
  C:10E2H         LINE#         161
  C:10ECH         LINE#         162
  C:10F6H         LINE#         163
  C:10FFH         LINE#         164
  C:1106H         LINE#         165
  C:110CH         LINE#         166
  C:1110H         LINE#         167
  C:1118H         LINE#         168
  C:1118H         LINE#         169
  C:1129H         LINE#         170
  C:1163H         LINE#         171
  C:1169H         LINE#         172
  C:116CH         LINE#         173
  C:117EH         LINE#         175
  C:118AH         LINE#         176
  C:118EH         LINE#         177
  -------         ENDPROC       _XATOI
  -------         ENDMOD        XPRINTF

BL51 BANKED LINKER/LOCATER V6.22                                                      06/26/2021  00:39:09  PAGE 30


  -------         MODULE        CLOCK
  C:0000H         SYMBOL        _ICE_DUMMY_
  D:0090H         PUBLIC        P1
  D:00C0H         PUBLIC        XICON
  D:00B0H         PUBLIC        P3
  X:0269H         SYMBOL        counter
  B:00A8H.7       PUBLIC        EA
  D:00A8H         PUBLIC        IE
  C:3B02H         PUBLIC        _clock_delay_usec
  D:00B8H         PUBLIC        IP
  C:3B48H         PUBLIC        clock_time
  C:3BF0H         PUBLIC        clock_init
  C:312CH         PUBLIC        _clock_wait
  X:026BH         SYMBOL        count
  C:13DCH         PUBLIC        intersvr1
  D:0098H         PUBLIC        SCON
  D:0088H         PUBLIC        TCON
  X:026FH         PUBLIC        pwm_counter
  X:0270H         PUBLIC        top
  C:3B7BH         PUBLIC        clock_seconds
  D:00C8H         PUBLIC        T2CON
  X:0271H         SYMBOL        seconds
  D:00D0H         PUBLIC        PSW
  C:33F1H         SYMBOL        Com0029
  C:33F1H         SYMBOL        L?0042
  C:33F4H         SYMBOL        L?0043
  C:33FFH         SYMBOL        L?0044
  C:340EH         SYMBOL        L?0045
  -------         PROC          COM0029
  -------         ENDPROC       COM0029
  -------         PROC          _CLOCK_DELAY_USEC
  D:0006H         SYMBOL        len
  C:3B02H         LINE#         54
  C:3B02H         LINE#         55
  C:3B02H         LINE#         56
  C:3B04H         LINE#         57
  C:3B0EH         LINE#         59
  C:3B0EH         LINE#         60
  C:3B10H         LINE#         61
  -------         ENDPROC       _CLOCK_DELAY_USEC
  -------         PROC          _CLOCK_WAIT
  X:02AFH         SYMBOL        i
  -------         DO            
  X:02B3H         SYMBOL        start
  -------         ENDDO         
  C:312CH         LINE#         67
  C:3132H         LINE#         68
  C:3132H         LINE#         71
  C:313BH         LINE#         72
  C:315DH         LINE#         73
  -------         ENDPROC       _CLOCK_WAIT
  -------         PROC          CLOCK_TIME
  -------         DO            
  D:0004H         SYMBOL        c
  -------         ENDDO         
  C:3B48H         LINE#         76
  C:3B48H         LINE#         77
BL51 BANKED LINKER/LOCATER V6.22                                                      06/26/2021  00:39:09  PAGE 31


  C:3B48H         LINE#         79
  C:3B4AH         LINE#         80
  C:3B51H         LINE#         81
  C:3B53H         LINE#         82
  C:3B53H         LINE#         83
  -------         ENDPROC       CLOCK_TIME
  -------         PROC          CLOCK_SECONDS
  -------         DO            
  D:0004H         SYMBOL        s
  -------         ENDDO         
  C:3B7BH         LINE#         86
  C:3B7BH         LINE#         87
  C:3B7BH         LINE#         89
  C:3B7DH         LINE#         90
  C:3B81H         LINE#         91
  C:3B83H         LINE#         92
  C:3B83H         LINE#         93
  -------         ENDPROC       CLOCK_SECONDS
  -------         PROC          CLOCK_INIT
  C:3BF0H         LINE#         96
  C:3BF0H         LINE#         97
  C:3BF0H         LINE#         98
  -------         ENDPROC       CLOCK_INIT
  -------         PROC          INTERSVR1
  C:13DCH         LINE#         104
  C:1400H         LINE#         106
  C:140EH         LINE#         107
  C:1414H         LINE#         108
  C:142AH         LINE#         109
  C:142DH         LINE#         110
  C:143EH         LINE#         111
  C:1445H         LINE#         112
  C:1447H         LINE#         113
  C:1451H         LINE#         114
  C:1469H         LINE#         115
  C:1472H         LINE#         116
  C:1472H         LINE#         119
  C:14B4H         LINE#         120
  C:14B7H         LINE#         121
  C:14B7H         LINE#         122
  C:14B9H         LINE#         123
  -------         ENDPROC       INTERSVR1
  -------         ENDMOD        CLOCK

  -------         MODULE        RTIMER_ARCH
  C:0000H         SYMBOL        _ICE_DUMMY_
  D:0090H         PUBLIC        P1
  D:00C0H         PUBLIC        XICON
  D:00B0H         PUBLIC        P3
  D:00A8H         PUBLIC        IE
  D:00B8H         PUBLIC        IP
  C:001EH         PUBLIC        rtimer_arch_init
  D:0098H         PUBLIC        SCON
  D:0088H         PUBLIC        TCON
  C:2B64H         PUBLIC        rtimer_isr
  C:3B5FH         PUBLIC        _rtimer_arch_schedule
  D:008CH         PUBLIC        TH0
[...]
BL51 BANKED LINKER/LOCATER V6.22                                                      06/26/2021  00:39:09  PAGE 70


  D:0006H         SYMBOL        addr
  -------         DO            
  D:0006H         SYMBOL        val
  -------         ENDDO         
  C:3AD4H         LINE#         109
  C:3AD4H         LINE#         110
  C:3AD4H         LINE#         113
  C:3AD4H         LINE#         115
  C:3AD4H         LINE#         116
  C:3ADDH         LINE#         117
  C:3AE0H         LINE#         118
  C:3AE3H         LINE#         120
  C:3AE3H         LINE#         121
  -------         ENDPROC       _DS1302_READBYTE
  -------         PROC          _DS1302_WRITEBYTE
  D:0006H         SYMBOL        addr
  D:0082H         SYMBOL        val
  C:38E2H         LINE#         123
  C:38E6H         LINE#         124
  C:38E6H         LINE#         125
  C:38E6H         LINE#         127
  C:38E6H         LINE#         128
  C:38EFH         LINE#         129
  C:38F6H         LINE#         130
  -------         ENDPROC       _DS1302_WRITEBYTE
  C:1904H         SYMBOL        L?0053
  C:1910H         SYMBOL        L?0064
  C:191CH         SYMBOL        L?0075
  -------         PROC          _DS1302_RTC_READ_TIME
  X:0183H         SYMBOL        tm
  C:185CH         LINE#         133
  C:1862H         LINE#         134
  C:1862H         LINE#         135
  C:1877H         LINE#         136
  C:1885H         LINE#         137
  C:1893H         LINE#         138
  C:18A1H         LINE#         139
  C:18AFH         LINE#         140
  C:18C8H         LINE#         141
  C:18D9H         LINE#         143
  C:18EAH         LINE#         144
  C:18FAH         LINE#         151
  C:1900H         LINE#         152
  C:1903H         LINE#         153
  -------         ENDPROC       _DS1302_RTC_READ_TIME
  C:1B49H         SYMBOL        L?0052
  C:1B57H         SYMBOL        L?0074
  C:1B62H         SYMBOL        L?0076
  -------         PROC          _DS1302_RTC_SET_TIME
  X:017BH         SYMBOL        tm
  C:1AAFH         LINE#         155
  C:1AB5H         LINE#         156
  C:1AB5H         LINE#         158
  C:1AC4H         LINE#         160
  C:1AD6H         LINE#         161
  C:1AE4H         LINE#         162
  C:1AF2H         LINE#         163
BL51 BANKED LINKER/LOCATER V6.22                                                      06/26/2021  00:39:09  PAGE 71


  C:1B00H         LINE#         164
  C:1B0EH         LINE#         165
  C:1B1CH         LINE#         166
  C:1B3FH         LINE#         169
  C:1B45H         LINE#         171
  C:1B48H         LINE#         172
  -------         ENDPROC       _DS1302_RTC_SET_TIME
  -------         PROC          _TIME_2_ASCII
  X:0183H         SYMBOL        tm
  X:0186H         SYMBOL        asc
  C:12C4H         LINE#         187
  C:12CAH         LINE#         188
  C:12D9H         LINE#         189
  C:12F0H         LINE#         191
  C:12F5H         LINE#         193
  C:1308H         LINE#         194
  C:131FH         LINE#         196
  C:1324H         LINE#         198
  C:1337H         LINE#         199
  C:134AH         LINE#         201
  C:1359H         LINE#         202
  C:1370H         LINE#         204
  C:1375H         LINE#         206
  C:1384H         LINE#         207
  C:139FH         LINE#         209
  C:13A4H         LINE#         211
  C:13B3H         LINE#         212
  C:13D8H         LINE#         213
  C:13DBH         LINE#         214
  -------         ENDPROC       _TIME_2_ASCII
  -------         PROC          _PROCESS_THREAD_DS1302
  X:017BH         SYMBOL        process_pt
  X:017EH         SYMBOL        ev
  X:017FH         SYMBOL        dataa
  -------         DO            
  X:0137H         SYMBOL        et
  X:0145H         SYMBOL        ptt
  -------         DO            
  X:0182H         SYMBOL        PT_YIELD_FLAG
  -------         ENDDO         
  -------         ENDDO         
  C:1F7DH         LINE#         216
  C:1F86H         LINE#         217
  C:1F86H         LINE#         218
  C:1F86H         LINE#         220
  C:1FA5H         LINE#         222
  C:1FB3H         LINE#         223
  C:1FB3H         LINE#         224
  C:1FB3H         LINE#         226
  C:1FD8H         LINE#         227
  C:1FE1H         LINE#         228
  C:1FF8H         LINE#         229
  C:2001H         LINE#         232
  C:2007H         LINE#         233
  C:2009H         LINE#         234
  C:201CH         LINE#         235
  -------         ENDPROC       _PROCESS_THREAD_DS1302
BL51 BANKED LINKER/LOCATER V6.22                                                      06/26/2021  00:39:09  PAGE 72


  -------         ENDMOD        SPIN_DS1302

  -------         MODULE        ?C?FPADD
  C:0045H         PUBLIC        ?C?FPADD
  C:0041H         PUBLIC        ?C?FPSUB
  -------         ENDMOD        ?C?FPADD

  -------         MODULE        ?C?FPMUL
  C:0136H         PUBLIC        ?C?FPMUL
  -------         ENDMOD        ?C?FPMUL

  -------         MODULE        ?C?FPCMP
  C:023EH         PUBLIC        ?C?FPCMP
  C:023CH         PUBLIC        ?C?FPCMP3
  -------         ENDMOD        ?C?FPCMP

  -------         MODULE        ?C?FPNEG
  C:02A9H         PUBLIC        ?C?FPNEG
  -------         ENDMOD        ?C?FPNEG

  -------         MODULE        ?C?FCAST
  C:02C4H         PUBLIC        ?C?FCASTC
  C:02BFH         PUBLIC        ?C?FCASTI
  C:02BAH         PUBLIC        ?C?FCASTL
  -------         ENDMOD        ?C?FCAST

  -------         MODULE        ?C?CASTF
  C:02F8H         PUBLIC        ?C?CASTF
  -------         ENDMOD        ?C?CASTF

  -------         MODULE        ?C?SCDIV
  C:0379H         PUBLIC        ?C?SCDIV
  -------         ENDMOD        ?C?SCDIV

  -------         MODULE        ?C?CLDPTR
  C:039BH         PUBLIC        ?C?CLDPTR
  -------         ENDMOD        ?C?CLDPTR

  -------         MODULE        ?C?CLDOPTR
  C:03B4H         PUBLIC        ?C?CLDOPTR
  -------         ENDMOD        ?C?CLDOPTR

  -------         MODULE        ?C?CSTPTR
  C:03E1H         PUBLIC        ?C?CSTPTR
  -------         ENDMOD        ?C?CSTPTR

  -------         MODULE        ?C?CSTOPTR
  C:03F3H         PUBLIC        ?C?CSTOPTR
  -------         ENDMOD        ?C?CSTOPTR

  -------         MODULE        ?C?IMUL
  C:0415H         PUBLIC        ?C?IMUL
  -------         ENDMOD        ?C?IMUL

  -------         MODULE        ?C?UIDIV
  C:0427H         PUBLIC        ?C?UIDIV
  -------         ENDMOD        ?C?UIDIV
BL51 BANKED LINKER/LOCATER V6.22                                                      06/26/2021  00:39:09  PAGE 73



  -------         MODULE        ?C?SIDIV
  C:047CH         PUBLIC        ?C?SIDIV
  -------         ENDMOD        ?C?SIDIV

  -------         MODULE        ?C?IILDX
  C:04B2H         PUBLIC        ?C?IILDX
  -------         ENDMOD        ?C?IILDX

  -------         MODULE        ?C?ILDIX
  C:04C8H         PUBLIC        ?C?ILDIX
  -------         ENDMOD        ?C?ILDIX

  -------         MODULE        ?C?ILDPTR
  C:04DEH         PUBLIC        ?C?ILDPTR
  -------         ENDMOD        ?C?ILDPTR

  -------         MODULE        ?C?ILDOPTR
  C:0509H         PUBLIC        ?C?ILDOPTR
  -------         ENDMOD        ?C?ILDOPTR

  -------         MODULE        ?C?IILDOPTR
  C:0541H         PUBLIC        ?C?IILDOPTR
  -------         ENDMOD        ?C?IILDOPTR

  -------         MODULE        ?C?ISTPTR
  C:058EH         PUBLIC        ?C?ISTPTR
  -------         ENDMOD        ?C?ISTPTR

  -------         MODULE        ?C?ISTOPTR
  C:05ADH         PUBLIC        ?C?ISTOPTR
  -------         ENDMOD        ?C?ISTOPTR

  -------         MODULE        ?C?LMUL
  C:05DAH         PUBLIC        ?C?LMUL
  -------         ENDMOD        ?C?LMUL

  -------         MODULE        ?C?LNEG
  C:0629H         PUBLIC        ?C?LNEG
  -------         ENDMOD        ?C?LNEG

  -------         MODULE        ?C?ULCMP
  C:0637H         PUBLIC        ?C?ULCMP
  -------         ENDMOD        ?C?ULCMP

  -------         MODULE        ?C?LLDPTR
  C:0648H         PUBLIC        ?C?LLDPTR
  -------         ENDMOD        ?C?LLDPTR

  -------         MODULE        ?C?LLDOPTR
  C:0668H         PUBLIC        ?C?LLDOPTR
  -------         ENDMOD        ?C?LLDOPTR

  -------         MODULE        ?C?LSTPTR
  C:0698H         PUBLIC        ?C?LSTPTR
  -------         ENDMOD        ?C?LSTPTR

BL51 BANKED LINKER/LOCATER V6.22                                                      06/26/2021  00:39:09  PAGE 74


  -------         MODULE        ?C?LSTOPTR
  C:06B2H         PUBLIC        ?C?LSTOPTR
  -------         ENDMOD        ?C?LSTOPTR

  -------         MODULE        ?C?LLDPTR0
  C:06D6H         PUBLIC        ?C?LLDPTR0
  -------         ENDMOD        ?C?LLDPTR0

  -------         MODULE        ?C?LLDOPTR0
  C:06F6H         PUBLIC        ?C?LLDOPTR0
  -------         ENDMOD        ?C?LLDOPTR0

  -------         MODULE        ?C?LSTXDATA
  C:0726H         PUBLIC        ?C?LSTXDATA
  -------         ENDMOD        ?C?LSTXDATA

  -------         MODULE        ?C?LSTKXDATA
  C:0732H         PUBLIC        ?C?LSTKXDATA
  -------         ENDMOD        ?C?LSTKXDATA

  -------         MODULE        ?C?LSTKPTR
  C:0763H         PUBLIC        ?C?LSTKPTR
  -------         ENDMOD        ?C?LSTKPTR

  -------         MODULE        ?C?PLDPTR
  C:077DH         PUBLIC        ?C?PLDPTR
  -------         ENDMOD        ?C?PLDPTR

  -------         MODULE        ?C?PILDPTR
  C:079DH         PUBLIC        ?C?PILDPTR
  -------         ENDMOD        ?C?PILDPTR

  -------         MODULE        ?C?PSTPTR
  C:07BFH         PUBLIC        ?C?PSTPTR
  -------         ENDMOD        ?C?PSTPTR

  -------         MODULE        ?C?PLDOPTR
  C:080EH         PUBLIC        ?C?PLDOPTR
  -------         ENDMOD        ?C?PLDOPTR

  -------         MODULE        ?C?PSTOPTR
  C:083EH         PUBLIC        ?C?PSTOPTR
  -------         ENDMOD        ?C?PSTOPTR

  -------         MODULE        ?C?ICALL
  C:0897H         PUBLIC        ?C?ICALL
  C:089BH         PUBLIC        ?C?ICALL2
  -------         ENDMOD        ?C?ICALL

  -------         MODULE        ?C?ADDXBP
  C:089DH         PUBLIC        ?C?ADDXBP
  -------         ENDMOD        ?C?ADDXBP

  -------         MODULE        ?C?COPYP2
  C:098DH         PUBLIC        ?C?COPYP2
  -------         ENDMOD        ?C?COPYP2

BL51 BANKED LINKER/LOCATER V6.22                                                      06/26/2021  00:39:09  PAGE 75


  -------         MODULE        ?C?LLDIDATA
  C:09B3H         PUBLIC        ?C?LLDIDATA
  -------         ENDMOD        ?C?LLDIDATA

  -------         MODULE        ?C?LLDXDATA
  C:09BFH         PUBLIC        ?C?LLDXDATA
  -------         ENDMOD        ?C?LLDXDATA

  -------         MODULE        ?C?LLDPDATA
  C:09CBH         PUBLIC        ?C?LLDPDATA
  -------         ENDMOD        ?C?LLDPDATA

  -------         MODULE        ?C?LLDCODE
  C:09D7H         PUBLIC        ?C?LLDCODE
  -------         ENDMOD        ?C?LLDCODE

  -------         MODULE        ?C?LLDIDATA0
  C:09E7H         PUBLIC        ?C?LLDIDATA0
  -------         ENDMOD        ?C?LLDIDATA0

  -------         MODULE        ?C?LLDXDATA0
  C:09F4H         PUBLIC        ?C?LLDXDATA0
  -------         ENDMOD        ?C?LLDXDATA0

  -------         MODULE        ?C?LLDPDATA0
  C:0A00H         PUBLIC        ?C?LLDPDATA0
  -------         ENDMOD        ?C?LLDPDATA0

  -------         MODULE        ?C?LLDCODE0
  C:0A0DH         PUBLIC        ?C?LLDCODE0
  -------         ENDMOD        ?C?LLDCODE0

  -------         MODULE        ?C?LSTIDATA
  C:0A1DH         PUBLIC        ?C?LSTIDATA
  -------         ENDMOD        ?C?LSTIDATA

  -------         MODULE        ?C?LSTPDATA
  C:0A29H         PUBLIC        ?C?LSTPDATA
  -------         ENDMOD        ?C?LSTPDATA

  -------         MODULE        ?C?LSTKIDATA
  C:0A35H         PUBLIC        ?C?LSTKIDATA
  -------         ENDMOD        ?C?LSTKIDATA

  -------         MODULE        ?C?LSTKPDATA
  C:0A4EH         PUBLIC        ?C?LSTKPDATA
  -------         ENDMOD        ?C?LSTKPDATA

  -------         MODULE        ?C?PLDIDATA
  C:0A67H         PUBLIC        ?C?PLDIDATA
  -------         ENDMOD        ?C?PLDIDATA

  -------         MODULE        ?C?PILDIDATA
  C:0A70H         PUBLIC        ?C?PILDIDATA
  -------         ENDMOD        ?C?PILDIDATA

  -------         MODULE        ?C?PSTIDATA
BL51 BANKED LINKER/LOCATER V6.22                                                      06/26/2021  00:39:09  PAGE 76


  C:0A80H         PUBLIC        ?C?PSTIDATA
  -------         ENDMOD        ?C?PSTIDATA

  -------         MODULE        ?C?PLDXDATA
  C:0A89H         PUBLIC        ?C?PLDXDATA
  -------         ENDMOD        ?C?PLDXDATA

  -------         MODULE        ?C?PILDXDATA
  C:0A92H         PUBLIC        ?C?PILDXDATA
  -------         ENDMOD        ?C?PILDXDATA

  -------         MODULE        ?C?PSTXDATA
  C:0AA9H         PUBLIC        ?C?PSTXDATA
  -------         ENDMOD        ?C?PSTXDATA

  -------         MODULE        ?C?PLDPDATA
  C:0AB2H         PUBLIC        ?C?PLDPDATA
  -------         ENDMOD        ?C?PLDPDATA

  -------         MODULE        ?C?PILDPDATA
  C:0ABBH         PUBLIC        ?C?PILDPDATA
  -------         ENDMOD        ?C?PILDPDATA

  -------         MODULE        ?C?PSTPDATA
  C:0ACBH         PUBLIC        ?C?PSTPDATA
  -------         ENDMOD        ?C?PSTPDATA

  -------         MODULE        ?C?PLDCODE
  C:0AD4H         PUBLIC        ?C?PLDCODE
  -------         ENDMOD        ?C?PLDCODE

  -------         MODULE        ?C_XBP
  D:0008H         PUBLIC        ?C_XBP
  -------         ENDMOD        ?C_XBP

*** WARNING L13: RECURSIVE CALL TO SEGMENT
    SEGMENT: ?PR?_EXIT_PROCESS?PROCESS
    CALLER:  ?PR?_CALL_PROCESS?PROCESS

*** WARNING L16: UNCALLED SEGMENT, IGNORED FOR OVERLAY PROCESS
    SEGMENT: ?PR?_SPIN_SET_F0?SPIN_USERSTART

*** WARNING L16: UNCALLED SEGMENT, IGNORED FOR OVERLAY PROCESS
    SEGMENT: ?PR?SPIN_GET_CY?SPIN_USERSTART

*** WARNING L16: UNCALLED SEGMENT, IGNORED FOR OVERLAY PROCESS
    SEGMENT: ?PR?SPIN_GET_F0?SPIN_USERSTART

*** WARNING L16: UNCALLED SEGMENT, IGNORED FOR OVERLAY PROCESS
    SEGMENT: ?PR?SPIN_GET_RS1?SPIN_USERSTART

*** WARNING L16: UNCALLED SEGMENT, IGNORED FOR OVERLAY PROCESS
    SEGMENT: ?PR?SPIN_GET_RS0?SPIN_USERSTART

*** WARNING L16: UNCALLED SEGMENT, IGNORED FOR OVERLAY PROCESS
    SEGMENT: ?PR?SPIN_GET_OV?SPIN_USERSTART

BL51 BANKED LINKER/LOCATER V6.22                                                      06/26/2021  00:39:09  PAGE 77


*** WARNING L16: UNCALLED SEGMENT, IGNORED FOR OVERLAY PROCESS
    SEGMENT: ?PR?_SPIN_SET_SP?SPIN_USERSTART

*** WARNING L16: UNCALLED SEGMENT, IGNORED FOR OVERLAY PROCESS
    SEGMENT: ?PR?SPIN_GET_SP?SPIN_USERSTART

*** WARNING L16: UNCALLED SEGMENT, IGNORED FOR OVERLAY PROCESS
    SEGMENT: ?PR?SPIN_EXINT0_STOP?SPIN_EXINTERUPT

*** WARNING L16: UNCALLED SEGMENT, IGNORED FOR OVERLAY PROCESS
    SEGMENT: ?PR?SPIN_EXINT1_STOP?SPIN_EXINTERUPT

*** WARNING L16: UNCALLED SEGMENT, IGNORED FOR OVERLAY PROCESS
    SEGMENT: ?PR?_SPIN_SET_GPIO_VALUE?SPIN_GPIO

*** WARNING L16: UNCALLED SEGMENT, IGNORED FOR OVERLAY PROCESS
    SEGMENT: ?PR?_SPIN_GET_GPIO_BIT_VALUE?SPIN_GPIO

*** WARNING L16: UNCALLED SEGMENT, IGNORED FOR OVERLAY PROCESS
    SEGMENT: ?PR?SPIN_INTERUPT_DISABLE?SPIN_INTERUPT

*** WARNING L16: UNCALLED SEGMENT, IGNORED FOR OVERLAY PROCESS
    SEGMENT: ?PR?POWER_DOWN?SPIN_PWRMGR

*** WARNING L16: UNCALLED SEGMENT, IGNORED FOR OVERLAY PROCESS
    SEGMENT: ?PR?_SPIN_COUNTER_TIME?SPIN_TIMER

*** WARNING L16: UNCALLED SEGMENT, IGNORED FOR OVERLAY PROCESS
    SEGMENT: ?PR?DELAY2US?SPIN_TIMER

*** WARNING L16: UNCALLED SEGMENT, IGNORED FOR OVERLAY PROCESS
    SEGMENT: ?PR?DELAY3US?SPIN_TIMER

*** WARNING L16: UNCALLED SEGMENT, IGNORED FOR OVERLAY PROCESS
    SEGMENT: ?PR?DELAY1S?SPIN_TIMER

*** WARNING L16: UNCALLED SEGMENT, IGNORED FOR OVERLAY PROCESS
    SEGMENT: ?PR?SPIN_WATCHDOG_DISABLE?SPIN_WATCHDOG

*** WARNING L16: UNCALLED SEGMENT, IGNORED FOR OVERLAY PROCESS
    SEGMENT: ?PR?SPIN_WATCHDOG_IDLEWORK?SPIN_WATCHDOG

*** WARNING L16: UNCALLED SEGMENT, IGNORED FOR OVERLAY PROCESS
    SEGMENT: ?PR?_XPUTS?XPRINTF

*** WARNING L16: UNCALLED SEGMENT, IGNORED FOR OVERLAY PROCESS
    SEGMENT: ?PR?XGETC?XPRINTF

*** WARNING L16: UNCALLED SEGMENT, IGNORED FOR OVERLAY PROCESS
    SEGMENT: ?PR?_XGETS?XPRINTF

*** WARNING L16: UNCALLED SEGMENT, IGNORED FOR OVERLAY PROCESS
    SEGMENT: ?PR?_XATOI?XPRINTF

*** WARNING L16: UNCALLED SEGMENT, IGNORED FOR OVERLAY PROCESS
    SEGMENT: ?PR?_CLOCK_DELAY_USEC?CLOCK

BL51 BANKED LINKER/LOCATER V6.22                                                      06/26/2021  00:39:09  PAGE 78


*** WARNING L16: UNCALLED SEGMENT, IGNORED FOR OVERLAY PROCESS
    SEGMENT: ?PR?_CLOCK_WAIT?CLOCK

*** WARNING L16: UNCALLED SEGMENT, IGNORED FOR OVERLAY PROCESS
    SEGMENT: ?PR?_ETIMER_RESET_WITH_NEW_INTERVAL?ETIMER

*** WARNING L16: UNCALLED SEGMENT, IGNORED FOR OVERLAY PROCESS
    SEGMENT: ?PR?_ETIMER_ADJUST?ETIMER

*** WARNING L16: UNCALLED SEGMENT, IGNORED FOR OVERLAY PROCESS
    SEGMENT: ?PR?_ETIMER_EXPIRATION_TIME?ETIMER

*** WARNING L16: UNCALLED SEGMENT, IGNORED FOR OVERLAY PROCESS
    SEGMENT: ?PR?_ETIMER_START_TIME?ETIMER

*** WARNING L16: UNCALLED SEGMENT, IGNORED FOR OVERLAY PROCESS
    SEGMENT: ?PR?_PROCESS_EXIT?PROCESS

*** WARNING L16: UNCALLED SEGMENT, IGNORED FOR OVERLAY PROCESS
    SEGMENT: ?PR?PROCESS_NEVENTS?PROCESS

*** WARNING L16: UNCALLED SEGMENT, IGNORED FOR OVERLAY PROCESS
    SEGMENT: ?PR?_TIMER_REMAINING?TIMER

*** WARNING L16: UNCALLED SEGMENT, IGNORED FOR OVERLAY PROCESS
    SEGMENT: ?PR?_STIMER_SET?STIMER

*** WARNING L16: UNCALLED SEGMENT, IGNORED FOR OVERLAY PROCESS
    SEGMENT: ?PR?_STIMER_RESET?STIMER

*** WARNING L16: UNCALLED SEGMENT, IGNORED FOR OVERLAY PROCESS
    SEGMENT: ?PR?_STIMER_RESTART?STIMER

*** WARNING L16: UNCALLED SEGMENT, IGNORED FOR OVERLAY PROCESS
    SEGMENT: ?PR?_STIMER_EXPIRED?STIMER

*** WARNING L16: UNCALLED SEGMENT, IGNORED FOR OVERLAY PROCESS
    SEGMENT: ?PR?_STIMER_REMAINING?STIMER

*** WARNING L16: UNCALLED SEGMENT, IGNORED FOR OVERLAY PROCESS
    SEGMENT: ?PR?_STIMER_ELAPSED?STIMER

*** WARNING L16: UNCALLED SEGMENT, IGNORED FOR OVERLAY PROCESS
    SEGMENT: ?PR?_CTIMER_SET?CTIMER

*** WARNING L16: UNCALLED SEGMENT, IGNORED FOR OVERLAY PROCESS
    SEGMENT: ?PR?_CTIMER_RESET?CTIMER

*** WARNING L16: UNCALLED SEGMENT, IGNORED FOR OVERLAY PROCESS
    SEGMENT: ?PR?_CTIMER_RESTART?CTIMER

*** WARNING L16: UNCALLED SEGMENT, IGNORED FOR OVERLAY PROCESS
    SEGMENT: ?PR?_CTIMER_STOP?CTIMER

*** WARNING L16: UNCALLED SEGMENT, IGNORED FOR OVERLAY PROCESS
    SEGMENT: ?PR?_CTIMER_EXPIRED?CTIMER

BL51 BANKED LINKER/LOCATER V6.22                                                      06/26/2021  00:39:09  PAGE 79


*** WARNING L16: UNCALLED SEGMENT, IGNORED FOR OVERLAY PROCESS
    SEGMENT: ?PR?_RTIMER_SET?RTIMER

*** WARNING L16: UNCALLED SEGMENT, IGNORED FOR OVERLAY PROCESS
    SEGMENT: ?PR?_LIST_COPY?LIST

*** WARNING L16: UNCALLED SEGMENT, IGNORED FOR OVERLAY PROCESS
    SEGMENT: ?PR?_LIST_CHOP?LIST

*** WARNING L16: UNCALLED SEGMENT, IGNORED FOR OVERLAY PROCESS
    SEGMENT: ?PR?_LIST_POP?LIST

*** WARNING L16: UNCALLED SEGMENT, IGNORED FOR OVERLAY PROCESS
    SEGMENT: ?PR?_LIST_LENGTH?LIST

*** WARNING L16: UNCALLED SEGMENT, IGNORED FOR OVERLAY PROCESS
    SEGMENT: ?PR?_LIST_INSERT?LIST

*** WARNING L16: UNCALLED SEGMENT, IGNORED FOR OVERLAY PROCESS
    SEGMENT: ?PR?_LIST_ITEM_NEXT?LIST

*** WARNING L16: UNCALLED SEGMENT, IGNORED FOR OVERLAY PROCESS
    SEGMENT: ?PR?DS1302_HW_INIT?SPIN_DS1302

*** WARNING L15: MULTIPLE CALL TO SEGMENT
    SEGMENT: ?PR?_SPIN_TIMER_START?SPIN_TIMER
    CALLER1: ?PR?RTIMER_ISR?RTIMER_ARCH
    CALLER2: ?C_C51STARTUP

*** WARNING L15: MULTIPLE CALL TO SEGMENT
    SEGMENT: ?PR?_PROCESS_POLL?PROCESS
    CALLER1: ?PR?INTERSVR1?CLOCK
    CALLER2: ?C_C51STARTUP

Program Size: data=31.0 xdata=798 code=15351
LINK/LOCATE RUN COMPLETE.  55 WARNING(S),  0 ERROR(S)
