BL51 BANKED LINKER/LOCATER V6.22                                                        01/22/2020  00:17:30  PAGE 1


BL51 BANKED LINKER/LOCATER V6.22, INVOKED BY:
C:\KEIL\C51\BIN\BL51.EXE spin_userstart.obj, spin_exinterupt.obj, spin_gpio.obj, spin_interupt.obj, spin_pwrmgr.obj, spi
>> n_timer.obj, spin_uart.obj, spin_watchdog.obj, xprintf.obj, i2c.obj, STARTUP.obj, clock.obj, rtimer-arch.obj, etimer.
>> obj, process.obj, timer.obj, stimer.obj, ctimer.obj, rtimer.obj, list.obj, contiki-main.obj, spin_1602.obj, spin_at24
>> c02.obj, spin_pwm.obj TO stc89c52 RAMSIZE (256) CODE (0X0000-0XF45F) XDATA (0X0000-0X0FFF)




PROGRAM RECURSIONS REMOVED FROM CALL TREE
=========================================
+--> ?PR?_CALL_PROCESS?PROCESS
<--+ ?PR?_EXIT_PROCESS?PROCESS



MEMORY MODEL: LARGE


INPUT MODULES INCLUDED:
  spin_userstart.obj (SPIN_USERSTART)
  spin_exinterupt.obj (SPIN_EXINTERUPT)
  spin_gpio.obj (SPIN_GPIO)
  spin_interupt.obj (SPIN_INTERUPT)
  spin_pwrmgr.obj (SPIN_PWRMGR)
  spin_timer.obj (SPIN_TIMER)
  spin_uart.obj (SPIN_UART)
  spin_watchdog.obj (SPIN_WATCHDOG)
  xprintf.obj (XPRINTF)
  i2c.obj (I2C)
  STARTUP.obj (?C_STARTUP)
  clock.obj (CLOCK)
  rtimer-arch.obj (RTIMER_ARCH)
  etimer.obj (ETIMER)
  process.obj (PROCESS)
  timer.obj (TIMER)
  stimer.obj (STIMER)
  ctimer.obj (CTIMER)
  rtimer.obj (RTIMER)
  list.obj (LIST)
  contiki-main.obj (CONTIKI_MAIN)
  spin_1602.obj (SPIN_1602)
  spin_at24c02.obj (SPIN_AT24C02)
  spin_pwm.obj (SPIN_PWM)
  C:\KEIL\C51\LIB\C51L.LIB (?C_INIT)
  C:\KEIL\C51\LIB\C51L.LIB (?C?SCDIV)
  C:\KEIL\C51\LIB\C51L.LIB (?C?CLDPTR)
  C:\KEIL\C51\LIB\C51L.LIB (?C?CLDOPTR)
  C:\KEIL\C51\LIB\C51L.LIB (?C?CSTPTR)
  C:\KEIL\C51\LIB\C51L.LIB (?C?CSTOPTR)
  C:\KEIL\C51\LIB\C51L.LIB (?C?IMUL)
  C:\KEIL\C51\LIB\C51L.LIB (?C?UIDIV)
  C:\KEIL\C51\LIB\C51L.LIB (?C?IILDX)
  C:\KEIL\C51\LIB\C51L.LIB (?C?ILDIX)
  C:\KEIL\C51\LIB\C51L.LIB (?C?ILDPTR)
  C:\KEIL\C51\LIB\C51L.LIB (?C?IILDOPTR)
  C:\KEIL\C51\LIB\C51L.LIB (?C?ISTPTR)
  C:\KEIL\C51\LIB\C51L.LIB (?C?ISTOPTR)
BL51 BANKED LINKER/LOCATER V6.22                                                      01/22/2020  00:17:30  PAGE 2


  C:\KEIL\C51\LIB\C51L.LIB (?C?LMUL)
  C:\KEIL\C51\LIB\C51L.LIB (?C?LNEG)
  C:\KEIL\C51\LIB\C51L.LIB (?C?ULCMP)
  C:\KEIL\C51\LIB\C51L.LIB (?C?LLDPTR)
  C:\KEIL\C51\LIB\C51L.LIB (?C?LLDOPTR)
  C:\KEIL\C51\LIB\C51L.LIB (?C?LSTPTR)
  C:\KEIL\C51\LIB\C51L.LIB (?C?LSTOPTR)
  C:\KEIL\C51\LIB\C51L.LIB (?C?LLDPTR0)
  C:\KEIL\C51\LIB\C51L.LIB (?C?LLDOPTR0)
  C:\KEIL\C51\LIB\C51L.LIB (?C?LSTXDATA)
  C:\KEIL\C51\LIB\C51L.LIB (?C?LSTKXDATA)
  C:\KEIL\C51\LIB\C51L.LIB (?C?LSTKPTR)
  C:\KEIL\C51\LIB\C51L.LIB (?C?PLDPTR)
  C:\KEIL\C51\LIB\C51L.LIB (?C?PILDPTR)
  C:\KEIL\C51\LIB\C51L.LIB (?C?PSTPTR)
  C:\KEIL\C51\LIB\C51L.LIB (?C?PLDOPTR)
  C:\KEIL\C51\LIB\C51L.LIB (?C?PSTOPTR)
  C:\KEIL\C51\LIB\C51L.LIB (?C?ICALL)
  C:\KEIL\C51\LIB\C51L.LIB (?C?ADDXBP)
  C:\KEIL\C51\LIB\C51L.LIB (?C?LLDIDATA)
  C:\KEIL\C51\LIB\C51L.LIB (?C?LLDXDATA)
  C:\KEIL\C51\LIB\C51L.LIB (?C?LLDPDATA)
  C:\KEIL\C51\LIB\C51L.LIB (?C?LLDCODE)
  C:\KEIL\C51\LIB\C51L.LIB (?C?LLDIDATA0)
  C:\KEIL\C51\LIB\C51L.LIB (?C?LLDXDATA0)
  C:\KEIL\C51\LIB\C51L.LIB (?C?LLDPDATA0)
  C:\KEIL\C51\LIB\C51L.LIB (?C?LLDCODE0)
  C:\KEIL\C51\LIB\C51L.LIB (?C?LSTIDATA)
  C:\KEIL\C51\LIB\C51L.LIB (?C?LSTPDATA)
  C:\KEIL\C51\LIB\C51L.LIB (?C?LSTKIDATA)
  C:\KEIL\C51\LIB\C51L.LIB (?C?LSTKPDATA)
  C:\KEIL\C51\LIB\C51L.LIB (?C?PLDIDATA)
  C:\KEIL\C51\LIB\C51L.LIB (?C?PILDIDATA)
  C:\KEIL\C51\LIB\C51L.LIB (?C?PSTIDATA)
  C:\KEIL\C51\LIB\C51L.LIB (?C?PLDXDATA)
  C:\KEIL\C51\LIB\C51L.LIB (?C?PILDXDATA)
  C:\KEIL\C51\LIB\C51L.LIB (?C?PSTXDATA)
  C:\KEIL\C51\LIB\C51L.LIB (?C?PLDPDATA)
  C:\KEIL\C51\LIB\C51L.LIB (?C?PILDPDATA)
  C:\KEIL\C51\LIB\C51L.LIB (?C?PSTPDATA)
  C:\KEIL\C51\LIB\C51L.LIB (?C?PLDCODE)
  C:\KEIL\C51\LIB\C51L.LIB (?C_XBP)


LINK MAP OF MODULE:  stc89c52 (SPIN_USERSTART)


            TYPE    BASE      LENGTH    RELOCATION   SEGMENT NAME
            -----------------------------------------------------

            * * * * * * *   D A T A   M E M O R Y   * * * * * * *
            REG     0000H     0008H     ABSOLUTE     "REG BANK 0"
            DATA    0008H     0002H     UNIT         ?C?LIB_DATA
            IDATA   000AH     0010H     UNIT         ?ID?SPIN_UART
            IDATA   001AH     0003H     UNIT         _IDATA_GROUP_
                    001DH     0003H                  *** GAP ***
            BIT     0020H.0   0001H.0   UNIT         ?BI?SPIN_INTERUPT
BL51 BANKED LINKER/LOCATER V6.22                                                      01/22/2020  00:17:30  PAGE 3


            IDATA   0021H     0001H     UNIT         ?STACK

            * * * * * * *  X D A T A   M E M O R Y  * * * * * * *
            XDATA   0000H     00EDH     UNIT         ?XD?PROCESS
            XDATA   00EDH     0031H     UNIT         ?XD?CONTIKI_MAIN
            XDATA   011EH     002DH     UNIT         _XDATA_GROUP_
            XDATA   014BH     002AH     UNIT         ?XD?SPIN_1602
            XDATA   0175H     002AH     UNIT         ?XD?SPIN_AT24C02
            XDATA   019FH     001BH     UNIT         ?XD?SPIN_PWM
            XDATA   01BAH     0013H     UNIT         ?XD?_CTIMER_SET_WITH_PROCESS?CTIMER
            XDATA   01CDH     0011H     UNIT         ?XD?ETIMER
            XDATA   01DEH     0011H     UNIT         ?XD?CTIMER
            XDATA   01EFH     0010H     UNIT         ?XD?SPIN_INTERUPT
            XDATA   01FFH     000DH     UNIT         ?XD?_XATOI?XPRINTF
            XDATA   020CH     000DH     UNIT         ?XD?_CTIMER_SET?CTIMER
            XDATA   0219H     000DH     UNIT         ?XD?_RTIMER_SET?RTIMER
            XDATA   0226H     000CH     UNIT         ?XD?CLOCK
            XDATA   0232H     0009H     UNIT         ?XD?_XGETS?XPRINTF
            XDATA   023BH     0009H     UNIT         ?XD?_LIST_ADD?LIST
            XDATA   0244H     0009H     UNIT         ?XD?_LIST_CHOP?LIST
            XDATA   024DH     0009H     UNIT         ?XD?_LIST_INSERT?LIST
            XDATA   0256H     0008H     UNIT         ?XD?_CLOCK_WAIT?CLOCK
            XDATA   025EH     0007H     UNIT         ?XD?XPRINTF
            XDATA   0265H     0007H     UNIT         ?XD?_ETIMER_RESET_WITH_NEW_INTERVAL?ETIMER
            XDATA   026CH     0006H     UNIT         ?XD?_ETIMER_STOP?ETIMER
            XDATA   0272H     0006H     UNIT         ?XD?_CTIMER_RESET?CTIMER
            XDATA   0278H     0006H     UNIT         ?XD?_CTIMER_RESTART?CTIMER
            XDATA   027EH     0006H     UNIT         ?XD?_CTIMER_EXPIRED?CTIMER
            XDATA   0284H     0006H     UNIT         ?XD?_LIST_COPY?LIST
            XDATA   028AH     0006H     UNIT         ?XD?_LIST_TAIL?LIST
            XDATA   0290H     0006H     UNIT         ?XD?_LIST_PUSH?LIST
            XDATA   0296H     0006H     UNIT         ?XD?_LIST_POP?LIST
            XDATA   029CH     0003H     UNIT         ?XD?_XPUTS?XPRINTF
            XDATA   029FH     0003H     UNIT         ?XD?_ETIMER_RESET?ETIMER
            XDATA   02A2H     0003H     UNIT         ?XD?_TIMER_RESET?TIMER
            XDATA   02A5H     0003H     UNIT         ?XD?_TIMER_REMAINING?TIMER
            XDATA   02A8H     0003H     UNIT         ?XD?_STIMER_SET?STIMER
            XDATA   02ABH     0003H     UNIT         ?XD?_STIMER_RESET?STIMER
            XDATA   02AEH     0003H     UNIT         ?XD?_STIMER_RESTART?STIMER
            XDATA   02B1H     0003H     UNIT         ?XD?_STIMER_EXPIRED?STIMER
            XDATA   02B4H     0003H     UNIT         ?XD?_STIMER_REMAINING?STIMER
            XDATA   02B7H     0003H     UNIT         ?XD?_STIMER_ELAPSED?STIMER
            XDATA   02BAH     0003H     UNIT         ?XD?_CTIMER_STOP?CTIMER
            XDATA   02BDH     0003H     UNIT         ?XD?RTIMER
            XDATA   02C0H     0003H     UNIT         ?XD?_LIST_ITEM_NEXT?LIST
            XDATA   02C3H     0001H     UNIT         ?XD?_XPUTC?XPRINTF
            XDATA   02C4H     0001H     UNIT         ?XD?I2C

            * * * * * * *   C O D E   M E M O R Y   * * * * * * *
            CODE    0000H     0003H     ABSOLUTE     
            CODE    0003H     0008H     UNIT         ?PR?_PRIMARY_VALUE?SPIN_TIMER
            CODE    000BH     0003H     ABSOLUTE     
            CODE    000EH     0005H     UNIT         ?PR?SPIN_EXINT0_STOP?SPIN_EXINTERUPT
            CODE    0013H     0003H     ABSOLUTE     
            CODE    0016H     0005H     UNIT         ?PR?SPIN_EXINT1_STOP?SPIN_EXINTERUPT
            CODE    001BH     0003H     ABSOLUTE     
            CODE    001EH     0005H     UNIT         ?PR?RTIMER_ARCH_INIT?RTIMER_ARCH
BL51 BANKED LINKER/LOCATER V6.22                                                      01/22/2020  00:17:30  PAGE 4


            CODE    0023H     0003H     ABSOLUTE     
            CODE    0026H     0004H     UNIT         ?PR?SPIN_GET_CY?SPIN_USERSTART
            CODE    002AH     0001H     UNIT         ?PR?DELAY2US?SPIN_TIMER
            CODE    002BH     0003H     ABSOLUTE     
            CODE    002EH     0004H     UNIT         ?PR?IDLE_MODE?SPIN_PWRMGR
                    0032H     0001H                  *** GAP ***
            CODE    0033H     0003H     ABSOLUTE     
            CODE    0036H     0004H     UNIT         ?PR?POWER_DOWN?SPIN_PWRMGR
                    003AH     0001H                  *** GAP ***
            CODE    003BH     0003H     ABSOLUTE     
            CODE    003EH     0607H     UNIT         ?C?LIB_CODE
            CODE    0645H     0205H     UNIT         ?PR?_PROCESS_THREAD_ETIMER_PROCESS?ETIMER
            CODE    084AH     01E8H     UNIT         ?PR?_EXIT_PROCESS?PROCESS
            CODE    0A32H     0164H     UNIT         ?PR?_PROCESS_THREAD_CTIMER_PROCESS?CTIMER
            CODE    0B96H     015EH     UNIT         ?PR?_XATOI?XPRINTF
            CODE    0CF4H     0135H     UNIT         ?PR?_PROCESS_THREAD_AT24C02?SPIN_AT24C02
            CODE    0E29H     00FFH     UNIT         ?PR?INTERSVR1?CLOCK
            CODE    0F28H     00ECH     UNIT         ?PR?_XGETS?XPRINTF
            CODE    1014H     00DEH     UNIT         ?C_INITSEG
            CODE    10F2H     00CBH     UNIT         ?PR?_ETIMER_STOP?ETIMER
            CODE    11BDH     00C8H     UNIT         ?PR?_PROCESS_START?PROCESS
            CODE    1285H     00C1H     UNIT         ?PR?_CALL_PROCESS?PROCESS
            CODE    1346H     00B7H     UNIT         ?PR?_LIST_REMOVE?LIST
            CODE    13FDH     00B5H     UNIT         ?PR?_ADD_TIMER?ETIMER
            CODE    14B2H     00AEH     UNIT         ?PR?DO_EVENT?PROCESS
            CODE    1560H     00A0H     UNIT         ?PR?_PROCESS_THREAD_PWM_LED?SPIN_PWM
            CODE    1600H     009FH     UNIT         ?PR?_PROCESS_THREAD_LED?CONTIKI_MAIN
            CODE    169FH     009AH     UNIT         ?C_C51STARTUP
            CODE    1739H     0096H     UNIT         ?PR?_CTIMER_SET_WITH_PROCESS?CTIMER
            CODE    17CFH     0093H     UNIT         ?PR?PROCESS
            CODE    1862H     0089H     UNIT         ?PR?_I2C_GETS?I2C
            CODE    18EBH     0089H     UNIT         ?PR?_LIST_CHOP?LIST
            CODE    1974H     0087H     UNIT         ?PR?UPDATE_TIME?ETIMER
            CODE    19FBH     0085H     UNIT         ?PR?_SPIN_WATCHDOG_OVERTIME?SPIN_WATCHDOG
            CODE    1A80H     0085H     UNIT         ?PR?ETIMER
            CODE    1B05H     007BH     UNIT         ?PR?_I2C_PUTS?I2C
            CODE    1B80H     0077H     UNIT         ?PR?_PROCESS_THREAD_DOG?CONTIKI_MAIN
            CODE    1BF7H     0076H     UNIT         ?PR?_RTIMER_SET?RTIMER
            CODE    1C6DH     006EH     UNIT         ?PR?MAIN?CONTIKI_MAIN
            CODE    1CDBH     0066H     UNIT         ?PR?_CTIMER_EXPIRED?CTIMER
            CODE    1D41H     0065H     UNIT         ?PR?CTIMER
            CODE    1DA6H     0064H     UNIT         ?PR?_PROCESS_THREAD_LCD?SPIN_1602
            CODE    1E0AH     0063H     UNIT         ?PR?RTIMER_RUN_NEXT?RTIMER
            CODE    1E6DH     0063H     UNIT         ?PR?_LIST_ADD?LIST
            CODE    1ED0H     005BH     UNIT         ?PR?INTERSVR4?SPIN_UART
            CODE    1F2BH     0057H     UNIT         ?PR?_CTIMER_STOP?CTIMER
            CODE    1F82H     0053H     UNIT         ?PR?DO_POLL?PROCESS
            CODE    1FD5H     004EH     UNIT         ?PR?_SPIN_TIMER_SET?SPIN_TIMER
            CODE    2023H     004EH     UNIT         ?PR?RTIMER_ISR?RTIMER_ARCH
            CODE    2071H     004DH     UNIT         ?PR?_LIST_INSERT?LIST
            CODE    20BEH     004BH     UNIT         ?PR?_TIMER_EXPIRED?TIMER
            CODE    2109H     0048H     UNIT         ?PR?_SPIN_SET_GPIO_BIT_VALUE?SPIN_GPIO
            CODE    2151H     0047H     UNIT         ?PR?_PROCESS_POST?PROCESS
            CODE    2198H     0046H     UNIT         ?PR?_XPUTC?XPRINTF
            CODE    21DEH     0045H     UNIT         ?PR?_STIMER_EXPIRED?STIMER
            CODE    2223H     0043H     UNIT         ?PR?_SPIN_COUNTER_SET?SPIN_TIMER
            CODE    2266H     003EH     UNIT         ?PR?_SPIN_GET_GPIO_BIT_VALUE?SPIN_GPIO
BL51 BANKED LINKER/LOCATER V6.22                                                      01/22/2020  00:17:30  PAGE 5


            CODE    22A4H     003EH     UNIT         ?PR?_LIST_PUSH?LIST
            CODE    22E2H     003CH     UNIT         ?PR?XPRINTF
            CODE    231EH     0039H     UNIT         ?PR?HARDWARE_INIT?CONTIKI_MAIN
            CODE    2357H     0038H     UNIT         ?PR?_TIMER_REMAINING?TIMER
            CODE    238FH     0038H     UNIT         ?PR?_LIST_TAIL?LIST
            CODE    23C7H     0036H     UNIT         ?PR?_TIMER_RESET?TIMER
            CODE    23FDH     0036H     UNIT         ?PR?_STIMER_RESET?STIMER
            CODE    2433H     0035H     UNIT         ?PR?_LIST_POP?LIST
            CODE    2468H     0034H     UNIT         ?PR?_SPIN_INTERUPT_OPEN?SPIN_INTERUPT
            CODE    249CH     0034H     UNIT         ?PR?I2C
            CODE    24D0H     0033H     UNIT         ?PR?_PROCESS_POLL?PROCESS
            CODE    2503H     0033H     UNIT         ?PR?_CTIMER_SET?CTIMER
            CODE    2536H     0033H     UNIT         ?PR?SPIN_AT24C02
            CODE    2569H     0032H     UNIT         ?PR?_CLOCK_WAIT?CLOCK
            CODE    259BH     0032H     UNIT         ?PR?_CTIMER_RESET?CTIMER
            CODE    25CDH     0032H     UNIT         ?PR?_CTIMER_RESTART?CTIMER
            CODE    25FFH     0032H     UNIT         ?PR?LIST
            CODE    2631H     0030H     UNIT         ?PR?_PROCESS_POST_SYNCH?PROCESS
            CODE    2661H     0030H     UNIT         ?PR?_STIMER_REMAINING?STIMER
            CODE    2691H     002FH     UNIT         ?PR?_PUT_LINE1?SPIN_1602
            CODE    26C0H     002FH     UNIT         ?PR?_PUT_LINE2?SPIN_1602
            CODE    26EFH     002EH     UNIT         ?PR?CONTIKI_MAIN
            CODE    271DH     002CH     UNIT         ?PR?STIMER
            CODE    2749H     002BH     UNIT         ?PR?_I2C_WRITE?I2C
            CODE    2774H     002AH     UNIT         ?PR?I2C_STOP?I2C
            CODE    279EH     0029H     UNIT         ?PR?CLOCK
            CODE    27C7H     0029H     UNIT         ?PR?_ETIMER_RESET_WITH_NEW_INTERVAL?ETIMER
            CODE    27F0H     0027H     UNIT         ?PR?INTERSVR2?SPIN_INTERUPT
            CODE    2817H     0027H     UNIT         ?PR?INTERSVR5?SPIN_INTERUPT
            CODE    283EH     0027H     UNIT         ?PR?INTERSVR6?SPIN_INTERUPT
            CODE    2865H     0027H     UNIT         ?PR?INTERSVR7?SPIN_INTERUPT
            CODE    288CH     0027H     UNIT         ?PR?I2C_START?I2C
            CODE    28B3H     0024H     UNIT         ?PR?_XPUTS?XPRINTF
            CODE    28D7H     0024H     UNIT         ?PR?PROCESS_INIT?PROCESS
            CODE    28FBH     0024H     UNIT         ?PR?SPIN_1602
            CODE    291FH     0023H     UNIT         ?PR?_SPIN_TIMER_START?SPIN_TIMER
            CODE    2942H     0023H     UNIT         ?PR?_U_PUTC?SPIN_UART
            CODE    2965H     0023H     UNIT         ?PR?I2C_READ?I2C
            CODE    2988H     0023H     UNIT         ?PR?TIMER
            CODE    29ABH     0022H     UNIT         ?PR?I2C_GETACK?I2C
            CODE    29CDH     0022H     UNIT         ?PR?_ETIMER_ADJUST?ETIMER
            CODE    29EFH     0022H     UNIT         ?PR?_AT24C02READ?SPIN_AT24C02
            CODE    2A11H     0021H     UNIT         ?PR?_SPIN_GET_GPIO_VALUE?SPIN_GPIO
            CODE    2A32H     0020H     UNIT         ?PR?_SPIN_COUNTER_TIME?SPIN_TIMER
            CODE    2A52H     0020H     UNIT         ?PR?_I2C_PUTACK?I2C
            CODE    2A72H     001FH     UNIT         ?PR?SPIN_UART_INIT?SPIN_UART
            CODE    2A91H     001EH     UNIT         ?PR?CTIMER_INIT?CTIMER
            CODE    2AAFH     001DH     UNIT         ?PR?_SPIN_INTERUPT_CLOSE?SPIN_INTERUPT
            CODE    2ACCH     001DH     UNIT         ?PR?U_GETC?SPIN_UART
            CODE    2AE9H     001DH     UNIT         ?PR?_LIST_COPY?LIST
            CODE    2B06H     001DH     UNIT         ?PR?_LIST_ITEM_NEXT?LIST
            CODE    2B23H     001CH     UNIT         ?PR?_SPIN_SET_GPIO_VALUE?SPIN_GPIO
            CODE    2B3FH     001CH     UNIT         ?PR?_AT24C02WRITE?SPIN_AT24C02
            CODE    2B5BH     001BH     UNIT         ?PR?PWM_START?SPIN_PWM
            CODE    2B76H     0019H     UNIT         ?PR?_ETIMER_SET?ETIMER
            CODE    2B8FH     0019H     UNIT         ?PR?_ETIMER_RESET?ETIMER
            CODE    2BA8H     0019H     UNIT         ?PR?_ETIMER_RESTART?ETIMER
BL51 BANKED LINKER/LOCATER V6.22                                                      01/22/2020  00:17:30  PAGE 6


            CODE    2BC1H     0019H     UNIT         ?PR?_LIST_INIT?LIST
            CODE    2BDAH     0018H     UNIT         ?PR?_TIMER_SET?TIMER
            CODE    2BF2H     0018H     UNIT         ?PR?_STIMER_SET?STIMER
            CODE    2C0AH     0018H     UNIT         ?PR?SPIN_PWM
            CODE    2C22H     0017H     UNIT         ?PR?_PROCESS_EXIT?PROCESS
            CODE    2C39H     0016H     UNIT         ?PR?_STIMER_ELAPSED?STIMER
            CODE    2C4FH     0015H     UNIT         ?PR?XGETC?XPRINTF
            CODE    2C64H     0015H     UNIT         ?PR?ETIMER_NEXT_EXPIRATION_TIME?ETIMER
            CODE    2C79H     0015H     UNIT         ?PR?RTIMER
            CODE    2C8EH     0014H     UNIT         ?PR?_SPIN_SET_WORK_REGISTER_GROUP?SPIN_USERSTART
            CODE    2CA2H     0014H     UNIT         ?PR?_LIST_LENGTH?LIST
            CODE    2CB6H     0014H     UNIT         ?PR?INITLCD?SPIN_1602
            CODE    2CCAH     0013H     UNIT         ?PR?I2C_INIT?I2C
            CODE    2CDDH     0013H     UNIT         ?PR?_ETIMER_EXPIRED?ETIMER
            CODE    2CF0H     0012H     UNIT         ?PR?_SPIN_EXINT0_START?SPIN_EXINTERUPT
            CODE    2D02H     0012H     UNIT         ?PR?_SPIN_EXINT1_START?SPIN_EXINTERUPT
            CODE    2D14H     0012H     UNIT         ?PR?_TIMER_RESTART?TIMER
            CODE    2D26H     0012H     UNIT         ?PR?_STIMER_RESTART?STIMER
            CODE    2D38H     0011H     UNIT         ?PR?SPIN_INTERUPT_INIT?SPIN_INTERUPT
            CODE    2D49H     0011H     UNIT         ?PR?SPIN_SYSTICK?SPIN_TIMER
            CODE    2D5AH     0011H     UNIT         ?PR?ETIMER_PENDING?ETIMER
            CODE    2D6BH     0011H     UNIT         ?PR?CHECKBUSY?SPIN_1602
            CODE    2D7CH     0011H     UNIT         ?PR?_WCODE?SPIN_1602
            CODE    2D8DH     0011H     UNIT         ?PR?_WDATA?SPIN_1602
            CODE    2D9EH     0010H     UNIT         ?PR?_SPIN_SET_F0?SPIN_USERSTART
            CODE    2DAEH     0010H     UNIT         ?PR?_SPIN_SET_RS1?SPIN_USERSTART
            CODE    2DBEH     0010H     UNIT         ?PR?_SPIN_SET_RS0?SPIN_USERSTART
            CODE    2DCEH     0010H     UNIT         ?PR?PROCESS_RUN?PROCESS
            CODE    2DDEH     0010H     UNIT         ?CO?SPIN_AT24C02
            CODE    2DEEH     000FH     UNIT         ?PR?_SPIN_TIMER_STOP?SPIN_TIMER
            CODE    2DFDH     000FH     UNIT         ?PR?_UART_BOAUD?SPIN_TIMER
            CODE    2E0CH     000FH     UNIT         ?PR?_CLOCK_DELAY_USEC?CLOCK
            CODE    2E1BH     000EH     UNIT         ?PR?DELAY1S?SPIN_TIMER
            CODE    2E29H     000EH     UNIT         ?PR?_PROCESS_IS_RUNNING?PROCESS
            CODE    2E37H     000DH     UNIT         ?PR?_ETIMER_EXPIRATION_TIME?ETIMER
            CODE    2E44H     000CH     UNIT         ?PR?CLOCK_TIME?CLOCK
            CODE    2E50H     000BH     UNIT         ?PR?_SPIN_SYSTICK_SET?SPIN_TIMER
            CODE    2E5BH     000AH     UNIT         ?PR?_RTIMER_ARCH_SCHEDULE?RTIMER_ARCH
            CODE    2E65H     0009H     UNIT         ?PR?DELAY1MS?SPIN_TIMER
            CODE    2E6EH     0009H     UNIT         ?PR?SPIN_UART
            CODE    2E77H     0009H     UNIT         ?PR?CLOCK_SECONDS?CLOCK
            CODE    2E80H     0009H     UNIT         ?PR?ETIMER_REQUEST_POLL?ETIMER
            CODE    2E89H     0008H     UNIT         ?PR?PROCESS_ALLOC_EVENT?PROCESS
            CODE    2E91H     0006H     UNIT         ?PR?SPIN_GET_F0?SPIN_USERSTART
            CODE    2E97H     0006H     UNIT         ?PR?SPIN_GET_RS1?SPIN_USERSTART
            CODE    2E9DH     0006H     UNIT         ?PR?SPIN_GET_RS0?SPIN_USERSTART
            CODE    2EA3H     0006H     UNIT         ?PR?SPIN_GET_OV?SPIN_USERSTART
            CODE    2EA9H     0004H     UNIT         ?PR?SPIN_WATCHDOG_ENABLE?SPIN_WATCHDOG
            CODE    2EADH     0004H     UNIT         ?PR?SPIN_WATCHDOG_DISABLE?SPIN_WATCHDOG
            CODE    2EB1H     0004H     UNIT         ?PR?SPIN_WATCHDOG_IDLEWORK?SPIN_WATCHDOG
            CODE    2EB5H     0004H     UNIT         ?PR?SPIN_WATCHDOG_CLEAR?SPIN_WATCHDOG
            CODE    2EB9H     0004H     UNIT         ?PR?_ETIMER_START_TIME?ETIMER
            CODE    2EBDH     0004H     UNIT         ?PR?PROCESS_NEVENTS?PROCESS
            CODE    2EC1H     0004H     UNIT         ?PR?_LIST_HEAD?LIST
            CODE    2EC5H     0003H     UNIT         ?PR?_SPIN_SET_SP?SPIN_USERSTART
            CODE    2EC8H     0003H     UNIT         ?PR?SPIN_GET_SP?SPIN_USERSTART
            CODE    2ECBH     0003H     UNIT         ?PR?SPIN_INTERUPT_ENABLE?SPIN_INTERUPT
BL51 BANKED LINKER/LOCATER V6.22                                                      01/22/2020  00:17:30  PAGE 7


            CODE    2ECEH     0003H     UNIT         ?PR?SPIN_INTERUPT_DISABLE?SPIN_INTERUPT
            CODE    2ED1H     0003H     UNIT         ?PR?CLOCK_INIT?CLOCK
            CODE    2ED4H     0003H     UNIT         ?PR?RTIMER_INIT?RTIMER
            CODE    2ED7H     0002H     UNIT         ?PR?DELAY3US?SPIN_TIMER



OVERLAY MAP OF MODULE:   stc89c52 (SPIN_USERSTART)


SEGMENT                                            IDATA_GROUP         XDATA_GROUP
  +--> CALLED SEGMENT                            START    LENGTH     START    LENGTH
------------------------------------------------------------------------------------
?PR?INTERSVR4?SPIN_UART                          -----    -----      -----    -----
  +--> ?PR?SPIN_UART

*** NEW ROOT ***************************************************

?C_C51STARTUP                                    -----    -----      -----    -----
  +--> ?PR?MAIN?CONTIKI_MAIN
  +--> ?C_INITSEG

?PR?MAIN?CONTIKI_MAIN                            -----    -----      -----    -----
  +--> ?PR?HARDWARE_INIT?CONTIKI_MAIN
  +--> ?PR?CLOCK_INIT?CLOCK
  +--> ?PR?RTIMER_INIT?RTIMER
  +--> ?PR?CTIMER_INIT?CTIMER
  +--> ?PR?PROCESS_INIT?PROCESS
  +--> ?PR?PROCESS_ALLOC_EVENT?PROCESS
  +--> ?PR?CONTIKI_MAIN
  +--> ?PR?_PROCESS_START?PROCESS
  +--> ?PR?PROCESS_RUN?PROCESS

?PR?HARDWARE_INIT?CONTIKI_MAIN                   -----    -----      -----    -----
  +--> ?PR?_SPIN_SET_WORK_REGISTER_GROUP?SPI...
  +--> ?PR?SPIN_INTERUPT_INIT?SPIN_INTERUPT
  +--> ?PR?SPIN_INTERUPT_ENABLE?SPIN_INTERUPT
  +--> ?PR?SPIN_UART_INIT?SPIN_UART
  +--> ?PR?SPIN_WATCHDOG_ENABLE?SPIN_WATCHDOG
  +--> ?PR?_SPIN_WATCHDOG_OVERTIME?SPIN_WATC...
  +--> ?PR?_SPIN_EXINT0_START?SPIN_EXINTERUPT
  +--> ?PR?_SPIN_EXINT1_START?SPIN_EXINTERUPT
  +--> ?PR?U_GETC?SPIN_UART
  +--> ?PR?_U_PUTC?SPIN_UART
  +--> ?PR?INITLCD?SPIN_1602

?PR?_SPIN_SET_WORK_REGISTER_GROUP?SPI...         -----    -----      -----    -----
  +--> ?PR?_SPIN_SET_RS0?SPIN_USERSTART
  +--> ?PR?_SPIN_SET_RS1?SPIN_USERSTART

?PR?SPIN_UART_INIT?SPIN_UART                     -----    -----      -----    -----
  +--> ?PR?_UART_BOAUD?SPIN_TIMER
  +--> ?PR?_SPIN_INTERUPT_OPEN?SPIN_INTERUPT

?PR?_UART_BOAUD?SPIN_TIMER                       -----    -----      -----    -----
  +--> ?PR?_SPIN_TIMER_SET?SPIN_TIMER

BL51 BANKED LINKER/LOCATER V6.22                                                      01/22/2020  00:17:30  PAGE 8


?PR?_SPIN_WATCHDOG_OVERTIME?SPIN_WATC...         001AH    0003H      011EH    0002H

?PR?_SPIN_EXINT0_START?SPIN_EXINTERUPT           -----    -----      -----    -----
  +--> ?PR?SPIN_INTERUPT_INIT?SPIN_INTERUPT
  +--> ?PR?SPIN_INTERUPT_ENABLE?SPIN_INTERUPT
  +--> ?PR?_SPIN_INTERUPT_OPEN?SPIN_INTERUPT

?PR?_SPIN_EXINT1_START?SPIN_EXINTERUPT           -----    -----      -----    -----
  +--> ?PR?SPIN_INTERUPT_INIT?SPIN_INTERUPT
  +--> ?PR?SPIN_INTERUPT_ENABLE?SPIN_INTERUPT
  +--> ?PR?_SPIN_INTERUPT_OPEN?SPIN_INTERUPT

?PR?INITLCD?SPIN_1602                            -----    -----      -----    -----
  +--> ?PR?_WCODE?SPIN_1602

?PR?_WCODE?SPIN_1602                             -----    -----      -----    -----
  +--> ?PR?CHECKBUSY?SPIN_1602
  +--> ?PR?DELAY1MS?SPIN_TIMER

?PR?CLOCK_INIT?CLOCK                             -----    -----      -----    -----
  +--> ?PR?SPIN_SYSTICK?SPIN_TIMER

?PR?SPIN_SYSTICK?SPIN_TIMER                      -----    -----      -----    -----
  +--> ?PR?_SPIN_SYSTICK_SET?SPIN_TIMER
  +--> ?PR?_SPIN_TIMER_START?SPIN_TIMER

?PR?_SPIN_SYSTICK_SET?SPIN_TIMER                 -----    -----      -----    -----
  +--> ?PR?_SPIN_TIMER_SET?SPIN_TIMER

?PR?_SPIN_TIMER_START?SPIN_TIMER                 -----    -----      014AH    0001H
  +--> ?PR?SPIN_INTERUPT_ENABLE?SPIN_INTERUPT
  +--> ?PR?_SPIN_INTERUPT_OPEN?SPIN_INTERUPT

?PR?RTIMER_INIT?RTIMER                           -----    -----      -----    -----
  +--> ?PR?RTIMER_ARCH_INIT?RTIMER_ARCH

?PR?RTIMER_ARCH_INIT?RTIMER_ARCH                 -----    -----      -----    -----
  +--> ?PR?_SPIN_TIMER_START?SPIN_TIMER

?PR?CTIMER_INIT?CTIMER                           -----    -----      -----    -----
  +--> ?PR?CTIMER
  +--> ?PR?_LIST_INIT?LIST
  +--> ?PR?_PROCESS_START?PROCESS

?PR?_LIST_INIT?LIST                              -----    -----      011EH    0003H
  +--> ?PR?LIST

?PR?_PROCESS_START?PROCESS                       -----    -----      011EH    0009H
  +--> ?PR?PROCESS
  +--> ?PR?_PROCESS_POST_SYNCH?PROCESS

?PR?_PROCESS_POST_SYNCH?PROCESS                  -----    -----      0127H    000AH
  +--> ?PR?PROCESS
  +--> ?PR?_CALL_PROCESS?PROCESS

?PR?_CALL_PROCESS?PROCESS                        -----    -----      0131H    0007H
  +--> ?PR?PROCESS
BL51 BANKED LINKER/LOCATER V6.22                                                      01/22/2020  00:17:30  PAGE 9


  +--> ?PR?_EXIT_PROCESS?PROCESS

?PR?_EXIT_PROCESS?PROCESS                        -----    -----      0138H    000CH
  +--> ?PR?PROCESS
  +--> ?PR?_PROCESS_IS_RUNNING?PROCESS

?PR?_PROCESS_IS_RUNNING?PROCESS                  -----    -----      -----    -----
  +--> ?PR?PROCESS

?PR?PROCESS_RUN?PROCESS                          -----    -----      -----    -----
  +--> ?PR?DO_POLL?PROCESS
  +--> ?PR?DO_EVENT?PROCESS
  +--> ?PR?PROCESS

?PR?DO_POLL?PROCESS                              -----    -----      0128H    0003H
  +--> ?PR?PROCESS
  +--> ?PR?_CALL_PROCESS?PROCESS

?PR?DO_EVENT?PROCESS                             -----    -----      011EH    000AH
  +--> ?PR?PROCESS
  +--> ?PR?DO_POLL?PROCESS
  +--> ?PR?_CALL_PROCESS?PROCESS

?C_INITSEG                                       -----    -----      -----    -----
  +--> ?PR?_PROCESS_THREAD_ETIMER_PROCESS?ET...
  +--> ?PR?_PROCESS_THREAD_CTIMER_PROCESS?CT...
  +--> ?PR?_PROCESS_THREAD_LED?CONTIKI_MAIN
  +--> ?PR?_PROCESS_THREAD_DOG?CONTIKI_MAIN
  +--> ?PR?_PROCESS_THREAD_LCD?SPIN_1602
  +--> ?PR?_PROCESS_THREAD_AT24C02?SPIN_AT24C02
  +--> ?PR?_PROCESS_THREAD_PWM_LED?SPIN_PWM

?PR?_PROCESS_THREAD_ETIMER_PROCESS?ET...         -----    -----      011EH    0011H
  +--> ?PR?ETIMER
  +--> ?PR?_TIMER_EXPIRED?TIMER
  +--> ?PR?_PROCESS_POST?PROCESS
  +--> ?PR?UPDATE_TIME?ETIMER
  +--> ?PR?ETIMER_REQUEST_POLL?ETIMER

?PR?_TIMER_EXPIRED?TIMER                         -----    -----      012FH    0007H
  +--> ?PR?TIMER
  +--> ?PR?CLOCK_TIME?CLOCK

?PR?CLOCK_TIME?CLOCK                             -----    -----      -----    -----
  +--> ?PR?CLOCK

?PR?_PROCESS_POST?PROCESS                        -----    -----      012FH    0007H
  +--> ?PR?PROCESS

?PR?UPDATE_TIME?ETIMER                           -----    -----      0135H    000BH
  +--> ?PR?ETIMER
  +--> ?PR?CLOCK_TIME?CLOCK

?PR?ETIMER_REQUEST_POLL?ETIMER                   -----    -----      -----    -----
  +--> ?PR?_PROCESS_POLL?PROCESS

?PR?_PROCESS_POLL?PROCESS                        -----    -----      0144H    0003H
BL51 BANKED LINKER/LOCATER V6.22                                                      01/22/2020  00:17:30  PAGE 10


  +--> ?PR?PROCESS

?PR?_PROCESS_THREAD_CTIMER_PROCESS?CT...         -----    -----      011EH    000EH
  +--> ?PR?CTIMER
  +--> ?PR?_LIST_HEAD?LIST
  +--> ?PR?_ETIMER_SET?ETIMER
  +--> ?PR?_LIST_REMOVE?LIST

?PR?_ETIMER_SET?ETIMER                           -----    -----      012CH    0003H
  +--> ?PR?ETIMER
  +--> ?PR?_TIMER_SET?TIMER
  +--> ?PR?_ADD_TIMER?ETIMER

?PR?_TIMER_SET?TIMER                             -----    -----      012FH    0003H
  +--> ?PR?TIMER
  +--> ?PR?CLOCK_TIME?CLOCK

?PR?_ADD_TIMER?ETIMER                            -----    -----      012FH    0006H
  +--> ?PR?ETIMER
  +--> ?PR?ETIMER_REQUEST_POLL?ETIMER
  +--> ?PR?UPDATE_TIME?ETIMER

?PR?_LIST_REMOVE?LIST                            -----    -----      012CH    000CH
  +--> ?PR?LIST

?PR?_PROCESS_THREAD_LED?CONTIKI_MAIN             -----    -----      011EH    0008H
  +--> ?PR?CONTIKI_MAIN
  +--> ?PR?_ETIMER_SET?ETIMER
  +--> ?PR?_ETIMER_RESTART?ETIMER
  +--> ?PR?_SPIN_SET_GPIO_BIT_VALUE?SPIN_GPIO
  +--> ?PR?_ETIMER_EXPIRED?ETIMER

?PR?_ETIMER_RESTART?ETIMER                       -----    -----      0126H    0003H
  +--> ?PR?ETIMER
  +--> ?PR?_TIMER_RESTART?TIMER
  +--> ?PR?_ADD_TIMER?ETIMER

?PR?_TIMER_RESTART?TIMER                         -----    -----      0129H    0003H
  +--> ?PR?TIMER
  +--> ?PR?CLOCK_TIME?CLOCK

?PR?_SPIN_SET_GPIO_BIT_VALUE?SPIN_GPIO           -----    -----      -----    -----
  +--> ?PR?_SPIN_GET_GPIO_VALUE?SPIN_GPIO

?PR?_ETIMER_EXPIRED?ETIMER                       -----    -----      -----    -----
  +--> ?PR?ETIMER

?PR?_PROCESS_THREAD_DOG?CONTIKI_MAIN             -----    -----      011EH    0008H
  +--> ?PR?CONTIKI_MAIN
  +--> ?PR?_ETIMER_SET?ETIMER
  +--> ?PR?_ETIMER_EXPIRED?ETIMER
  +--> ?PR?SPIN_WATCHDOG_CLEAR?SPIN_WATCHDOG
  +--> ?PR?_ETIMER_RESTART?ETIMER

?PR?_PROCESS_THREAD_LCD?SPIN_1602                -----    -----      011EH    0008H
  +--> ?PR?SPIN_1602
  +--> ?PR?_PUT_LINE1?SPIN_1602
BL51 BANKED LINKER/LOCATER V6.22                                                      01/22/2020  00:17:30  PAGE 11


  +--> ?PR?_PUT_LINE2?SPIN_1602

?PR?_PUT_LINE1?SPIN_1602                         -----    -----      0126H    0004H
  +--> ?PR?SPIN_1602
  +--> ?PR?_WCODE?SPIN_1602
  +--> ?PR?_WDATA?SPIN_1602

?PR?_WDATA?SPIN_1602                             -----    -----      -----    -----
  +--> ?PR?CHECKBUSY?SPIN_1602
  +--> ?PR?DELAY1MS?SPIN_TIMER

?PR?_PUT_LINE2?SPIN_1602                         -----    -----      0126H    0004H
  +--> ?PR?SPIN_1602
  +--> ?PR?_WCODE?SPIN_1602
  +--> ?PR?_WDATA?SPIN_1602

?PR?_PROCESS_THREAD_AT24C02?SPIN_AT24C02         -----    -----      011EH    0008H
  +--> ?PR?SPIN_AT24C02
  +--> ?PR?I2C_INIT?I2C
  +--> ?PR?_ETIMER_SET?ETIMER
  +--> ?PR?_ETIMER_EXPIRED?ETIMER
  +--> ?CO?SPIN_AT24C02
  +--> ?PR?_AT24C02WRITE?SPIN_AT24C02
  +--> ?PR?_ETIMER_RESTART?ETIMER
  +--> ?PR?_AT24C02READ?SPIN_AT24C02
  +--> ?PR?_PROCESS_POST?PROCESS

?PR?I2C_INIT?I2C                                 -----    -----      -----    -----
  +--> ?PR?I2C

?PR?I2C                                          -----    -----      -----    -----
  +--> ?PR?_I2C_WRITE?I2C
  +--> ?PR?I2C_GETACK?I2C

?PR?_AT24C02WRITE?SPIN_AT24C02                   -----    -----      0126H    0001H
  +--> ?PR?SPIN_AT24C02
  +--> ?PR?_I2C_PUTS?I2C

?PR?_I2C_PUTS?I2C                                -----    -----      0127H    000CH
  +--> ?PR?I2C_START?I2C
  +--> ?PR?I2C
  +--> ?PR?I2C_STOP?I2C

?PR?I2C_START?I2C                                -----    -----      -----    -----
  +--> ?PR?I2C

?PR?I2C_STOP?I2C                                 -----    -----      -----    -----
  +--> ?PR?I2C

?PR?_AT24C02READ?SPIN_AT24C02                    -----    -----      0126H    0001H
  +--> ?PR?SPIN_AT24C02
  +--> ?PR?_I2C_GETS?I2C

?PR?_I2C_GETS?I2C                                -----    -----      0127H    000CH
  +--> ?PR?I2C_START?I2C
  +--> ?PR?I2C
  +--> ?PR?I2C_STOP?I2C
BL51 BANKED LINKER/LOCATER V6.22                                                      01/22/2020  00:17:30  PAGE 12


  +--> ?PR?I2C_READ?I2C
  +--> ?PR?_I2C_PUTACK?I2C

?PR?I2C_READ?I2C                                 -----    -----      -----    -----
  +--> ?PR?I2C

?PR?_I2C_PUTACK?I2C                              -----    -----      -----    -----
  +--> ?PR?I2C

?PR?_PROCESS_THREAD_PWM_LED?SPIN_PWM             -----    -----      011EH    0008H
  +--> ?PR?SPIN_PWM
  +--> ?PR?_ETIMER_SET?ETIMER
  +--> ?PR?_ETIMER_EXPIRED?ETIMER
  +--> ?PR?_ETIMER_RESTART?ETIMER

*** NEW ROOT ***************************************************

?PR?INTERSVR1?CLOCK                              -----    -----      -----    -----
  +--> ?PR?PWM_START?SPIN_PWM
  +--> ?PR?CLOCK
  +--> ?PR?ETIMER_PENDING?ETIMER
  +--> ?PR?ETIMER_NEXT_EXPIRATION_TIME?ETIMER
  +--> ?PR?ETIMER_REQUEST_POLL?ETIMER

?PR?ETIMER_PENDING?ETIMER                        -----    -----      -----    -----
  +--> ?PR?ETIMER

?PR?ETIMER_NEXT_EXPIRATION_TIME?ETIMER           -----    -----      -----    -----
  +--> ?PR?ETIMER_PENDING?ETIMER
  +--> ?PR?ETIMER

*** NEW ROOT ***************************************************

?PR?RTIMER_ISR?RTIMER_ARCH                       -----    -----      -----    -----
  +--> ?PR?_SPIN_TIMER_STOP?SPIN_TIMER
  +--> ?PR?RTIMER_RUN_NEXT?RTIMER

?PR?_SPIN_TIMER_STOP?SPIN_TIMER                  -----    -----      -----    -----
  +--> ?PR?_SPIN_INTERUPT_CLOSE?SPIN_INTERUPT

?PR?RTIMER_RUN_NEXT?RTIMER                       -----    -----      0147H    0003H
  +--> ?PR?RTIMER
  +--> ?PR?_RTIMER_ARCH_SCHEDULE?RTIMER_ARCH

?PR?_RTIMER_ARCH_SCHEDULE?RTIMER_ARCH            -----    -----      -----    -----
  +--> ?PR?_SPIN_TIMER_START?SPIN_TIMER



SYMBOL TABLE OF MODULE:  stc89c52 (SPIN_USERSTART)

  VALUE           TYPE          NAME
  ----------------------------------

  -------         MODULE        SPIN_USERSTART
  C:0000H         SYMBOL        _ICE_DUMMY_
  D:0090H         PUBLIC        P1
BL51 BANKED LINKER/LOCATER V6.22                                                      01/22/2020  00:17:30  PAGE 13


  D:00C0H         PUBLIC        XICON
  D:00B0H         PUBLIC        P3
  D:00A8H         PUBLIC        IE
  C:2E9DH         PUBLIC        spin_get_RS0
  C:2E97H         PUBLIC        spin_get_RS1
  D:00B8H         PUBLIC        IP
  B:00D0H.7       PUBLIC        CY
  C:2DBEH         PUBLIC        _spin_set_RS0
  C:2DAEH         PUBLIC        _spin_set_RS1
  C:2EC8H         PUBLIC        spin_get_sp
  D:0081H         PUBLIC        SP
  B:00D0H.2       PUBLIC        OV
  C:2EC5H         PUBLIC        _spin_set_sp
  D:0098H         PUBLIC        SCON
  C:2E91H         PUBLIC        spin_get_F0
  D:0088H         PUBLIC        TCON
  C:2D9EH         PUBLIC        _spin_set_F0
  B:00D0H.3       PUBLIC        RS0
  B:00D0H.4       PUBLIC        RS1
  C:0026H         PUBLIC        spin_get_CY
  C:2EA3H         PUBLIC        spin_get_OV
  D:00C8H         PUBLIC        T2CON
  C:2C8EH         PUBLIC        _spin_set_work_register_group
  B:00D0H.5       PUBLIC        F0
  D:00D0H         PUBLIC        PSW
  -------         PROC          _SPIN_SET_F0
  D:0007H         SYMBOL        value
  C:2D9EH         LINE#         4
  C:2D9EH         LINE#         5
  C:2DADH         LINE#         6
  -------         ENDPROC       _SPIN_SET_F0
  -------         PROC          _SPIN_SET_RS1
  D:0007H         SYMBOL        value
  C:2DAEH         LINE#         8
  C:2DAEH         LINE#         9
  C:2DBDH         LINE#         10
  -------         ENDPROC       _SPIN_SET_RS1
  -------         PROC          _SPIN_SET_RS0
  D:0007H         SYMBOL        value
  C:2DBEH         LINE#         11
  C:2DBEH         LINE#         12
  C:2DCDH         LINE#         13
  -------         ENDPROC       _SPIN_SET_RS0
  -------         PROC          _SPIN_SET_WORK_REGISTER_GROUP
  D:0006H         SYMBOL        index
  C:2C8EH         LINE#         15
  C:2C90H         LINE#         16
  C:2C97H         LINE#         17
  -------         ENDPROC       _SPIN_SET_WORK_REGISTER_GROUP
  -------         PROC          SPIN_GET_CY
  C:0026H         LINE#         20
  C:0026H         LINE#         21
  C:0029H         LINE#         22
  -------         ENDPROC       SPIN_GET_CY
  -------         PROC          SPIN_GET_F0
  C:2E91H         LINE#         23
  C:2E91H         LINE#         24
BL51 BANKED LINKER/LOCATER V6.22                                                      01/22/2020  00:17:30  PAGE 14


  C:2E96H         LINE#         25
  -------         ENDPROC       SPIN_GET_F0
  -------         PROC          SPIN_GET_RS1
  C:2E97H         LINE#         26
  C:2E97H         LINE#         27
  C:2E9CH         LINE#         28
  -------         ENDPROC       SPIN_GET_RS1
  -------         PROC          SPIN_GET_RS0
  C:2E9DH         LINE#         29
  C:2E9DH         LINE#         30
  C:2EA2H         LINE#         31
  -------         ENDPROC       SPIN_GET_RS0
  -------         PROC          SPIN_GET_OV
  C:2EA3H         LINE#         33
  C:2EA3H         LINE#         34
  C:2EA8H         LINE#         35
  -------         ENDPROC       SPIN_GET_OV
  -------         PROC          _SPIN_SET_SP
  D:0007H         SYMBOL        addr
  C:2EC5H         LINE#         36
  C:2EC5H         LINE#         37
  C:2EC7H         LINE#         38
  -------         ENDPROC       _SPIN_SET_SP
  -------         PROC          SPIN_GET_SP
  C:2EC8H         LINE#         39
  C:2EC8H         LINE#         40
  C:2ECAH         LINE#         41
  -------         ENDPROC       SPIN_GET_SP
  -------         ENDMOD        SPIN_USERSTART

  -------         MODULE        SPIN_EXINTERUPT
  C:0000H         SYMBOL        _ICE_DUMMY_
  D:0090H         PUBLIC        P1
  D:00C0H         PUBLIC        XICON
  D:00B0H         PUBLIC        P3
  C:2CF0H         PUBLIC        _spin_exint0_start
  C:2D02H         PUBLIC        _spin_exint1_start
  D:00A8H         PUBLIC        IE
  D:00B8H         PUBLIC        IP
  C:000EH         PUBLIC        spin_exint0_stop
  C:0016H         PUBLIC        spin_exint1_stop
  D:0098H         PUBLIC        SCON
  D:0088H         PUBLIC        TCON
  B:0088H.0       PUBLIC        IT0
  B:0088H.2       PUBLIC        IT1
  D:00C8H         PUBLIC        T2CON
  D:00D0H         PUBLIC        PSW
  -------         PROC          _SPIN_EXINT0_START
  D:0007H         SYMBOL        type
  C:2CF0H         LINE#         3
  C:2CF0H         LINE#         4
  C:2CF5H         LINE#         5
  C:2CF8H         LINE#         6
  C:2CFBH         LINE#         7
  -------         ENDPROC       _SPIN_EXINT0_START
  -------         PROC          _SPIN_EXINT1_START
  D:0007H         SYMBOL        type
BL51 BANKED LINKER/LOCATER V6.22                                                      01/22/2020  00:17:30  PAGE 15


  C:2D02H         LINE#         9
  C:2D02H         LINE#         10
  C:2D07H         LINE#         11
  C:2D0AH         LINE#         12
  C:2D0DH         LINE#         13
  -------         ENDPROC       _SPIN_EXINT1_START
  -------         PROC          SPIN_EXINT0_STOP
  C:000EH         LINE#         16
  C:000EH         LINE#         17
  -------         ENDPROC       SPIN_EXINT0_STOP
  -------         PROC          SPIN_EXINT1_STOP
  C:0016H         LINE#         20
  C:0016H         LINE#         21
  -------         ENDPROC       SPIN_EXINT1_STOP
  -------         ENDMOD        SPIN_EXINTERUPT

  -------         MODULE        SPIN_GPIO
  C:0000H         SYMBOL        _ICE_DUMMY_
  D:0080H         PUBLIC        P0
  D:0090H         PUBLIC        P1
  D:00A0H         PUBLIC        P2
  D:00C0H         PUBLIC        XICON
  D:00B0H         PUBLIC        P3
  D:00A8H         PUBLIC        IE
  C:2266H         PUBLIC        _spin_get_gpio_bit_value
  D:00B8H         PUBLIC        IP
  C:2109H         PUBLIC        _spin_set_gpio_bit_value
  D:0098H         PUBLIC        SCON
  D:0088H         PUBLIC        TCON
  D:00C8H         PUBLIC        T2CON
  C:2A11H         PUBLIC        _spin_get_gpio_value
  D:00D0H         PUBLIC        PSW
  C:2B23H         PUBLIC        _spin_set_gpio_value
  -------         PROC          _SPIN_SET_GPIO_VALUE
  D:0007H         SYMBOL        gpio
  D:0005H         SYMBOL        value
  C:2B23H         LINE#         6
  C:2B23H         LINE#         7
  C:2B31H         LINE#         8
  C:2B34H         LINE#         9
  C:2B37H         LINE#         10
  C:2B3AH         LINE#         11
  C:2B3EH         LINE#         12
  C:2B3EH         LINE#         13
  C:2B3EH         LINE#         14
  -------         ENDPROC       _SPIN_SET_GPIO_VALUE
  -------         PROC          _SPIN_GET_GPIO_VALUE
  D:0007H         SYMBOL        gpio
  -------         DO            
  D:0006H         SYMBOL        temp
  -------         ENDDO         
  C:2A11H         LINE#         15
  C:2A11H         LINE#         16
  C:2A13H         LINE#         17
  C:2A21H         LINE#         18
  C:2A25H         LINE#         19
  C:2A29H         LINE#         20
BL51 BANKED LINKER/LOCATER V6.22                                                      01/22/2020  00:17:30  PAGE 16


  C:2A2DH         LINE#         21
  C:2A2FH         LINE#         22
  C:2A2FH         LINE#         23
  C:2A2FH         LINE#         24
  C:2A31H         LINE#         25
  -------         ENDPROC       _SPIN_GET_GPIO_VALUE
  -------         PROC          _SPIN_SET_GPIO_BIT_VALUE
  D:0004H         SYMBOL        gpio
  D:0005H         SYMBOL        index
  D:0003H         SYMBOL        value
  -------         DO            
  D:0007H         SYMBOL        temp
  -------         ENDDO         
  C:2109H         LINE#         27
  C:210BH         LINE#         28
  C:210BH         LINE#         29
  C:210EH         LINE#         30
  C:2122H         LINE#         32
  C:2137H         LINE#         33
  C:2145H         LINE#         34
  C:2148H         LINE#         35
  C:214BH         LINE#         36
  C:214EH         LINE#         37
  C:2150H         LINE#         38
  C:2150H         LINE#         39
  C:2150H         LINE#         40
  -------         ENDPROC       _SPIN_SET_GPIO_BIT_VALUE
  -------         PROC          _SPIN_GET_GPIO_BIT_VALUE
  D:0007H         SYMBOL        gpio
  D:0005H         SYMBOL        index
  -------         DO            
  D:0004H         SYMBOL        temp
  -------         ENDDO         
  C:2266H         LINE#         41
  C:2266H         LINE#         42
  C:2268H         LINE#         43
  C:2276H         LINE#         44
  C:227AH         LINE#         45
  C:227EH         LINE#         46
  C:2282H         LINE#         47
  C:2284H         LINE#         48
  C:2284H         LINE#         49
  C:2284H         LINE#         50
  C:22A3H         LINE#         51
  -------         ENDPROC       _SPIN_GET_GPIO_BIT_VALUE
  -------         ENDMOD        SPIN_GPIO

  -------         MODULE        SPIN_INTERUPT
  C:0000H         SYMBOL        _ICE_DUMMY_
  D:0090H         PUBLIC        P1
  D:00C0H         PUBLIC        XICON
  D:00B0H         PUBLIC        P3
  B:00A8H.7       PUBLIC        EA
  B:0020H.0       PUBLIC        it0
  D:00A8H         PUBLIC        IE
  B:0020H.1       PUBLIC        it1
  B:0020H.2       PUBLIC        it2
BL51 BANKED LINKER/LOCATER V6.22                                                      01/22/2020  00:17:30  PAGE 17


  B:0020H.3       PUBLIC        it3
  B:0020H.4       PUBLIC        it4
  B:0020H.5       PUBLIC        it5
  B:0020H.6       PUBLIC        it6
  B:0020H.7       PUBLIC        it7
  C:2AAFH         PUBLIC        _spin_interupt_close
  D:00B8H         PUBLIC        IP
  C:2468H         PUBLIC        _spin_interupt_open
  D:0098H         PUBLIC        SCON
  C:27F0H         PUBLIC        intersvr2
  C:2D38H         PUBLIC        spin_interupt_init
  D:0088H         PUBLIC        TCON
  C:2817H         PUBLIC        intersvr5
  C:283EH         PUBLIC        intersvr6
  C:2865H         PUBLIC        intersvr7
  B:00C0H.2       PUBLIC        EX2
  B:00C0H.6       PUBLIC        EX3
  C:2ECEH         PUBLIC        spin_interupt_disable
  B:00C0H.3       PUBLIC        PX2
  B:00C0H.7       PUBLIC        PX3
  D:00C8H         PUBLIC        T2CON
  C:2ECBH         PUBLIC        spin_interupt_enable
  X:01EFH         PUBLIC        inter_vector_function
  D:00D0H         PUBLIC        PSW
  -------         PROC          SPIN_INTERUPT_INIT
  C:2D38H         LINE#         8
  C:2D38H         LINE#         9
  C:2D48H         LINE#         10
  -------         ENDPROC       SPIN_INTERUPT_INIT
  -------         PROC          SPIN_INTERUPT_ENABLE
  C:2ECBH         LINE#         11
  C:2ECBH         LINE#         12
  C:2ECDH         LINE#         13
  -------         ENDPROC       SPIN_INTERUPT_ENABLE
  -------         PROC          SPIN_INTERUPT_DISABLE
  C:2ECEH         LINE#         14
  C:2ECEH         LINE#         15
  C:2ED0H         LINE#         16
  -------         ENDPROC       SPIN_INTERUPT_DISABLE
  -------         PROC          _SPIN_INTERUPT_OPEN
  D:0007H         SYMBOL        num
  D:0005H         SYMBOL        prority
  C:2468H         LINE#         17
  C:2468H         LINE#         18
  C:246CH         LINE#         19
  C:246EH         LINE#         20
  C:2473H         LINE#         21
  C:2474H         LINE#         22
  C:2478H         LINE#         23
  C:247AH         LINE#         24
  C:247FH         LINE#         25
  C:2480H         LINE#         26
  C:2480H         LINE#         27
  C:248DH         LINE#         28
  C:249BH         LINE#         29
  C:249BH         LINE#         30
  -------         ENDPROC       _SPIN_INTERUPT_OPEN
BL51 BANKED LINKER/LOCATER V6.22                                                      01/22/2020  00:17:30  PAGE 18


  -------         PROC          _SPIN_INTERUPT_CLOSE
  D:0007H         SYMBOL        num
  C:2AAFH         LINE#         31
  C:2AAFH         LINE#         32
  C:2AB3H         LINE#         33
  C:2AB6H         LINE#         34
  C:2ABAH         LINE#         35
  C:2ABDH         LINE#         37
  C:2ACBH         LINE#         38
  -------         ENDPROC       _SPIN_INTERUPT_CLOSE
  -------         PROC          INTERSVR2
  C:27F0H         LINE#         57
  C:27FDH         LINE#         59
  C:2807H         LINE#         60
  C:2809H         LINE#         61
  -------         ENDPROC       INTERSVR2
  -------         PROC          INTERSVR5
  C:2817H         LINE#         68
  C:2824H         LINE#         70
  C:282EH         LINE#         71
  C:2830H         LINE#         72
  -------         ENDPROC       INTERSVR5
  -------         PROC          INTERSVR6
  C:283EH         LINE#         74
  C:284BH         LINE#         76
  C:2855H         LINE#         77
  C:2857H         LINE#         78
  -------         ENDPROC       INTERSVR6
  -------         PROC          INTERSVR7
  C:2865H         LINE#         80
  C:2872H         LINE#         82
  C:287CH         LINE#         83
  C:287EH         LINE#         84
  -------         ENDPROC       INTERSVR7
  -------         ENDMOD        SPIN_INTERUPT

  -------         MODULE        SPIN_PWRMGR
  C:0000H         SYMBOL        _ICE_DUMMY_
  D:0090H         PUBLIC        P1
  D:00C0H         PUBLIC        XICON
  D:00B0H         PUBLIC        P3
  D:00A8H         PUBLIC        IE
  D:00B8H         PUBLIC        IP
  C:002EH         PUBLIC        idle_mode
  D:0087H         PUBLIC        PCON
  D:0098H         PUBLIC        SCON
  D:0088H         PUBLIC        TCON
  C:0036H         PUBLIC        power_down
  D:00C8H         PUBLIC        T2CON
  D:00D0H         PUBLIC        PSW
  -------         PROC          IDLE_MODE
  C:002EH         LINE#         3
  C:002EH         LINE#         4
  C:0031H         LINE#         5
  -------         ENDPROC       IDLE_MODE
  -------         PROC          POWER_DOWN
  C:0036H         LINE#         6
BL51 BANKED LINKER/LOCATER V6.22                                                      01/22/2020  00:17:30  PAGE 19


  C:0036H         LINE#         7
  C:0039H         LINE#         8
  -------         ENDPROC       POWER_DOWN
  -------         ENDMOD        SPIN_PWRMGR

  -------         MODULE        SPIN_TIMER
  C:0000H         SYMBOL        _ICE_DUMMY_
  D:0090H         PUBLIC        P1
  D:00C0H         PUBLIC        XICON
  D:00B0H         PUBLIC        P3
  C:0003H         PUBLIC        _primary_value
  C:2D49H         PUBLIC        spin_sysTick
  D:00A8H         PUBLIC        IE
  D:00B8H         PUBLIC        IP
  C:2E65H         PUBLIC        delay1ms
  C:2DFDH         PUBLIC        _uart_boaud
  C:002AH         PUBLIC        delay2us
  C:2ED7H         PUBLIC        delay3us
  C:2A32H         PUBLIC        _spin_counter_time
  D:0098H         PUBLIC        SCON
  D:0089H         PUBLIC        TMOD
  D:0088H         PUBLIC        TCON
  C:2E1BH         PUBLIC        delay1s
  D:008CH         PUBLIC        TH0
  D:008DH         PUBLIC        TH1
  C:2223H         SYMBOL        _spin_counter_set
  D:008AH         PUBLIC        TL0
  D:008BH         PUBLIC        TL1
  C:291FH         PUBLIC        _spin_timer_start
  B:0088H.4       PUBLIC        TR0
  B:0088H.6       PUBLIC        TR1
  C:2E50H         SYMBOL        _spin_systick_set
  D:00C8H         PUBLIC        T2CON
  C:2DEEH         PUBLIC        _spin_timer_stop
  C:1FD5H         PUBLIC        _spin_timer_set
  D:00D0H         PUBLIC        PSW
  -------         PROC          _SPIN_COUNTER_SET
  D:0007H         SYMBOL        dev
  D:0005H         SYMBOL        mode
  D:0002H         SYMBOL        time
  C:2223H         LINE#         11
  C:2223H         LINE#         12
  C:2228H         LINE#         13
  C:222BH         LINE#         14
  C:222EH         LINE#         15
  C:2231H         LINE#         16
  C:2235H         LINE#         17
  C:223CH         LINE#         19
  C:223CH         LINE#         20
  C:223FH         LINE#         21
  C:2242H         LINE#         22
  C:2243H         LINE#         23
  C:2248H         LINE#         24
  C:224BH         LINE#         25
  C:224EH         LINE#         26
  C:2254H         LINE#         27
  C:2258H         LINE#         28
BL51 BANKED LINKER/LOCATER V6.22                                                      01/22/2020  00:17:30  PAGE 20


  C:225FH         LINE#         30
  C:225FH         LINE#         31
  C:2262H         LINE#         32
  C:2265H         LINE#         33
  C:2265H         LINE#         34
  -------         ENDPROC       _SPIN_COUNTER_SET
  -------         PROC          _SPIN_TIMER_START
  X:014AH         SYMBOL        dev
  C:291FH         LINE#         37
  C:2924H         LINE#         38
  C:2927H         LINE#         39
  C:2931H         LINE#         40
  C:293BH         LINE#         41
  C:2941H         LINE#         42
  -------         ENDPROC       _SPIN_TIMER_START
  -------         PROC          _SPIN_TIMER_STOP
  D:0007H         SYMBOL        dev
  C:2DEEH         LINE#         44
  C:2DEEH         LINE#         45
  C:2DF4H         LINE#         46
  C:2DFAH         LINE#         47
  -------         ENDPROC       _SPIN_TIMER_STOP
  -------         PROC          _PRIMARY_VALUE
  D:0006H         SYMBOL        overflow_time_us
  C:0003H         LINE#         50
  C:0003H         LINE#         51
  C:000AH         LINE#         52
  -------         ENDPROC       _PRIMARY_VALUE
  -------         PROC          _SPIN_TIMER_SET
  D:0007H         SYMBOL        dev
  D:0005H         SYMBOL        mode
  D:0002H         SYMBOL        time
  C:1FD5H         LINE#         57
  C:1FD5H         LINE#         58
  C:1FDAH         LINE#         59
  C:1FDDH         LINE#         60
  C:1FE0H         LINE#         61
  C:1FEEH         LINE#         62
  C:1FEEH         LINE#         63
  C:1FF5H         LINE#         64
  C:1FF5H         LINE#         65
  C:1FFCH         LINE#         66
  C:1FFCH         LINE#         67
  C:1FFCH         LINE#         68
  C:1FFCH         LINE#         69
  C:2001H         LINE#         70
  C:2004H         LINE#         71
  C:200AH         LINE#         72
  C:2015H         LINE#         73
  C:2015H         LINE#         74
  C:201CH         LINE#         75
  C:2022H         LINE#         76
  C:2022H         LINE#         77
  C:2022H         LINE#         78
  C:2022H         LINE#         79
  C:2022H         LINE#         80
  -------         ENDPROC       _SPIN_TIMER_SET
BL51 BANKED LINKER/LOCATER V6.22                                                      01/22/2020  00:17:30  PAGE 21


  -------         PROC          _SPIN_COUNTER_TIME
  D:0001H         SYMBOL        dev
  D:0004H         SYMBOL        time
  -------         DO            
  D:0004H         SYMBOL        primary_values
  -------         ENDDO         
  C:2A32H         LINE#         82
  C:2A34H         LINE#         85
  C:2A3FH         LINE#         86
  C:2A4AH         LINE#         88
  C:2A4FH         LINE#         89
  C:2A51H         LINE#         90
  -------         ENDPROC       _SPIN_COUNTER_TIME
  -------         PROC          _SPIN_SYSTICK_SET
  D:0006H         SYMBOL        time
  C:2E50H         LINE#         91
  C:2E50H         LINE#         92
  -------         ENDPROC       _SPIN_SYSTICK_SET
  -------         PROC          _UART_BOAUD
  D:0006H         SYMBOL        overtime
  C:2DFDH         LINE#         94
  C:2DFDH         LINE#         95
  -------         ENDPROC       _UART_BOAUD
  -------         PROC          SPIN_SYSTICK
  C:2D49H         LINE#         98
  C:2D49H         LINE#         99
  C:2D50H         LINE#         101
  C:2D55H         LINE#         102
  -------         ENDPROC       SPIN_SYSTICK
  -------         PROC          DELAY2US
  C:002AH         LINE#         105
  C:002AH         LINE#         106
  C:002AH         LINE#         107
  -------         ENDPROC       DELAY2US
  -------         PROC          DELAY3US
  C:2ED7H         LINE#         108
  C:2ED7H         LINE#         109
  C:2ED7H         LINE#         110
  C:2ED8H         LINE#         111
  -------         ENDPROC       DELAY3US
  -------         PROC          DELAY1MS
  -------         DO            
  D:0006H         SYMBOL        a
  D:0007H         SYMBOL        b
  -------         ENDDO         
  C:2E65H         LINE#         113
  C:2E65H         LINE#         114
  C:2E65H         LINE#         116
  C:2E67H         LINE#         117
  C:2E6DH         LINE#         118
  -------         ENDPROC       DELAY1MS
  -------         PROC          DELAY1S
  -------         DO            
  D:0005H         SYMBOL        a
  D:0006H         SYMBOL        b
  D:0007H         SYMBOL        c
  -------         ENDDO         
BL51 BANKED LINKER/LOCATER V6.22                                                      01/22/2020  00:17:30  PAGE 22


  C:2E1BH         LINE#         120
  C:2E1BH         LINE#         121
  C:2E1BH         LINE#         123
  C:2E1DH         LINE#         124
  C:2E1FH         LINE#         125
  C:2E27H         LINE#         126
  C:2E28H         LINE#         127
  -------         ENDPROC       DELAY1S
  -------         ENDMOD        SPIN_TIMER

  -------         MODULE        SPIN_UART
  C:0000H         SYMBOL        _ICE_DUMMY_
  D:0090H         PUBLIC        P1
  D:00C0H         PUBLIC        XICON
  D:00B0H         PUBLIC        P3
  D:00A8H         PUBLIC        IE
  C:2942H         PUBLIC        _u_putc
  D:00B8H         PUBLIC        IP
  B:0098H.0       PUBLIC        RI
  B:0098H.1       PUBLIC        TI
  I:000AH         PUBLIC        fifo
  D:0099H         PUBLIC        SBUF
  D:0087H         PUBLIC        PCON
  D:0098H         PUBLIC        SCON
  D:0088H         PUBLIC        TCON
  C:1ED0H         PUBLIC        intersvr4
  D:008EH         PUBLIC        AUXR
  D:00C8H         PUBLIC        T2CON
  C:2A72H         PUBLIC        spin_uart_init
  D:00D0H         PUBLIC        PSW
  C:2ACCH         PUBLIC        u_getc
  C:2E6EH         SYMBOL        Com000E
  C:2E6EH         SYMBOL        L?0015
  -------         PROC          COM000E
  -------         ENDPROC       COM000E
  -------         PROC          SPIN_UART_INIT
  C:2A72H         LINE#         10
  C:2A72H         LINE#         13
  C:2A75H         LINE#         14
  C:2A78H         LINE#         15
  C:2A7BH         LINE#         16
  C:2A7EH         LINE#         17
  C:2A85H         LINE#         18
  C:2A8CH         LINE#         19
  C:2A90H         LINE#         20
  -------         ENDPROC       SPIN_UART_INIT
  -------         PROC          U_GETC
  -------         DO            
  D:0006H         SYMBOL        d
  D:0007H         SYMBOL        i
  -------         ENDDO         
  C:2ACCH         LINE#         29
  C:2ACCH         LINE#         34
  C:2AD1H         LINE#         36
  C:2AD5H         LINE#         37
  C:2ADAH         LINE#         38
  C:2AE4H         LINE#         39
BL51 BANKED LINKER/LOCATER V6.22                                                      01/22/2020  00:17:30  PAGE 23


  C:2AE6H         LINE#         40
  C:2AE8H         LINE#         41
  -------         ENDPROC       U_GETC
  -------         PROC          _U_PUTC
  D:0007H         SYMBOL        c
  -------         DO            
  D:0006H         SYMBOL        i
  -------         ENDDO         
  C:2942H         LINE#         43
  C:2942H         LINE#         46
  C:294AH         LINE#         48
  C:294EH         LINE#         49
  C:2953H         LINE#         50
  C:295FH         LINE#         51
  C:2962H         LINE#         52
  C:2964H         LINE#         53
  -------         ENDPROC       _U_PUTC
  -------         PROC          INTERSVR4
  -------         DO            
  D:0007H         SYMBOL        i
  D:0006H         SYMBOL        d
  -------         ENDDO         
  C:1ED0H         LINE#         55
  C:1EDFH         LINE#         58
  C:1EE2H         LINE#         59
  C:1EE4H         LINE#         60
  C:1EE6H         LINE#         61
  C:1EEAH         LINE#         62
  C:1EEFH         LINE#         63
  C:1EF2H         LINE#         64
  C:1EF6H         LINE#         65
  C:1EFBH         LINE#         66
  C:1F00H         LINE#         67
  C:1F00H         LINE#         68
  C:1F00H         LINE#         69
  C:1F03H         LINE#         70
  C:1F07H         LINE#         71
  C:1F0AH         LINE#         72
  C:1F0CH         LINE#         73
  C:1F0FH         LINE#         74
  C:1F15H         LINE#         75
  C:1F1AH         LINE#         76
  C:1F1CH         LINE#         77
  C:1F1EH         LINE#         78
  C:1F1EH         LINE#         79
  C:1F1EH         LINE#         80
  -------         ENDPROC       INTERSVR4
  -------         ENDMOD        SPIN_UART

  -------         MODULE        SPIN_WATCHDOG
  C:0000H         SYMBOL        _ICE_DUMMY_
  D:0090H         PUBLIC        P1
  D:00C0H         PUBLIC        XICON
  D:00B0H         PUBLIC        P3
  D:00A8H         PUBLIC        IE
  D:00B8H         PUBLIC        IP
  C:2EADH         PUBLIC        spin_watchdog_disable
BL51 BANKED LINKER/LOCATER V6.22                                                      01/22/2020  00:17:30  PAGE 24


  D:0098H         PUBLIC        SCON
  D:0088H         PUBLIC        TCON
  C:2EB1H         PUBLIC        spin_watchdog_idlework
  C:2EA9H         PUBLIC        spin_watchdog_enable
  C:19FBH         PUBLIC        _spin_watchdog_overtime
  D:00E1H         PUBLIC        WDT_CONTR
  C:2EB5H         PUBLIC        spin_watchdog_clear
  D:00C8H         PUBLIC        T2CON
  D:00D0H         PUBLIC        PSW
  -------         PROC          SPIN_WATCHDOG_ENABLE
  C:2EA9H         LINE#         3
  C:2EA9H         LINE#         4
  C:2EACH         LINE#         5
  -------         ENDPROC       SPIN_WATCHDOG_ENABLE
  -------         PROC          SPIN_WATCHDOG_DISABLE
  C:2EADH         LINE#         6
  C:2EADH         LINE#         7
  C:2EB0H         LINE#         8
  -------         ENDPROC       SPIN_WATCHDOG_DISABLE
  -------         PROC          SPIN_WATCHDOG_IDLEWORK
  C:2EB1H         LINE#         9
  C:2EB1H         LINE#         10
  C:2EB4H         LINE#         11
  -------         ENDPROC       SPIN_WATCHDOG_IDLEWORK
  -------         PROC          SPIN_WATCHDOG_CLEAR
  C:2EB5H         LINE#         13
  C:2EB5H         LINE#         14
  C:2EB8H         LINE#         15
  -------         ENDPROC       SPIN_WATCHDOG_CLEAR
  -------         PROC          _SPIN_WATCHDOG_OVERTIME
  X:011EH         SYMBOL        pre_scale
  X:011FH         SYMBOL        mhz
  -------         DO            
  I:001AH         SYMBOL        pre_scale_value
  I:001BH         SYMBOL        overtime
  -------         ENDDO         
  C:19FBH         LINE#         18
  C:1A03H         LINE#         19
  C:1A07H         LINE#         20
  C:1A0BH         LINE#         21
  C:1A0EH         LINE#         22
  C:1A30H         LINE#         23
  C:1A36H         LINE#         24
  C:1A3CH         LINE#         25
  C:1A42H         LINE#         26
  C:1A48H         LINE#         27
  C:1A4EH         LINE#         28
  C:1A54H         LINE#         29
  C:1A5AH         LINE#         30
  C:1A5EH         LINE#         31
  C:1A5EH         LINE#         32
  C:1A5EH         LINE#         33
  C:1A63H         LINE#         34
  C:1A7FH         LINE#         35
  C:1A7FH         LINE#         36
  -------         ENDPROC       _SPIN_WATCHDOG_OVERTIME
  -------         ENDMOD        SPIN_WATCHDOG
BL51 BANKED LINKER/LOCATER V6.22                                                      01/22/2020  00:17:30  PAGE 25



  -------         MODULE        XPRINTF
  C:0000H         SYMBOL        _ICE_DUMMY_
  C:2C4FH         PUBLIC        xgetc
  C:0B96H         PUBLIC        _xatoi
  C:0F28H         PUBLIC        _xgets
  X:025EH         SYMBOL        outptr
  C:2198H         PUBLIC        _xputc
  C:28B3H         PUBLIC        _xputs
  X:0261H         PUBLIC        xfunc_in
  X:0263H         PUBLIC        xfunc_out
  C:22E2H         SYMBOL        Com0031
  C:22E2H         SYMBOL        L?0050
  C:22E3H         SYMBOL        L?0051
  C:22E6H         SYMBOL        L?0052
  C:22EFH         SYMBOL        L?0053
  C:22EFH         SYMBOL        L?0054
  C:22FEH         SYMBOL        L?0055
  C:230DH         SYMBOL        L?0056
  C:230DH         SYMBOL        L?0057
  C:2316H         SYMBOL        L?0058
  C:2317H         SYMBOL        L?0059
  -------         PROC          COM0031
  -------         ENDPROC       COM0031
  -------         PROC          _XPUTC
  X:02C3H         SYMBOL        c
  C:2198H         LINE#         26
  C:219DH         LINE#         27
  C:219DH         LINE#         28
  C:21A5H         LINE#         30
  C:21B0H         LINE#         31
  C:21C2H         LINE#         33
  C:21C2H         LINE#         35
  C:21DDH         LINE#         36
  -------         ENDPROC       _XPUTC
  -------         PROC          _XPUTS
  X:029CH         SYMBOL        str
  C:28B3H         LINE#         44
  C:28B9H         LINE#         47
  C:28B9H         LINE#         48
  C:28C4H         LINE#         49
  C:28D6H         LINE#         50
  -------         ENDPROC       _XPUTS
  -------         PROC          XGETC
  C:2C4FH         LINE#         64
  C:2C4FH         LINE#         65
  C:2C5CH         LINE#         66
  C:2C63H         LINE#         67
  -------         ENDPROC       XGETC
  -------         PROC          _XGETS
  X:0232H         SYMBOL        buff
  X:0235H         SYMBOL        len
  -------         DO            
  X:0237H         SYMBOL        c
  X:0239H         SYMBOL        i
  -------         ENDDO         
  C:0F28H         LINE#         72
BL51 BANKED LINKER/LOCATER V6.22                                                      01/22/2020  00:17:30  PAGE 26


  C:0F34H         LINE#         76
  C:0F34H         LINE#         80
  C:0F41H         LINE#         82
  C:0F48H         LINE#         83
  C:0F48H         LINE#         84
  C:0F5FH         LINE#         85
  C:0F63H         LINE#         86
  C:0F73H         LINE#         87
  C:0F89H         LINE#         88
  C:0F97H         LINE#         90
  C:0F9DH         LINE#         92
  C:0F9FH         LINE#         93
  C:0F9FH         LINE#         94
  C:0FD5H         LINE#         95
  C:0FEAH         LINE#         97
  C:0FEDH         LINE#         99
  C:0FEDH         LINE#         100
  C:0FF0H         LINE#         101
  C:1005H         LINE#         104
  C:100AH         LINE#         106
  C:100FH         LINE#         108
  C:1013H         LINE#         109
  -------         ENDPROC       _XGETS
  -------         PROC          _XATOI
  X:01FFH         SYMBOL        str
  X:0202H         SYMBOL        res
  -------         DO            
  X:0205H         SYMBOL        val
  X:0209H         SYMBOL        c
  X:020AH         SYMBOL        r
  X:020BH         SYMBOL        s
  -------         ENDDO         
  C:0B96H         LINE#         124
  C:0B9CH         LINE#         128
  C:0B9CH         LINE#         130
  C:0BA1H         LINE#         133
  C:0BAEH         LINE#         135
  C:0BCEH         LINE#         137
  C:0BD5H         LINE#         138
  C:0BDAH         LINE#         139
  C:0BE0H         LINE#         140
  C:0BE0H         LINE#         142
  C:0BE9H         LINE#         143
  C:0BEFH         LINE#         144
  C:0BF9H         LINE#         145
  C:0BF9H         LINE#         146
  C:0BFEH         LINE#         147
  C:0C00H         LINE#         148
  C:0C00H         LINE#         149
  C:0C0BH         LINE#         150
  C:0C0DH         LINE#         151
  C:0C0DH         LINE#         152
  C:0C16H         LINE#         153
  C:0C28H         LINE#         154
  C:0C2EH         LINE#         155
  C:0C2EH         LINE#         156
  C:0C30H         LINE#         157
BL51 BANKED LINKER/LOCATER V6.22                                                      01/22/2020  00:17:30  PAGE 27


  C:0C41H         LINE#         158
  C:0C47H         LINE#         159
  C:0C47H         LINE#         161
  C:0C51H         LINE#         162
  C:0C5BH         LINE#         163
  C:0C64H         LINE#         164
  C:0C6BH         LINE#         165
  C:0C71H         LINE#         166
  C:0C75H         LINE#         167
  C:0C7DH         LINE#         168
  C:0C7DH         LINE#         169
  C:0C8EH         LINE#         170
  C:0CC8H         LINE#         171
  C:0CCEH         LINE#         172
  C:0CD1H         LINE#         173
  C:0CE3H         LINE#         175
  C:0CEFH         LINE#         176
  C:0CF3H         LINE#         177
  -------         ENDPROC       _XATOI
  -------         ENDMOD        XPRINTF

  -------         MODULE        I2C
  C:0000H         SYMBOL        _ICE_DUMMY_
  D:0090H         PUBLIC        P1
  D:00A0H         PUBLIC        P2
  D:00C0H         PUBLIC        XICON
  D:00B0H         PUBLIC        P3
  D:00A8H         PUBLIC        IE
  D:00B8H         PUBLIC        IP
  C:2965H         PUBLIC        I2C_Read
  C:2749H         PUBLIC        _I2C_Write
  C:288CH         PUBLIC        I2C_Start
  C:1862H         PUBLIC        _I2C_Gets
  D:0098H         PUBLIC        SCON
  C:2CCAH         PUBLIC        I2C_Init
  D:0088H         PUBLIC        TCON
  C:2774H         PUBLIC        I2C_Stop
  C:1B05H         PUBLIC        _I2C_Puts
  C:29ABH         PUBLIC        I2C_GetAck
  B:00A0H.0       PUBLIC        SDA
  B:00A0H.1       PUBLIC        SCL
  X:02C4H         PUBLIC        I2C_Delay_t
  D:00C8H         PUBLIC        T2CON
  C:2A52H         PUBLIC        _I2C_PutAck
  D:00D0H         PUBLIC        PSW
  C:249CH         SYMBOL        Com005E
  C:249CH         SYMBOL        L?0095
  C:249CH         SYMBOL        L?0096
  C:249EH         SYMBOL        L?0097
  C:24A5H         SYMBOL        L?0098
  C:24A5H         SYMBOL        L?0099
  C:24ACH         SYMBOL        L?0100
  C:24AFH         SYMBOL        L?0101
  C:24B8H         SYMBOL        L?0102
  C:24C6H         SYMBOL        L?0103
  -------         PROC          COM005E
  -------         ENDPROC       COM005E
BL51 BANKED LINKER/LOCATER V6.22                                                      01/22/2020  00:17:30  PAGE 28


  -------         PROC          I2C_INIT
  C:2CCAH         LINE#         31
  C:2CCAH         LINE#         32
  C:2CCAH         LINE#         33
  C:2CCAH         LINE#         34
  C:2CD2H         LINE#         35
  C:2CD4H         LINE#         36
  C:2CDCH         LINE#         37
  -------         ENDPROC       I2C_INIT
  -------         PROC          I2C_START
  C:288CH         LINE#         48
  C:288CH         LINE#         49
  C:288CH         LINE#         50
  C:288EH         LINE#         51
  C:2896H         LINE#         52
  C:2896H         LINE#         53
  C:289EH         LINE#         54
  C:28A0H         LINE#         55
  C:28A8H         LINE#         56
  C:28AAH         LINE#         57
  C:28B2H         LINE#         58
  -------         ENDPROC       I2C_START
  -------         PROC          _I2C_WRITE
  D:0007H         SYMBOL        dat
  -------         DO            
  D:0006H         SYMBOL        t
  -------         ENDDO         
  C:2749H         LINE#         66
  C:2749H         LINE#         67
  C:2749H         LINE#         68
  C:274BH         LINE#         70
  C:274BH         LINE#         71
  C:275BH         LINE#         72
  C:275FH         LINE#         73
  C:275FH         LINE#         74
  C:2767H         LINE#         75
  C:2769H         LINE#         76
  C:2771H         LINE#         77
  C:2773H         LINE#         78
  -------         ENDPROC       _I2C_WRITE
  -------         PROC          I2C_READ
  -------         DO            
  D:0007H         SYMBOL        dat
  D:0006H         SYMBOL        t
  -------         ENDDO         
  C:2965H         LINE#         85
  C:2965H         LINE#         86
  C:2965H         LINE#         88
  C:2967H         LINE#         89
  C:2969H         LINE#         91
  C:2969H         LINE#         92
  C:2969H         LINE#         93
  C:2971H         LINE#         94
  C:2975H         LINE#         95
  C:297BH         LINE#         96
  C:297DH         LINE#         97
  C:2985H         LINE#         98
BL51 BANKED LINKER/LOCATER V6.22                                                      01/22/2020  00:17:30  PAGE 29


  C:2987H         LINE#         99
  C:2987H         LINE#         100
  -------         ENDPROC       I2C_READ
  -------         PROC          I2C_GETACK
  -------         DO            
  D:0007H         SYMBOL        ack
  -------         ENDDO         
  C:29ABH         LINE#         112
  C:29ABH         LINE#         113
  C:29ABH         LINE#         116
  C:29ADH         LINE#         117
  C:29B5H         LINE#         118
  C:29B5H         LINE#         119
  C:29BDH         LINE#         121
  C:29C2H         LINE#         122
  C:29C4H         LINE#         123
  C:29CCH         LINE#         124
  C:29CCH         LINE#         125
  -------         ENDPROC       I2C_GETACK
  -------         PROC          _I2C_PUTACK
  D:0007H         SYMBOL        ack
  C:2A52H         LINE#         137
  C:2A52H         LINE#         138
  C:2A52H         LINE#         140
  C:2A57H         LINE#         141
  C:2A5FH         LINE#         142
  C:2A5FH         LINE#         143
  C:2A67H         LINE#         144
  C:2A69H         LINE#         145
  C:2A71H         LINE#         146
  -------         ENDPROC       _I2C_PUTACK
  -------         PROC          I2C_STOP
  -------         DO            
  D:0006H         SYMBOL        t
  -------         ENDDO         
  C:2774H         LINE#         156
  C:2774H         LINE#         157
  C:2774H         LINE#         158
  C:2778H         LINE#         160
  C:277AH         LINE#         161
  C:2782H         LINE#         162
  C:2782H         LINE#         163
  C:278AH         LINE#         164
  C:278CH         LINE#         165
  C:2794H         LINE#         166
  C:279DH         LINE#         167
  -------         ENDPROC       I2C_STOP
  -------         PROC          _I2C_PUTS
  D:0007H         SYMBOL        SlaveAddr
  D:0004H         SYMBOL        SubAddr
  D:0003H         SYMBOL        SubMod
  X:012BH         SYMBOL        dat
  X:012EH         SYMBOL        Size
  -------         DO            
  D:0004H         SYMBOL        i
  X:0130H         SYMBOL        a
  -------         ENDDO         
BL51 BANKED LINKER/LOCATER V6.22                                                      01/22/2020  00:17:30  PAGE 30


  C:1B05H         LINE#         185
  C:1B05H         LINE#         193
  C:1B05H         LINE#         198
  C:1B11H         LINE#         200
  C:1B18H         LINE#         202
  C:1B20H         LINE#         204
  C:1B28H         LINE#         205
  C:1B28H         LINE#         206
  C:1B28H         LINE#         207
  C:1B28H         LINE#         208
  C:1B28H         LINE#         209
  C:1B2DH         LINE#         210
  C:1B2FH         LINE#         211
  C:1B2FH         LINE#         212
  C:1B34H         LINE#         213
  C:1B37H         LINE#         214
  C:1B37H         LINE#         215
  C:1B37H         LINE#         216
  C:1B37H         LINE#         217
  C:1B37H         LINE#         219
  C:1B38H         LINE#         220
  C:1B3BH         LINE#         221
  C:1B42H         LINE#         222
  C:1B42H         LINE#         223
  C:1B4AH         LINE#         224
  C:1B4FH         LINE#         225
  C:1B4FH         LINE#         226
  C:1B52H         LINE#         227
  C:1B55H         LINE#         228
  C:1B55H         LINE#         229
  C:1B58H         LINE#         232
  C:1B58H         LINE#         233
  C:1B61H         LINE#         234
  C:1B66H         LINE#         235
  C:1B6EH         LINE#         237
  C:1B71H         LINE#         238
  C:1B7BH         LINE#         239
  C:1B7BH         LINE#         240
  C:1B7DH         LINE#         241
  C:1B7DH         LINE#         243
  C:1B7DH         LINE#         244
  C:1B7FH         LINE#         245
  C:1B7FH         LINE#         246
  -------         ENDPROC       _I2C_PUTS
  -------         PROC          _I2C_GETS
  D:0007H         SYMBOL        SlaveAddr
  D:0004H         SYMBOL        SubAddr
  D:0003H         SYMBOL        SubMod
  X:012BH         SYMBOL        dat
  X:012EH         SYMBOL        Size
  -------         DO            
  D:0004H         SYMBOL        i
  X:0130H         SYMBOL        a
  -------         ENDDO         
  C:1862H         LINE#         264
  C:1862H         LINE#         272
  C:1862H         LINE#         277
BL51 BANKED LINKER/LOCATER V6.22                                                      01/22/2020  00:17:30  PAGE 31


  C:186EH         LINE#         279
  C:1875H         LINE#         281
  C:187DH         LINE#         283
  C:1880H         LINE#         284
  C:1880H         LINE#         286
  C:1883H         LINE#         287
  C:1883H         LINE#         288
  C:1888H         LINE#         289
  C:188AH         LINE#         291
  C:188AH         LINE#         292
  C:188FH         LINE#         293
  C:1892H         LINE#         294
  C:1892H         LINE#         296
  C:1893H         LINE#         297
  C:1896H         LINE#         298
  C:189DH         LINE#         299
  C:189DH         LINE#         300
  C:18A5H         LINE#         301
  C:18AAH         LINE#         302
  C:18AAH         LINE#         303
  C:18AAH         LINE#         304
  C:18ACH         LINE#         305
  C:18ACH         LINE#         306
  C:18AFH         LINE#         307
  C:18AFH         LINE#         310
  C:18B2H         LINE#         312
  C:18B7H         LINE#         313
  C:18BCH         LINE#         314
  C:18BCH         LINE#         315
  C:18BFH         LINE#         316
  C:18C2H         LINE#         317
  C:18C2H         LINE#         319
  C:18C2H         LINE#         320
  C:18C2H         LINE#         321
  C:18CFH         LINE#         322
  C:18D7H         LINE#         323
  C:18D7H         LINE#         324
  C:18DCH         LINE#         325
  C:18DEH         LINE#         326
  C:18DEH         LINE#         327
  C:18E3H         LINE#         328
  C:18E5H         LINE#         330
  C:18E8H         LINE#         331
  C:18EAH         LINE#         332
  -------         ENDPROC       _I2C_GETS
  -------         ENDMOD        I2C

  -------         MODULE        ?C_STARTUP
  C:169FH         SEGMENT       ?C_C51STARTUP
  I:0021H         SEGMENT       ?STACK
  C:0000H         PUBLIC        ?C_STARTUP
  D:00E0H         SYMBOL        ACC
  D:00F0H         SYMBOL        B
  D:0083H         SYMBOL        DPH
  D:0082H         SYMBOL        DPL
  N:0000H         SYMBOL        IBPSTACK
  N:0100H         SYMBOL        IBPSTACKTOP
BL51 BANKED LINKER/LOCATER V6.22                                                      01/22/2020  00:17:30  PAGE 32


  N:0100H         SYMBOL        IDATALEN
  C:16A2H         SYMBOL        IDATALOOP
  N:0000H         SYMBOL        PBPSTACK
  N:0100H         SYMBOL        PBPSTACKTOP
  N:0000H         SYMBOL        PDATALEN
  N:0000H         SYMBOL        PDATASTART
  N:0000H         SYMBOL        PPAGE
  N:0000H         SYMBOL        PPAGEENABLE
  D:00A0H         SYMBOL        PPAGE_SFR
  D:0081H         SYMBOL        SP
  C:169FH         SYMBOL        STARTUP1
  N:0000H         SYMBOL        XBPSTACK
  N:1001H         SYMBOL        XBPSTACKTOP
  N:1000H         SYMBOL        XDATALEN
  C:16ADH         SYMBOL        XDATALOOP
  N:0000H         SYMBOL        XDATASTART
  C:0000H         LINE#         126
  C:169FH         LINE#         133
  C:16A1H         LINE#         134
  C:16A2H         LINE#         135
  C:16A3H         LINE#         136
  C:16A5H         LINE#         140
  C:16A8H         LINE#         141
  C:16AAH         LINE#         145
  C:16ACH         LINE#         147
  C:16ADH         LINE#         148
  C:16AEH         LINE#         149
  C:16AFH         LINE#         150
  C:16B1H         LINE#         151
  C:16B3H         LINE#         185
  C:16B6H         LINE#         196
  -------         ENDMOD        ?C_STARTUP

  -------         MODULE        CLOCK
  C:0000H         SYMBOL        _ICE_DUMMY_
  D:0090H         PUBLIC        P1
  D:00C0H         PUBLIC        XICON
  D:00B0H         PUBLIC        P3
  X:0226H         SYMBOL        counter
  B:00A8H.7       PUBLIC        EA
  D:00A8H         PUBLIC        IE
  C:2E0CH         PUBLIC        _clock_delay_usec
  D:00B8H         PUBLIC        IP
[...]
  D:0090H         PUBLIC        P1
  D:00A0H         PUBLIC        P2
  X:0195H         PUBLIC        at24c02
  D:00C0H         PUBLIC        XICON
  D:00B0H         PUBLIC        P3
  D:00A8H         PUBLIC        IE
  D:00B8H         PUBLIC        IP
  D:0098H         PUBLIC        SCON
  D:0088H         PUBLIC        TCON
  C:0CF4H         SYMBOL        _process_thread_at24c02
  C:2DDEH         PUBLIC        str
  C:29EFH         PUBLIC        _At24c02Read
  D:00C8H         PUBLIC        T2CON
  C:2B3FH         PUBLIC        _At24c02Write
  D:00D0H         PUBLIC        PSW
  C:2536H         SYMBOL        Com0025
  C:2536H         SYMBOL        L?0038
  C:2536H         SYMBOL        L?0039
  C:253BH         SYMBOL        L?0040
  C:2547H         SYMBOL        L?0041
  C:2547H         SYMBOL        L?0042
  C:254EH         SYMBOL        L?0043
  C:255DH         SYMBOL        L?0044
  -------         PROC          COM0025
  -------         ENDPROC       COM0025
  -------         PROC          _AT24C02WRITE
  D:0007H         SYMBOL        addr
  X:0126H         SYMBOL        dat
  C:2B3FH         LINE#         14
  C:2B44H         LINE#         15
  C:2B44H         LINE#         16
  C:2B5AH         LINE#         17
  -------         ENDPROC       _AT24C02WRITE
  -------         PROC          _AT24C02READ
  D:0007H         SYMBOL        addr
  -------         DO            
  X:0126H         SYMBOL        num
  -------         ENDDO         
  C:29EFH         LINE#         25
  C:29EFH         LINE#         26
  C:29EFH         LINE#         28
  C:2A0EH         LINE#         29
BL51 BANKED LINKER/LOCATER V6.22                                                      01/22/2020  00:17:30  PAGE 60


  C:2A10H         LINE#         30
  -------         ENDPROC       _AT24C02READ
  -------         PROC          _PROCESS_THREAD_AT24C02
  X:011EH         SYMBOL        process_pt
  X:0121H         SYMBOL        ev
  X:0122H         SYMBOL        dataa
  -------         DO            
  X:0175H         SYMBOL        slen
  X:0176H         SYMBOL        index
  X:0177H         SYMBOL        recv
  X:0187H         SYMBOL        et
  -------         DO            
  X:0125H         SYMBOL        PT_YIELD_FLAG
  -------         ENDDO         
  -------         ENDDO         
  C:0CF4H         LINE#         33
  C:0D02H         LINE#         34
  C:0D02H         LINE#         35
  C:0D02H         LINE#         39
  C:0D2FH         LINE#         40
  C:0D32H         LINE#         41
  C:0D40H         LINE#         42
  C:0D40H         LINE#         43
  C:0D40H         LINE#         44
  C:0D5DH         LINE#         45
  C:0D6DH         LINE#         46
  C:0D6DH         LINE#         47
  C:0D72H         LINE#         48
  C:0D78H         LINE#         49
  C:0D7AH         LINE#         50
  C:0D80H         LINE#         51
  C:0D80H         LINE#         52
  C:0D80H         LINE#         53
  C:0D86H         LINE#         54
  C:0DA3H         LINE#         55
  C:0DBBH         LINE#         56
  C:0DC9H         LINE#         57
  C:0DC9H         LINE#         58
  C:0DCEH         LINE#         60
  C:0DEAH         LINE#         61
  C:0DF8H         LINE#         62
  C:0DF8H         LINE#         63
  C:0E15H         LINE#         64
  C:0E1BH         LINE#         65
  C:0E1DH         LINE#         66
  C:0E28H         LINE#         67
  -------         ENDPROC       _PROCESS_THREAD_AT24C02
  -------         ENDMOD        SPIN_AT24C02

  -------         MODULE        SPIN_PWM
  C:0000H         SYMBOL        _ICE_DUMMY_
  D:0090H         PUBLIC        P1
  D:00A0H         PUBLIC        P2
  D:00C0H         PUBLIC        XICON
  D:00B0H         PUBLIC        P3
  D:00A8H         PUBLIC        IE
  D:00B8H         PUBLIC        IP
BL51 BANKED LINKER/LOCATER V6.22                                                      01/22/2020  00:17:30  PAGE 61


  X:01AFH         PUBLIC        revert_value
  C:1560H         SYMBOL        _process_thread_pwm_led
  D:0098H         PUBLIC        SCON
  D:0088H         PUBLIC        TCON
  B:00A0H.3       PUBLIC        pwm
  C:2B5BH         PUBLIC        pwm_start
  D:00C8H         PUBLIC        T2CON
  X:01B0H         PUBLIC        pwm_led
  D:00D0H         PUBLIC        PSW
  C:2C0AH         SYMBOL        Com0016
  C:2C0AH         SYMBOL        L?0023
  C:2C0FH         SYMBOL        L?0024
  C:2C1BH         SYMBOL        L?0025
  C:2C1BH         SYMBOL        L?0026
  -------         PROC          COM0016
  -------         ENDPROC       COM0016
  -------         PROC          PWM_START
  C:2B5BH         LINE#         10
  C:2B5BH         LINE#         11
  C:2B73H         LINE#         12
  C:2B75H         LINE#         13
  -------         ENDPROC       PWM_START
  -------         PROC          _PROCESS_THREAD_PWM_LED
  X:011EH         SYMBOL        process_pt
  X:0121H         SYMBOL        ev
  X:0122H         SYMBOL        dataa
  -------         DO            
  X:019FH         SYMBOL        rate
  X:01A0H         SYMBOL        dir
  X:01A1H         SYMBOL        et
  -------         DO            
  X:0125H         SYMBOL        PT_YIELD_FLAG
  -------         ENDDO         
  -------         ENDDO         
  C:1560H         LINE#         16
  C:156EH         LINE#         17
  C:156EH         LINE#         18
  C:156EH         LINE#         21
  C:158AH         LINE#         23
  C:1598H         LINE#         24
  C:1598H         LINE#         25
  C:1598H         LINE#         27
  C:15B5H         LINE#         28
  C:15BFH         LINE#         29
  C:15C4H         LINE#         31
  C:15C7H         LINE#         32
  C:15DEH         LINE#         33
  C:15EAH         LINE#         34
  C:15ECH         LINE#         35
  C:15F2H         LINE#         36
  C:15F4H         LINE#         37
  C:15FFH         LINE#         38
  -------         ENDPROC       _PROCESS_THREAD_PWM_LED
  -------         ENDMOD        SPIN_PWM

  -------         MODULE        ?C?SCDIV
  C:003EH         PUBLIC        ?C?SCDIV
BL51 BANKED LINKER/LOCATER V6.22                                                      01/22/2020  00:17:30  PAGE 62


  -------         ENDMOD        ?C?SCDIV

  -------         MODULE        ?C?CLDPTR
  C:0060H         PUBLIC        ?C?CLDPTR
  -------         ENDMOD        ?C?CLDPTR

  -------         MODULE        ?C?CLDOPTR
  C:0079H         PUBLIC        ?C?CLDOPTR
  -------         ENDMOD        ?C?CLDOPTR

  -------         MODULE        ?C?CSTPTR
  C:00A6H         PUBLIC        ?C?CSTPTR
  -------         ENDMOD        ?C?CSTPTR

  -------         MODULE        ?C?CSTOPTR
  C:00B8H         PUBLIC        ?C?CSTOPTR
  -------         ENDMOD        ?C?CSTOPTR

  -------         MODULE        ?C?IMUL
  C:00DAH         PUBLIC        ?C?IMUL
  -------         ENDMOD        ?C?IMUL

  -------         MODULE        ?C?UIDIV
  C:00ECH         PUBLIC        ?C?UIDIV
  -------         ENDMOD        ?C?UIDIV

  -------         MODULE        ?C?IILDX
  C:0141H         PUBLIC        ?C?IILDX
  -------         ENDMOD        ?C?IILDX

  -------         MODULE        ?C?ILDIX
  C:0157H         PUBLIC        ?C?ILDIX
  -------         ENDMOD        ?C?ILDIX

  -------         MODULE        ?C?ILDPTR
  C:016DH         PUBLIC        ?C?ILDPTR
  -------         ENDMOD        ?C?ILDPTR

  -------         MODULE        ?C?IILDOPTR
  C:0198H         PUBLIC        ?C?IILDOPTR
  -------         ENDMOD        ?C?IILDOPTR

  -------         MODULE        ?C?ISTPTR
  C:01E5H         PUBLIC        ?C?ISTPTR
  -------         ENDMOD        ?C?ISTPTR

  -------         MODULE        ?C?ISTOPTR
  C:0204H         PUBLIC        ?C?ISTOPTR
  -------         ENDMOD        ?C?ISTOPTR

  -------         MODULE        ?C?LMUL
  C:0231H         PUBLIC        ?C?LMUL
  -------         ENDMOD        ?C?LMUL

  -------         MODULE        ?C?LNEG
  C:0280H         PUBLIC        ?C?LNEG
  -------         ENDMOD        ?C?LNEG
BL51 BANKED LINKER/LOCATER V6.22                                                      01/22/2020  00:17:30  PAGE 63



  -------         MODULE        ?C?ULCMP
  C:028EH         PUBLIC        ?C?ULCMP
  -------         ENDMOD        ?C?ULCMP

  -------         MODULE        ?C?LLDPTR
  C:029FH         PUBLIC        ?C?LLDPTR
  -------         ENDMOD        ?C?LLDPTR

  -------         MODULE        ?C?LLDOPTR
  C:02BFH         PUBLIC        ?C?LLDOPTR
  -------         ENDMOD        ?C?LLDOPTR

  -------         MODULE        ?C?LSTPTR
  C:02EFH         PUBLIC        ?C?LSTPTR
  -------         ENDMOD        ?C?LSTPTR

  -------         MODULE        ?C?LSTOPTR
  C:0309H         PUBLIC        ?C?LSTOPTR
  -------         ENDMOD        ?C?LSTOPTR

  -------         MODULE        ?C?LLDPTR0
  C:032DH         PUBLIC        ?C?LLDPTR0
  -------         ENDMOD        ?C?LLDPTR0

  -------         MODULE        ?C?LLDOPTR0
  C:034DH         PUBLIC        ?C?LLDOPTR0
  -------         ENDMOD        ?C?LLDOPTR0

  -------         MODULE        ?C?LSTXDATA
  C:037DH         PUBLIC        ?C?LSTXDATA
  -------         ENDMOD        ?C?LSTXDATA

  -------         MODULE        ?C?LSTKXDATA
  C:0389H         PUBLIC        ?C?LSTKXDATA
  -------         ENDMOD        ?C?LSTKXDATA

  -------         MODULE        ?C?LSTKPTR
  C:03BAH         PUBLIC        ?C?LSTKPTR
  -------         ENDMOD        ?C?LSTKPTR

  -------         MODULE        ?C?PLDPTR
  C:03D4H         PUBLIC        ?C?PLDPTR
  -------         ENDMOD        ?C?PLDPTR

  -------         MODULE        ?C?PILDPTR
  C:03F4H         PUBLIC        ?C?PILDPTR
  -------         ENDMOD        ?C?PILDPTR

  -------         MODULE        ?C?PSTPTR
  C:0416H         PUBLIC        ?C?PSTPTR
  -------         ENDMOD        ?C?PSTPTR

  -------         MODULE        ?C?PLDOPTR
  C:0465H         PUBLIC        ?C?PLDOPTR
  -------         ENDMOD        ?C?PLDOPTR

BL51 BANKED LINKER/LOCATER V6.22                                                      01/22/2020  00:17:30  PAGE 64


  -------         MODULE        ?C?PSTOPTR
  C:0495H         PUBLIC        ?C?PSTOPTR
  -------         ENDMOD        ?C?PSTOPTR

  -------         MODULE        ?C?ICALL
  C:04EEH         PUBLIC        ?C?ICALL
  C:04F2H         PUBLIC        ?C?ICALL2
  -------         ENDMOD        ?C?ICALL

  -------         MODULE        ?C?ADDXBP
  C:04F4H         PUBLIC        ?C?ADDXBP
  -------         ENDMOD        ?C?ADDXBP

  -------         MODULE        ?C?LLDIDATA
  C:0518H         PUBLIC        ?C?LLDIDATA
  -------         ENDMOD        ?C?LLDIDATA

  -------         MODULE        ?C?LLDXDATA
  C:0524H         PUBLIC        ?C?LLDXDATA
  -------         ENDMOD        ?C?LLDXDATA

  -------         MODULE        ?C?LLDPDATA
  C:0530H         PUBLIC        ?C?LLDPDATA
  -------         ENDMOD        ?C?LLDPDATA

  -------         MODULE        ?C?LLDCODE
  C:053CH         PUBLIC        ?C?LLDCODE
  -------         ENDMOD        ?C?LLDCODE

  -------         MODULE        ?C?LLDIDATA0
  C:054CH         PUBLIC        ?C?LLDIDATA0
  -------         ENDMOD        ?C?LLDIDATA0

  -------         MODULE        ?C?LLDXDATA0
  C:0559H         PUBLIC        ?C?LLDXDATA0
  -------         ENDMOD        ?C?LLDXDATA0

  -------         MODULE        ?C?LLDPDATA0
  C:0565H         PUBLIC        ?C?LLDPDATA0
  -------         ENDMOD        ?C?LLDPDATA0

  -------         MODULE        ?C?LLDCODE0
  C:0572H         PUBLIC        ?C?LLDCODE0
  -------         ENDMOD        ?C?LLDCODE0

  -------         MODULE        ?C?LSTIDATA
  C:0582H         PUBLIC        ?C?LSTIDATA
  -------         ENDMOD        ?C?LSTIDATA

  -------         MODULE        ?C?LSTPDATA
  C:058EH         PUBLIC        ?C?LSTPDATA
  -------         ENDMOD        ?C?LSTPDATA

  -------         MODULE        ?C?LSTKIDATA
  C:059AH         PUBLIC        ?C?LSTKIDATA
  -------         ENDMOD        ?C?LSTKIDATA

BL51 BANKED LINKER/LOCATER V6.22                                                      01/22/2020  00:17:30  PAGE 65


  -------         MODULE        ?C?LSTKPDATA
  C:05B3H         PUBLIC        ?C?LSTKPDATA
  -------         ENDMOD        ?C?LSTKPDATA

  -------         MODULE        ?C?PLDIDATA
  C:05CCH         PUBLIC        ?C?PLDIDATA
  -------         ENDMOD        ?C?PLDIDATA

  -------         MODULE        ?C?PILDIDATA
  C:05D5H         PUBLIC        ?C?PILDIDATA
  -------         ENDMOD        ?C?PILDIDATA

  -------         MODULE        ?C?PSTIDATA
  C:05E5H         PUBLIC        ?C?PSTIDATA
  -------         ENDMOD        ?C?PSTIDATA

  -------         MODULE        ?C?PLDXDATA
  C:05EEH         PUBLIC        ?C?PLDXDATA
  -------         ENDMOD        ?C?PLDXDATA

  -------         MODULE        ?C?PILDXDATA
  C:05F7H         PUBLIC        ?C?PILDXDATA
  -------         ENDMOD        ?C?PILDXDATA

  -------         MODULE        ?C?PSTXDATA
  C:060EH         PUBLIC        ?C?PSTXDATA
  -------         ENDMOD        ?C?PSTXDATA

  -------         MODULE        ?C?PLDPDATA
  C:0617H         PUBLIC        ?C?PLDPDATA
  -------         ENDMOD        ?C?PLDPDATA

  -------         MODULE        ?C?PILDPDATA
  C:0620H         PUBLIC        ?C?PILDPDATA
  -------         ENDMOD        ?C?PILDPDATA

  -------         MODULE        ?C?PSTPDATA
  C:0630H         PUBLIC        ?C?PSTPDATA
  -------         ENDMOD        ?C?PSTPDATA

  -------         MODULE        ?C?PLDCODE
  C:0639H         PUBLIC        ?C?PLDCODE
  -------         ENDMOD        ?C?PLDCODE

  -------         MODULE        ?C_XBP
  D:0008H         PUBLIC        ?C_XBP
  -------         ENDMOD        ?C_XBP

*** WARNING L13: RECURSIVE CALL TO SEGMENT
    SEGMENT: ?PR?_CALL_PROCESS?PROCESS
    CALLER:  ?PR?_EXIT_PROCESS?PROCESS

*** WARNING L16: UNCALLED SEGMENT, IGNORED FOR OVERLAY PROCESS
    SEGMENT: ?PR?_SPIN_SET_F0?SPIN_USERSTART

*** WARNING L16: UNCALLED SEGMENT, IGNORED FOR OVERLAY PROCESS
    SEGMENT: ?PR?SPIN_GET_CY?SPIN_USERSTART
BL51 BANKED LINKER/LOCATER V6.22                                                      01/22/2020  00:17:30  PAGE 66



*** WARNING L16: UNCALLED SEGMENT, IGNORED FOR OVERLAY PROCESS
    SEGMENT: ?PR?SPIN_GET_F0?SPIN_USERSTART

*** WARNING L16: UNCALLED SEGMENT, IGNORED FOR OVERLAY PROCESS
    SEGMENT: ?PR?SPIN_GET_RS1?SPIN_USERSTART

*** WARNING L16: UNCALLED SEGMENT, IGNORED FOR OVERLAY PROCESS
    SEGMENT: ?PR?SPIN_GET_RS0?SPIN_USERSTART

*** WARNING L16: UNCALLED SEGMENT, IGNORED FOR OVERLAY PROCESS
    SEGMENT: ?PR?SPIN_GET_OV?SPIN_USERSTART

*** WARNING L16: UNCALLED SEGMENT, IGNORED FOR OVERLAY PROCESS
    SEGMENT: ?PR?_SPIN_SET_SP?SPIN_USERSTART

*** WARNING L16: UNCALLED SEGMENT, IGNORED FOR OVERLAY PROCESS
    SEGMENT: ?PR?SPIN_GET_SP?SPIN_USERSTART

*** WARNING L16: UNCALLED SEGMENT, IGNORED FOR OVERLAY PROCESS
    SEGMENT: ?PR?SPIN_EXINT0_STOP?SPIN_EXINTERUPT

*** WARNING L16: UNCALLED SEGMENT, IGNORED FOR OVERLAY PROCESS
    SEGMENT: ?PR?SPIN_EXINT1_STOP?SPIN_EXINTERUPT

*** WARNING L16: UNCALLED SEGMENT, IGNORED FOR OVERLAY PROCESS
    SEGMENT: ?PR?_SPIN_SET_GPIO_VALUE?SPIN_GPIO

*** WARNING L16: UNCALLED SEGMENT, IGNORED FOR OVERLAY PROCESS
    SEGMENT: ?PR?_SPIN_GET_GPIO_BIT_VALUE?SPIN_GPIO

*** WARNING L16: UNCALLED SEGMENT, IGNORED FOR OVERLAY PROCESS
    SEGMENT: ?PR?SPIN_INTERUPT_DISABLE?SPIN_INTERUPT

*** WARNING L16: UNCALLED SEGMENT, IGNORED FOR OVERLAY PROCESS
    SEGMENT: ?PR?IDLE_MODE?SPIN_PWRMGR

*** WARNING L16: UNCALLED SEGMENT, IGNORED FOR OVERLAY PROCESS
    SEGMENT: ?PR?POWER_DOWN?SPIN_PWRMGR

*** WARNING L16: UNCALLED SEGMENT, IGNORED FOR OVERLAY PROCESS
    SEGMENT: ?PR?_SPIN_COUNTER_TIME?SPIN_TIMER

*** WARNING L16: UNCALLED SEGMENT, IGNORED FOR OVERLAY PROCESS
    SEGMENT: ?PR?DELAY2US?SPIN_TIMER

*** WARNING L16: UNCALLED SEGMENT, IGNORED FOR OVERLAY PROCESS
    SEGMENT: ?PR?DELAY3US?SPIN_TIMER

*** WARNING L16: UNCALLED SEGMENT, IGNORED FOR OVERLAY PROCESS
    SEGMENT: ?PR?DELAY1S?SPIN_TIMER

*** WARNING L16: UNCALLED SEGMENT, IGNORED FOR OVERLAY PROCESS
    SEGMENT: ?PR?SPIN_WATCHDOG_DISABLE?SPIN_WATCHDOG

*** WARNING L16: UNCALLED SEGMENT, IGNORED FOR OVERLAY PROCESS
    SEGMENT: ?PR?SPIN_WATCHDOG_IDLEWORK?SPIN_WATCHDOG
BL51 BANKED LINKER/LOCATER V6.22                                                      01/22/2020  00:17:30  PAGE 67



*** WARNING L16: UNCALLED SEGMENT, IGNORED FOR OVERLAY PROCESS
    SEGMENT: ?PR?_XPUTS?XPRINTF

*** WARNING L16: UNCALLED SEGMENT, IGNORED FOR OVERLAY PROCESS
    SEGMENT: ?PR?XGETC?XPRINTF

*** WARNING L16: UNCALLED SEGMENT, IGNORED FOR OVERLAY PROCESS
    SEGMENT: ?PR?_XGETS?XPRINTF

*** WARNING L16: UNCALLED SEGMENT, IGNORED FOR OVERLAY PROCESS
    SEGMENT: ?PR?_XATOI?XPRINTF

*** WARNING L16: UNCALLED SEGMENT, IGNORED FOR OVERLAY PROCESS
    SEGMENT: ?PR?_CLOCK_DELAY_USEC?CLOCK

*** WARNING L16: UNCALLED SEGMENT, IGNORED FOR OVERLAY PROCESS
    SEGMENT: ?PR?_CLOCK_WAIT?CLOCK

*** WARNING L16: UNCALLED SEGMENT, IGNORED FOR OVERLAY PROCESS
    SEGMENT: ?PR?_ETIMER_RESET_WITH_NEW_INTERVAL?ETIMER

*** WARNING L16: UNCALLED SEGMENT, IGNORED FOR OVERLAY PROCESS
    SEGMENT: ?PR?_ETIMER_ADJUST?ETIMER

*** WARNING L16: UNCALLED SEGMENT, IGNORED FOR OVERLAY PROCESS
    SEGMENT: ?PR?_ETIMER_EXPIRATION_TIME?ETIMER

*** WARNING L16: UNCALLED SEGMENT, IGNORED FOR OVERLAY PROCESS
    SEGMENT: ?PR?_ETIMER_START_TIME?ETIMER

*** WARNING L16: UNCALLED SEGMENT, IGNORED FOR OVERLAY PROCESS
    SEGMENT: ?PR?_PROCESS_EXIT?PROCESS

*** WARNING L16: UNCALLED SEGMENT, IGNORED FOR OVERLAY PROCESS
    SEGMENT: ?PR?PROCESS_NEVENTS?PROCESS

*** WARNING L16: UNCALLED SEGMENT, IGNORED FOR OVERLAY PROCESS
    SEGMENT: ?PR?_TIMER_REMAINING?TIMER

*** WARNING L16: UNCALLED SEGMENT, IGNORED FOR OVERLAY PROCESS
    SEGMENT: ?PR?_STIMER_SET?STIMER

*** WARNING L16: UNCALLED SEGMENT, IGNORED FOR OVERLAY PROCESS
    SEGMENT: ?PR?_STIMER_RESET?STIMER

*** WARNING L16: UNCALLED SEGMENT, IGNORED FOR OVERLAY PROCESS
    SEGMENT: ?PR?_STIMER_RESTART?STIMER

*** WARNING L16: UNCALLED SEGMENT, IGNORED FOR OVERLAY PROCESS
    SEGMENT: ?PR?_STIMER_EXPIRED?STIMER

*** WARNING L16: UNCALLED SEGMENT, IGNORED FOR OVERLAY PROCESS
    SEGMENT: ?PR?_STIMER_REMAINING?STIMER

*** WARNING L16: UNCALLED SEGMENT, IGNORED FOR OVERLAY PROCESS
    SEGMENT: ?PR?_STIMER_ELAPSED?STIMER
BL51 BANKED LINKER/LOCATER V6.22                                                      01/22/2020  00:17:30  PAGE 68



*** WARNING L16: UNCALLED SEGMENT, IGNORED FOR OVERLAY PROCESS
    SEGMENT: ?PR?_CTIMER_SET?CTIMER

*** WARNING L16: UNCALLED SEGMENT, IGNORED FOR OVERLAY PROCESS
    SEGMENT: ?PR?_CTIMER_RESET?CTIMER

*** WARNING L16: UNCALLED SEGMENT, IGNORED FOR OVERLAY PROCESS
    SEGMENT: ?PR?_CTIMER_RESTART?CTIMER

*** WARNING L16: UNCALLED SEGMENT, IGNORED FOR OVERLAY PROCESS
    SEGMENT: ?PR?_CTIMER_STOP?CTIMER

*** WARNING L16: UNCALLED SEGMENT, IGNORED FOR OVERLAY PROCESS
    SEGMENT: ?PR?_CTIMER_EXPIRED?CTIMER

*** WARNING L16: UNCALLED SEGMENT, IGNORED FOR OVERLAY PROCESS
    SEGMENT: ?PR?_RTIMER_SET?RTIMER

*** WARNING L16: UNCALLED SEGMENT, IGNORED FOR OVERLAY PROCESS
    SEGMENT: ?PR?_LIST_COPY?LIST

*** WARNING L16: UNCALLED SEGMENT, IGNORED FOR OVERLAY PROCESS
    SEGMENT: ?PR?_LIST_CHOP?LIST

*** WARNING L16: UNCALLED SEGMENT, IGNORED FOR OVERLAY PROCESS
    SEGMENT: ?PR?_LIST_POP?LIST

*** WARNING L16: UNCALLED SEGMENT, IGNORED FOR OVERLAY PROCESS
    SEGMENT: ?PR?_LIST_LENGTH?LIST

*** WARNING L16: UNCALLED SEGMENT, IGNORED FOR OVERLAY PROCESS
    SEGMENT: ?PR?_LIST_INSERT?LIST

*** WARNING L16: UNCALLED SEGMENT, IGNORED FOR OVERLAY PROCESS
    SEGMENT: ?PR?_LIST_ITEM_NEXT?LIST

*** WARNING L15: MULTIPLE CALL TO SEGMENT
    SEGMENT: ?PR?_PROCESS_POLL?PROCESS
    CALLER1: ?C_C51STARTUP
    CALLER2: ?PR?INTERSVR1?CLOCK

*** WARNING L15: MULTIPLE CALL TO SEGMENT
    SEGMENT: ?PR?_SPIN_TIMER_START?SPIN_TIMER
    CALLER1: ?C_C51STARTUP
    CALLER2: ?PR?RTIMER_ISR?RTIMER_ARCH

Program Size: data=31.0 xdata=709 code=11991
LINK/LOCATE RUN COMPLETE.  55 WARNING(S),  0 ERROR(S)
